---
source: symbolic-debuginfo/tests/test_objects.rs
expression: "FunctionsDebug(&functions[..10], 0)"
---
> 0x1000: _CRT_INIT (0x1d7)
  0x1000: mingw-w64/mingw-w64-crt/crt/crtdll.c:42 (D:/W/B/src)
  0x1013: mingw-w64/mingw-w64-crt/crt/crtdll.c:43 (D:/W/B/src)
  0x1024: mingw-w64/mingw-w64-crt/crt/crtdll.c:45 (D:/W/B/src)
  0x102a: mingw-w64/mingw-w64-crt/crt/crtdll.c:45 (D:/W/B/src)
  0x1032: mingw-w64/mingw-w64-crt/crt/crtdll.c:46 (D:/W/B/src)
  0x103a: mingw-w64/mingw-w64-crt/crt/crtdll.c:108 (D:/W/B/src)
  0x1043: mingw-w64/mingw-w64-crt/crt/crtdll.c:108 (D:/W/B/src)
  0x1047: mingw-w64/mingw-w64-crt/crt/crtdll.c:111 (D:/W/B/src)
  0x105f: mingw-w64/mingw-w64-crt/crt/crtdll.c:111 (D:/W/B/src)
  0x1064: mingw-w64/mingw-w64-crt/crt/crtdll.c:0 (D:/W/B/src)
  0x1070: mingw-w64/mingw-w64-crt/crt/crtdll.c:118 (D:/W/B/src)
  0x1078: mingw-w64/mingw-w64-crt/crt/crtdll.c:111 (D:/W/B/src)
  0x1083: mingw-w64/mingw-w64-crt/crt/crtdll.c:111 (D:/W/B/src)
  0x108a: mingw-w64/mingw-w64-crt/crt/crtdll.c:120 (D:/W/B/src)
  0x1093: mingw-w64/mingw-w64-crt/crt/crtdll.c:120 (D:/W/B/src)
  0x109c: mingw-w64/mingw-w64-crt/crt/crtdll.c:126 (D:/W/B/src)
  0x10a8: mingw-w64/mingw-w64-crt/crt/crtdll.c:127 (D:/W/B/src)
  0x10ae: mingw-w64/mingw-w64-crt/crt/crtdll.c:129 (D:/W/B/src)
  0x10b7: mingw-w64/mingw-w64-crt/crt/crtdll.c:0 (D:/W/B/src)
  0x10b9: mingw-w64/mingw-w64-crt/crt/crtdll.c:131 (D:/W/B/src)
  0x10c1: intrin-impl.h:0 (D:/M/msys64/clang64/include/psdk_inc)
  0x10c7: mingw-w64/mingw-w64-crt/crt/crtdll.c:53 (D:/W/B/src)
  0x10d0: mingw-w64/mingw-w64-crt/crt/crtdll.c:53 (D:/W/B/src)
  0x10d4: mingw-w64/mingw-w64-crt/crt/crtdll.c:57 (D:/W/B/src)
  0x10ec: mingw-w64/mingw-w64-crt/crt/crtdll.c:57 (D:/W/B/src)
  0x10f1: mingw-w64/mingw-w64-crt/crt/crtdll.c:0 (D:/W/B/src)
  0x1100: mingw-w64/mingw-w64-crt/crt/crtdll.c:65 (D:/W/B/src)
  0x1108: mingw-w64/mingw-w64-crt/crt/crtdll.c:57 (D:/W/B/src)
  0x1113: mingw-w64/mingw-w64-crt/crt/crtdll.c:57 (D:/W/B/src)
  0x111a: mingw-w64/mingw-w64-crt/crt/crtdll.c:67 (D:/W/B/src)
  0x1121: mingw-w64/mingw-w64-crt/crt/crtdll.c:67 (D:/W/B/src)
  0x112b: mingw-w64/mingw-w64-crt/crt/crtdll.c:73 (D:/W/B/src)
  0x1132: mingw-w64/mingw-w64-crt/crt/crtdll.c:75 (D:/W/B/src)
  0x1137: mingw-w64/mingw-w64-crt/crt/crtdll.c:79 (D:/W/B/src)
  0x1143: mingw-w64/mingw-w64-crt/crt/crtdll.c:80 (D:/W/B/src)
  0x1147: mingw-w64/mingw-w64-crt/crt/crtdll.c:82 (D:/W/B/src)
  0x115a: mingw-w64/mingw-w64-crt/crt/crtdll.c:83 (D:/W/B/src)
  0x115e: mingw-w64/mingw-w64-crt/crt/crtdll.c:0 (D:/W/B/src)
  0x1160: mingw-w64/mingw-w64-crt/crt/crtdll.c:91 (D:/W/B/src)
  0x116b: mingw-w64/mingw-w64-crt/crt/crtdll.c:0 (D:/W/B/src)
  0x116d: mingw-w64/mingw-w64-crt/crt/crtdll.c:93 (D:/W/B/src)
  0x1170: mingw-w64/mingw-w64-crt/crt/crtdll.c:95 (D:/W/B/src)
  0x1174: mingw-w64/mingw-w64-crt/crt/crtdll.c:99 (D:/W/B/src)
  0x117e: mingw-w64/mingw-w64-crt/crt/crtdll.c:99 (D:/W/B/src)
  0x1183: mingw-w64/mingw-w64-crt/crt/crtdll.c:101 (D:/W/B/src)
  0x118e: mingw-w64/mingw-w64-crt/crt/crtdll.c:103 (D:/W/B/src)
  0x1196: mingw-w64/mingw-w64-crt/crt/crtdll.c:0 (D:/W/B/src)
  0x1198: mingw-w64/mingw-w64-crt/crt/crtdll.c:135 (D:/W/B/src)
  0x119a: mingw-w64/mingw-w64-crt/crt/crtdll.c:135 (D:/W/B/src)
  0x11a9: mingw-w64/mingw-w64-crt/crt/crtdll.c:85 (D:/W/B/src)
  0x11bc: mingw-w64/mingw-w64-crt/crt/crtdll.c:86 (D:/W/B/src)
  0x11c1: mingw-w64/mingw-w64-crt/crt/crtdll.c:88 (D:/W/B/src)
  0x11cc: mingw-w64/mingw-w64-crt/crt/crtdll.c:0 (D:/W/B/src)

  > 0x103a: NtCurrentTeb (0x9)
    0x103a: winnt.h:10409 (D:/M/msys64/clang64/include)

    > 0x103a: __readgsqword (0x9)
      0x103a: intrin-impl.h:850 (D:/M/msys64/clang64/include/psdk_inc)

  > 0x1047: _InterlockedCompareExchangePointer (0x18)
    0x1047: intrin-impl.h:1760 (D:/M/msys64/clang64/include/psdk_inc)

  > 0x1078: _InterlockedCompareExchangePointer (0xb)
    0x1078: intrin-impl.h:1760 (D:/M/msys64/clang64/include/psdk_inc)

  > 0x10b9: _InterlockedExchangePointer (0x8)
    0x10b9: intrin-impl.h:1771 (D:/M/msys64/clang64/include/psdk_inc)

  > 0x10c7: NtCurrentTeb (0x9)
    0x10c7: winnt.h:10409 (D:/M/msys64/clang64/include)

    > 0x10c7: __readgsqword (0x9)
      0x10c7: intrin-impl.h:850 (D:/M/msys64/clang64/include/psdk_inc)

  > 0x10d4: _InterlockedCompareExchangePointer (0x18)
    0x10d4: intrin-impl.h:1760 (D:/M/msys64/clang64/include/psdk_inc)

  > 0x1108: _InterlockedCompareExchangePointer (0xb)
    0x1108: intrin-impl.h:1760 (D:/M/msys64/clang64/include/psdk_inc)

  > 0x116d: _InterlockedExchangePointer (0x3)
    0x116d: intrin-impl.h:1771 (D:/M/msys64/clang64/include/psdk_inc)

> 0x11e0: DllMainCRTStartup (0x16a)
  0x11e0: mingw-w64/mingw-w64-crt/crt/crtdll.c:147 (D:/W/B/src)
  0x11f1: mingw-w64/mingw-w64-crt/crt/crtdll.c:150 (D:/W/B/src)
  0x11f6: mingw-w64/mingw-w64-crt/crt/crtdll.c:151 (D:/W/B/src)
  0x1203: mingw-w64/mingw-w64-crt/crt/crtdll.c:153 (D:/W/B/src)
  0x1210: mingw-w64/mingw-w64-crt/crt/crtdll.c:162 (D:/W/B/src)
  0x121d: mingw-w64/mingw-w64-crt/crt/crtdll.c:163 (D:/W/B/src)
  0x121f: mingw-w64/mingw-w64-crt/crt/crtdll.c:163 (D:/W/B/src)
  0x1223: mingw-w64/mingw-w64-crt/crt/crtdll.c:153 (D:/W/B/src)
  0x122c: mingw-w64/mingw-w64-crt/crt/crtdll.c:154 (D:/W/B/src)
  0x122e: mingw-w64/mingw-w64-crt/crt/crtdll.c:154 (D:/W/B/src)
  0x1239: mingw-w64/mingw-w64-crt/crt/crtdll.c:0 (D:/W/B/src)
  0x123c: mingw-w64/mingw-w64-crt/crt/crtdll.c:170 (D:/W/B/src)
  0x1241: mingw-w64/mingw-w64-crt/crt/crtdll.c:160 (D:/W/B/src)
  0x1249: mingw-w64/mingw-w64-crt/crt/crtdll.c:166 (D:/W/B/src)
  0x1259: mingw-w64/mingw-w64-crt/crt/crtdll.c:167 (D:/W/B/src)
  0x125e: mingw-w64/mingw-w64-crt/crt/crtdll.c:167 (D:/W/B/src)
  0x1263: mingw-w64/mingw-w64-crt/crt/crtdll.c:172 (D:/W/B/src)
  0x1270: mingw-w64/mingw-w64-crt/crt/crtdll.c:174 (D:/W/B/src)
  0x1280: mingw-w64/mingw-w64-crt/crt/crtdll.c:0 (D:/W/B/src)
  0x1288: mingw-w64/mingw-w64-crt/crt/crtdll.c:169 (D:/W/B/src)
  0x1295: mingw-w64/mingw-w64-crt/crt/crtdll.c:170 (D:/W/B/src)
  0x1325: mingw-w64/mingw-w64-crt/crt/crtdll.c:177 (D:/W/B/src)
  0x1332: mingw-w64/mingw-w64-crt/crt/crtdll.c:178 (D:/W/B/src)
  0x1335: mingw-w64/mingw-w64-crt/crt/crtdll.c:178 (D:/W/B/src)
  0x133f: mingw-w64/mingw-w64-crt/crt/crtdll.c:170 (D:/W/B/src)

  > 0x123c: _CRT_INIT (0x5)
    0x123c: mingw-w64/mingw-w64-crt/crt/crtdll.c:129 (D:/W/B/src)

  > 0x1295: _CRT_INIT (0x90)
    0x1295: mingw-w64/mingw-w64-crt/crt/crtdll.c:45 (D:/W/B/src)
    0x129b: mingw-w64/mingw-w64-crt/crt/crtdll.c:45 (D:/W/B/src)
    0x12a3: mingw-w64/mingw-w64-crt/crt/crtdll.c:46 (D:/W/B/src)
    0x12ab: mingw-w64/mingw-w64-crt/crt/crtdll.c:108 (D:/W/B/src)
    0x12b4: mingw-w64/mingw-w64-crt/crt/crtdll.c:108 (D:/W/B/src)
    0x12b8: mingw-w64/mingw-w64-crt/crt/crtdll.c:111 (D:/W/B/src)
    0x12cf: mingw-w64/mingw-w64-crt/crt/crtdll.c:111 (D:/W/B/src)
    0x12d3: mingw-w64/mingw-w64-crt/crt/crtdll.c:0 (D:/W/B/src)
    0x12e0: mingw-w64/mingw-w64-crt/crt/crtdll.c:118 (D:/W/B/src)
    0x12e8: mingw-w64/mingw-w64-crt/crt/crtdll.c:111 (D:/W/B/src)
    0x12f2: mingw-w64/mingw-w64-crt/crt/crtdll.c:111 (D:/W/B/src)
    0x12f9: mingw-w64/mingw-w64-crt/crt/crtdll.c:120 (D:/W/B/src)
    0x1302: mingw-w64/mingw-w64-crt/crt/crtdll.c:120 (D:/W/B/src)
    0x1307: mingw-w64/mingw-w64-crt/crt/crtdll.c:126 (D:/W/B/src)
    0x1313: mingw-w64/mingw-w64-crt/crt/crtdll.c:127 (D:/W/B/src)
    0x131c: mingw-w64/mingw-w64-crt/crt/crtdll.c:129 (D:/W/B/src)
    0x1320: mingw-w64/mingw-w64-crt/crt/crtdll.c:131 (D:/W/B/src)

    > 0x12ab: NtCurrentTeb (0x9)
      0x12ab: winnt.h:10409 (D:/M/msys64/clang64/include)

      > 0x12ab: __readgsqword (0x9)
        0x12ab: intrin-impl.h:850 (D:/M/msys64/clang64/include/psdk_inc)

    > 0x12b8: _InterlockedCompareExchangePointer (0x17)
      0x12b8: intrin-impl.h:1760 (D:/M/msys64/clang64/include/psdk_inc)
      0x12c9: intrin-impl.h:0 (D:/M/msys64/clang64/include/psdk_inc)

    > 0x12e8: _InterlockedCompareExchangePointer (0xa)
      0x12e8: intrin-impl.h:1760 (D:/M/msys64/clang64/include/psdk_inc)

    > 0x1320: _InterlockedExchangePointer (0x5)
      0x1320: intrin-impl.h:1771 (D:/M/msys64/clang64/include/psdk_inc)

  > 0x133f: _CRT_INIT (0xb)
    0x133f: mingw-w64/mingw-w64-crt/crt/crtdll.c:122 (D:/W/B/src)

> 0x1350: atexit (0xf)
  0x1350: mingw-w64/mingw-w64-crt/crt/crtdll.c:182 (D:/W/B/src)
  0x1353: mingw-w64/mingw-w64-crt/crt/crtdll.c:185 (D:/W/B/src)

> 0x1360: _Z13lcNetInfoGlibv (0x60)
  0x1360: qtbase-everywhere-src-6.10.1/src/plugins/networkinformation/glib/qglibnetworkinformationbackend.cpp:17 (D:/W/B/src)
  0x1368: qtbase-everywhere-src-6.10.1/src/plugins/networkinformation/glib/qglibnetworkinformationbackend.cpp:17 (D:/W/B/src)
  0x137a: qtbase-everywhere-src-6.10.1/src/plugins/networkinformation/glib/qglibnetworkinformationbackend.cpp:17 (D:/W/B/src)
  0x13be: qtbase-everywhere-src-6.10.1/src/plugins/networkinformation/glib/qglibnetworkinformationbackend.cpp:0 (D:/W/B/src)

> 0x1950: qt_plugin_query_metadata_v2 (0x1a)
  0x1950: qglibnetworkinformationbackend.moc:169 (src/plugins/networkinformation/glib/QGlibNetworkInformationPlugin_autogen/include)
  0x1957: qglibnetworkinformationbackend.moc:169 (src/plugins/networkinformation/glib/QGlibNetworkInformationPlugin_autogen/include)
  0x1969: qglibnetworkinformationbackend.moc:169 (src/plugins/networkinformation/glib/QGlibNetworkInformationPlugin_autogen/include)

  > 0x1957: _ZNK17QPluginMetaDataV2IL_ZL57qt_pluginMetaDataV2_QGlibNetworkInformationBackendFactoryEEcv15QPluginMetaDataEv (0x12)
    0x1957: qtbase-everywhere-src-6.10.1/src/corelib/plugin/qplugin.h:190 (D:/W/B/src)

> 0x1970: qt_plugin_instance (0xd7)
  0x1970: qglibnetworkinformationbackend.moc:169 (src/plugins/networkinformation/glib/QGlibNetworkInformationPlugin_autogen/include)
  0x1988: qglibnetworkinformationbackend.moc:169 (src/plugins/networkinformation/glib/QGlibNetworkInformationPlugin_autogen/include)
  0x19a5: qglibnetworkinformationbackend.moc:169 (src/plugins/networkinformation/glib/QGlibNetworkInformationPlugin_autogen/include)
  0x19b2: qglibnetworkinformationbackend.moc:169 (src/plugins/networkinformation/glib/QGlibNetworkInformationPlugin_autogen/include)
  0x19c5: qglibnetworkinformationbackend.moc:169 (src/plugins/networkinformation/glib/QGlibNetworkInformationPlugin_autogen/include)
  0x19f2: qglibnetworkinformationbackend.moc:169 (src/plugins/networkinformation/glib/QGlibNetworkInformationPlugin_autogen/include)
  0x1a05: qtbase-everywhere-src-6.10.1/src/corelib/tools/qsharedpointer_impl.h:0 (D:/W/B/src)
  0x1a10: qglibnetworkinformationbackend.moc:169 (src/plugins/networkinformation/glib/QGlibNetworkInformationPlugin_autogen/include)
  0x1a42: qglibnetworkinformationbackend.moc:0 (src/plugins/networkinformation/glib/QGlibNetworkInformationPlugin_autogen/include)

  > 0x1988: _ZNK8QPointerI7QObjectEcvbEv (0x1d)
    0x1988: qtbase-everywhere-src-6.10.1/src/corelib/kernel/qpointer.h:87 (D:/W/B/src)

    > 0x1988: _ZNK8QPointerI7QObjectE6isNullEv (0x1d)
      0x1988: qtbase-everywhere-src-6.10.1/src/corelib/kernel/qpointer.h:86 (D:/W/B/src)

      > 0x1988: _ZNK12QWeakPointerI7QObjectE6isNullEv (0x1d)
        0x1988: qtbase-everywhere-src-6.10.1/src/corelib/tools/qsharedpointer_impl.h:615 (D:/W/B/src)
        0x198f: qtbase-everywhere-src-6.10.1/src/corelib/tools/qsharedpointer_impl.h:615 (D:/W/B/src)
        0x1992: qtbase-everywhere-src-6.10.1/src/corelib/tools/qsharedpointer_impl.h:615 (D:/W/B/src)
        0x1994: qtbase-everywhere-src-6.10.1/src/corelib/tools/qsharedpointer_impl.h:615 (D:/W/B/src)
        0x1997: qtbase-everywhere-src-6.10.1/src/corelib/tools/qsharedpointer_impl.h:615 (D:/W/B/src)
        0x1999: qtbase-everywhere-src-6.10.1/src/corelib/tools/qsharedpointer_impl.h:615 (D:/W/B/src)

        > 0x1994: _ZNK19QBasicAtomicIntegerIiE11loadRelaxedEv (0x3)
          0x1994: qtbase-everywhere-src-6.10.1/src/corelib/thread/qbasicatomic.h:37 (D:/W/B/src)

          > 0x1994: _ZN10QAtomicOpsIiE11loadRelaxedIiEET_RKNSt3__16atomicIS2_EE (0x3)
            0x1994: qtbase-everywhere-src-6.10.1/src/corelib/thread/qatomic_cxx11.h:203 (D:/W/B/src)

            > 0x1994: _ZNKSt3__113__atomic_baseIiLb0EE4loadB8fn210108ENS_12memory_orderE (0x3)
              0x1994: atomic.h:70 (D:/M/msys64/clang64/include/c++/v1/__atomic)

              > 0x1994: _ZNSt3__117__cxx_atomic_loadB8fn210108IiEET_PKNS_22__cxx_atomic_base_implIS1_EENS_12memory_orderE (0x3)
                0x1994: c11.h:81 (D:/M/msys64/clang64/include/c++/v1/__atomic/support)

  > 0x19b2: _ZN37QGlibNetworkInformationBackendFactoryC2Ev (0x13)
    0x19b2: qtbase-everywhere-src-6.10.1/src/plugins/networkinformation/glib/qglibnetworkinformationbackend.cpp:83 (D:/W/B/src)
    0x19bb: qtbase-everywhere-src-6.10.1/src/plugins/networkinformation/glib/qglibnetworkinformationbackend.cpp:83 (D:/W/B/src)

  > 0x19c5: _ZN8QPointerI7QObjectEaSEPS0_ (0x2d)
    0x19c5: qtbase-everywhere-src-6.10.1/src/corelib/kernel/qpointer.h:72 (D:/W/B/src)

    > 0x19c5: _ZN12QWeakPointerI7QObjectE6assignIS0_EERS1_PT_ (0x2d)
      0x19c5: qtbase-everywhere-src-6.10.1/src/corelib/tools/qsharedpointer_impl.h:771 (D:/W/B/src)
      0x19ce: qtbase-everywhere-src-6.10.1/src/corelib/tools/qsharedpointer_impl.h:771 (D:/W/B/src)

      > 0x19c5: _ZN12QWeakPointerI7QObjectEC2EPS0_b (0x9)
        0x19c5: qtbase-everywhere-src-6.10.1/src/corelib/tools/qsharedpointer_impl.h:776 (D:/W/B/src)

      > 0x19ce: _ZN12QWeakPointerI7QObjectEaSEOS1_ (0x24)
        0x19ce: qtbase-everywhere-src-6.10.1/src/corelib/tools/qsharedpointer_impl.h:633 (D:/W/B/src)
        0x19e3: qtbase-everywhere-src-6.10.1/src/corelib/tools/qsharedpointer_impl.h:633 (D:/W/B/src)

        > 0x19ce: _ZN12QWeakPointerI7QObjectE4swapERS1_ (0x15)
          0x19ce: qtbase-everywhere-src-6.10.1/src/corelib/tools/qsharedpointer_impl.h:669 (D:/W/B/src)
          0x19dc: qtbase-everywhere-src-6.10.1/src/corelib/tools/qsharedpointer_impl.h:670 (D:/W/B/src)

          > 0x19ce: _Z11qt_ptr_swapIN15QtSharedPointer20ExternalRefCountDataEEvRPT_S4_ (0xe)
            0x19ce: qtbase-everywhere-src-6.10.1/src/corelib/global/qswap.h:31 (D:/W/B/src)
            0x19d5: qtbase-everywhere-src-6.10.1/src/corelib/global/qswap.h:32 (D:/W/B/src)

          > 0x19dc: _Z11qt_ptr_swapI7QObjectEvRPT_S3_ (0x7)
            0x19dc: qtbase-everywhere-src-6.10.1/src/corelib/global/qswap.h:32 (D:/W/B/src)

        > 0x19e3: _ZN12QWeakPointerI7QObjectED2Ev (0xf)
          0x19e3: qtbase-everywhere-src-6.10.1/src/corelib/tools/qsharedpointer_impl.h:621 (D:/W/B/src)
          0x19e6: qtbase-everywhere-src-6.10.1/src/corelib/tools/qsharedpointer_impl.h:621 (D:/W/B/src)
          0x19e8: qtbase-everywhere-src-6.10.1/src/corelib/tools/qsharedpointer_impl.h:621 (D:/W/B/src)
          0x19eb: qtbase-everywhere-src-6.10.1/src/corelib/tools/qsharedpointer_impl.h:621 (D:/W/B/src)
          0x19ed: qtbase-everywhere-src-6.10.1/src/corelib/tools/qsharedpointer_impl.h:621 (D:/W/B/src)

          > 0x19e8: _ZN19QBasicAtomicIntegerIiE5derefEv (0x3)
            0x19e8: qtbase-everywhere-src-6.10.1/src/corelib/thread/qbasicatomic.h:49 (D:/W/B/src)

            > 0x19e8: _ZN10QAtomicOpsIiE5derefIiEEbRNSt3__16atomicIT_EE (0x3)
              0x19e8: qtbase-everywhere-src-6.10.1/src/corelib/thread/qatomic_cxx11.h:267 (D:/W/B/src)

              > 0x19e8: _ZNSt3__113__atomic_baseIiLb1EE9fetch_subB8fn210108EiNS_12memory_orderE (0x3)
                0x19e8: atomic.h:167 (D:/M/msys64/clang64/include/c++/v1/__atomic)

                > 0x19e8: _ZNSt3__122__cxx_atomic_fetch_subB8fn210108IiEET_PNS_22__cxx_atomic_base_implIS1_EES1_NS_12memory_orderE (0x3)
                  0x19e8: c11.h:207 (D:/M/msys64/clang64/include/c++/v1/__atomic/support)

          > 0x19ed: _ZN15QtSharedPointer20ExternalRefCountDatadlEPv (0x5)
            0x19ed: qtbase-everywhere-src-6.10.1/src/corelib/tools/qsharedpointer_impl.h:142 (D:/W/B/src)

  > 0x19f2: _ZNK8QPointerI7QObjectEcvPS0_Ev (0x13)
    0x19f2: qtbase-everywhere-src-6.10.1/src/corelib/kernel/qpointer.h:83 (D:/W/B/src)

    > 0x19f2: _ZNK8QPointerI7QObjectE4dataEv (0x13)
      0x19f2: qtbase-everywhere-src-6.10.1/src/corelib/kernel/qpointer.h:75 (D:/W/B/src)

      > 0x19f2: _ZNK12QWeakPointerI7QObjectE12internalDataEv (0x13)
        0x19f2: qtbase-everywhere-src-6.10.1/src/corelib/tools/qsharedpointer_impl.h:800 (D:/W/B/src)
        0x19f9: qtbase-everywhere-src-6.10.1/src/corelib/tools/qsharedpointer_impl.h:800 (D:/W/B/src)
        0x19fc: qtbase-everywhere-src-6.10.1/src/corelib/tools/qsharedpointer_impl.h:800 (D:/W/B/src)
        0x19fe: qtbase-everywhere-src-6.10.1/src/corelib/tools/qsharedpointer_impl.h:800 (D:/W/B/src)
        0x1a01: qtbase-everywhere-src-6.10.1/src/corelib/tools/qsharedpointer_impl.h:800 (D:/W/B/src)
        0x1a03: qtbase-everywhere-src-6.10.1/src/corelib/tools/qsharedpointer_impl.h:800 (D:/W/B/src)

        > 0x19fe: _ZNK19QBasicAtomicIntegerIiE11loadRelaxedEv (0x3)
          0x19fe: qtbase-everywhere-src-6.10.1/src/corelib/thread/qbasicatomic.h:37 (D:/W/B/src)

          > 0x19fe: _ZN10QAtomicOpsIiE11loadRelaxedIiEET_RKNSt3__16atomicIS2_EE (0x3)
            0x19fe: qtbase-everywhere-src-6.10.1/src/corelib/thread/qatomic_cxx11.h:203 (D:/W/B/src)

            > 0x19fe: _ZNKSt3__113__atomic_baseIiLb0EE4loadB8fn210108ENS_12memory_orderE (0x3)
              0x19fe: atomic.h:70 (D:/M/msys64/clang64/include/c++/v1/__atomic)

              > 0x19fe: _ZNSt3__117__cxx_atomic_loadB8fn210108IiEET_PKNS_22__cxx_atomic_base_implIS1_EENS_12memory_orderE (0x3)
                0x19fe: c11.h:81 (D:/M/msys64/clang64/include/c++/v1/__atomic/support)

> 0x13c0: __dtor__ZZ13lcNetInfoGlibvE8category (0x12)
  0x13c0: qtbase-everywhere-src-6.10.1/src/plugins/networkinformation/glib/qglibnetworkinformationbackend.cpp:0 (D:/W/B/src)

> 0x13e0: _ZN30QGlibNetworkInformationBackendC2Ev (0xef)
  0x13e0: qtbase-everywhere-src-6.10.1/src/plugins/networkinformation/glib/qglibnetworkinformationbackend.cpp:106 (D:/W/B/src)
  0x13f0: qtbase-everywhere-src-6.10.1/src/plugins/networkinformation/glib/qglibnetworkinformationbackend.cpp:104 (D:/W/B/src)
  0x1405: qtbase-everywhere-src-6.10.1/src/plugins/networkinformation/glib/qglibnetworkinformationbackend.cpp:106 (D:/W/B/src)
  0x140f: qtbase-everywhere-src-6.10.1/src/plugins/networkinformation/glib/qglibnetworkinformationbackend.cpp:105 (D:/W/B/src)
  0x1415: qtbase-everywhere-src-6.10.1/src/plugins/networkinformation/glib/qglibnetworkinformationbackend.cpp:105 (D:/W/B/src)
  0x1419: qtbase-everywhere-src-6.10.1/src/plugins/networkinformation/glib/qglibnetworkinformationbackend.cpp:72 (D:/W/B/src)
  0x1421: qtbase-everywhere-src-6.10.1/src/plugins/networkinformation/glib/qglibnetworkinformationbackend.cpp:74 (D:/W/B/src)
  0x1428: qtbase-everywhere-src-6.10.1/src/plugins/networkinformation/glib/qglibnetworkinformationbackend.cpp:107 (D:/W/B/src)
  0x1437: qtbase-everywhere-src-6.10.1/src/plugins/networkinformation/glib/qglibnetworkinformationbackend.cpp:108 (D:/W/B/src)
  0x1446: qtbase-everywhere-src-6.10.1/src/plugins/networkinformation/glib/qglibnetworkinformationbackend.cpp:110 (D:/W/B/src)
  0x1472: qtbase-everywhere-src-6.10.1/src/plugins/networkinformation/glib/qglibnetworkinformationbackend.cpp:110 (D:/W/B/src)
  0x1475: qtbase-everywhere-src-6.10.1/src/plugins/networkinformation/glib/qglibnetworkinformationbackend.cpp:114 (D:/W/B/src)
  0x149a: qtbase-everywhere-src-6.10.1/src/plugins/networkinformation/glib/qglibnetworkinformationbackend.cpp:114 (D:/W/B/src)
  0x149d: qtbase-everywhere-src-6.10.1/src/plugins/networkinformation/glib/qglibnetworkinformationbackend.cpp:117 (D:/W/B/src)
  0x14c2: qtbase-everywhere-src-6.10.1/src/plugins/networkinformation/glib/qglibnetworkinformationbackend.cpp:117 (D:/W/B/src)
  0x14c5: qtbase-everywhere-src-6.10.1/src/plugins/networkinformation/glib/qglibnetworkinformationbackend.cpp:119 (D:/W/B/src)

  > 0x13f0: _ZN26QNetworkInformationBackendC2Ev (0x15)
    0x13f0: qtbase-everywhere-src-6.10.1/src/network/kernel/qnetworkinformation_p.h:47 (D:/W/B/src)
    0x13f8: qtbase-everywhere-src-6.10.1/src/network/kernel/qnetworkinformation_p.h:126 (D:/W/B/src)

> 0x14d0: _ZN30QGlibNetworkInformationBackend18updateConnectivityEPS_ (0x131)
  0x14d0: qtbase-everywhere-src-6.10.1/src/plugins/networkinformation/glib/qglibnetworkinformationbackend.cpp:134 (D:/W/B/src)
  0x14f9: qtbase-everywhere-src-6.10.1/src/plugins/networkinformation/glib/qglibnetworkinformationbackend.cpp:135 (D:/W/B/src)
  0x14fd: qtbase-everywhere-src-6.10.1/src/plugins/networkinformation/glib/qglibnetworkinformationbackend.cpp:135 (D:/W/B/src)
  0x1505: qtbase-everywhere-src-6.10.1/src/plugins/networkinformation/glib/qglibnetworkinformationbackend.cpp:137 (D:/W/B/src)
  0x151b: qtbase-everywhere-src-6.10.1/src/plugins/networkinformation/glib/qglibnetworkinformationbackend.cpp:0 (D:/W/B/src)
  0x1525: qtbase-everywhere-src-6.10.1/src/plugins/networkinformation/glib/qglibnetworkinformationbackend.cpp:137 (D:/W/B/src)
  0x1580: qtbase-everywhere-src-6.10.1/src/plugins/networkinformation/glib/qglibnetworkinformationbackend.cpp:136 (D:/W/B/src)
  0x1587: qtbase-everywhere-src-6.10.1/src/plugins/networkinformation/glib/qglibnetworkinformationbackend.cpp:138 (D:/W/B/src)
  0x15a5: qtbase-everywhere-src-6.10.1/src/plugins/networkinformation/glib/qglibnetworkinformationbackend.cpp:136 (D:/W/B/src)
  0x15ac: qtbase-everywhere-src-6.10.1/src/plugins/networkinformation/glib/qglibnetworkinformationbackend.cpp:138 (D:/W/B/src)
  0x15da: qtbase-everywhere-src-6.10.1/src/corelib/thread/qreadwritelock.h:0 (D:/W/B/src)
  0x15ea: qtbase-everywhere-src-6.10.1/src/plugins/networkinformation/glib/qglibnetworkinformationbackend.cpp:139 (D:/W/B/src)
  0x15fb: qtbase-everywhere-src-6.10.1/src/plugins/networkinformation/glib/qglibnetworkinformationbackend.cpp:0 (D:/W/B/src)

  > 0x1505: _ZN12_GLOBAL__N_136reachabilityFromGNetworkConnectivityE20GNetworkConnectivity (0x16)
    0x1505: qtbase-everywhere-src-6.10.1/src/plugins/networkinformation/glib/qglibnetworkinformationbackend.cpp:22 (D:/W/B/src)

  > 0x1525: _ZN26QNetworkInformationBackend15setReachabilityEN19QNetworkInformation12ReachabilityE (0x5b)
    0x1525: qtbase-everywhere-src-6.10.1/src/network/kernel/qnetworkinformation_p.h:86 (D:/W/B/src)
    0x1529: qtbase-everywhere-src-6.10.1/src/network/kernel/qnetworkinformation_p.h:86 (D:/W/B/src)
    0x1552: qtbase-everywhere-src-6.10.1/src/network/kernel/qnetworkinformation_p.h:87 (D:/W/B/src)
    0x1557: qtbase-everywhere-src-6.10.1/src/network/kernel/qnetworkinformation_p.h:88 (D:/W/B/src)
    0x155a: qtbase-everywhere-src-6.10.1/src/network/kernel/qnetworkinformation_p.h:89 (D:/W/B/src)
    0x1563: qtbase-everywhere-src-6.10.1/src/network/kernel/qnetworkinformation_p.h:90 (D:/W/B/src)
    0x156e: qtbase-everywhere-src-6.10.1/src/network/kernel/qnetworkinformation_p.h:0 (D:/W/B/src)
    0x1574: qtbase-everywhere-src-6.10.1/src/network/kernel/qnetworkinformation_p.h:92 (D:/W/B/src)

    > 0x1529: _ZN12QWriteLockerC2EP14QReadWriteLock (0x29)
      0x1529: qtbase-everywhere-src-6.10.1/src/corelib/thread/qreadwritelock.h:181 (D:/W/B/src)

      > 0x1529: _ZN12QWriteLocker6relockEv (0x29)
        0x1529: qtbase-everywhere-src-6.10.1/src/corelib/thread/qreadwritelock.h:161 (D:/W/B/src)
        0x154b: qtbase-everywhere-src-6.10.1/src/corelib/thread/qreadwritelock.h:162 (D:/W/B/src)
        0x154f: qtbase-everywhere-src-6.10.1/src/corelib/thread/qreadwritelock.h:0 (D:/W/B/src)

        > 0x1529: _ZN14QReadWriteLock12lockForWriteEv (0x22)
          0x1529: qtbase-everywhere-src-6.10.1/src/corelib/thread/qreadwritelock.h:79 (D:/W/B/src)
          0x1542: qtbase-everywhere-src-6.10.1/src/corelib/thread/qreadwritelock.h:79 (D:/W/B/src)

          > 0x1529: _ZN14QDeadlineTimerC2ENS_15ForeverConstantEN2Qt9TimerTypeE (0x19)
            0x1529: qtbase-everywhere-src-6.10.1/src/corelib/kernel/qdeadlinetimer.h:31 (D:/W/B/src)
            0x1538: qtbase-everywhere-src-6.10.1/src/corelib/kernel/qdeadlinetimer.h:141 (D:/W/B/src)

    > 0x155a: _ZN12QWriteLocker6unlockEv (0x9)
      0x155a: qtbase-everywhere-src-6.10.1/src/corelib/thread/qreadwritelock.h:152 (D:/W/B/src)

    > 0x1574: _ZN12QWriteLockerD2Ev (0xc)
      0x1574: qtbase-everywhere-src-6.10.1/src/corelib/thread/qreadwritelock.h:145 (D:/W/B/src)

      > 0x1574: _ZN12QWriteLocker6unlockEv (0xc)
        0x1574: qtbase-everywhere-src-6.10.1/src/corelib/thread/qreadwritelock.h:149 (D:/W/B/src)
        0x1576: qtbase-everywhere-src-6.10.1/src/corelib/thread/qreadwritelock.h:151 (D:/W/B/src)
        0x157a: qtbase-everywhere-src-6.10.1/src/corelib/thread/qreadwritelock.h:152 (D:/W/B/src)

  > 0x1587: _ZN26QNetworkInformationBackend22setBehindCaptivePortalEb (0x1e)
    0x1587: qtbase-everywhere-src-6.10.1/src/network/kernel/qnetworkinformation_p.h:96 (D:/W/B/src)
    0x159f: qtbase-everywhere-src-6.10.1/src/network/kernel/qnetworkinformation_p.h:97 (D:/W/B/src)

    > 0x1587: _ZN12QWriteLockerC2EP14QReadWriteLock (0x18)
      0x1587: qtbase-everywhere-src-6.10.1/src/corelib/thread/qreadwritelock.h:181 (D:/W/B/src)

      > 0x1587: _ZN12QWriteLocker6relockEv (0x18)
        0x1587: qtbase-everywhere-src-6.10.1/src/corelib/thread/qreadwritelock.h:161 (D:/W/B/src)

        > 0x1587: _ZN14QReadWriteLock12lockForWriteEv (0x18)
          0x1587: qtbase-everywhere-src-6.10.1/src/corelib/thread/qreadwritelock.h:79 (D:/W/B/src)
          0x1596: qtbase-everywhere-src-6.10.1/src/corelib/thread/qreadwritelock.h:79 (D:/W/B/src)

          > 0x1587: _ZN14QDeadlineTimerC2ENS_15ForeverConstantEN2Qt9TimerTypeE (0xf)
            0x1587: qtbase-everywhere-src-6.10.1/src/corelib/kernel/qdeadlinetimer.h:31 (D:/W/B/src)
            0x158c: qtbase-everywhere-src-6.10.1/src/corelib/kernel/qdeadlinetimer.h:141 (D:/W/B/src)

  > 0x15ac: _ZN26QNetworkInformationBackend22setBehindCaptivePortalEb (0x2e)
    0x15ac: qtbase-everywhere-src-6.10.1/src/network/kernel/qnetworkinformation_p.h:98 (D:/W/B/src)
    0x15b0: qtbase-everywhere-src-6.10.1/src/network/kernel/qnetworkinformation_p.h:99 (D:/W/B/src)
    0x15b9: qtbase-everywhere-src-6.10.1/src/network/kernel/qnetworkinformation_p.h:100 (D:/W/B/src)
    0x15c4: qtbase-everywhere-src-6.10.1/src/network/kernel/qnetworkinformation_p.h:0 (D:/W/B/src)
    0x15cb: qtbase-everywhere-src-6.10.1/src/network/kernel/qnetworkinformation_p.h:102 (D:/W/B/src)

    > 0x15b0: _ZN12QWriteLocker6unlockEv (0x9)
      0x15b0: qtbase-everywhere-src-6.10.1/src/corelib/thread/qreadwritelock.h:152 (D:/W/B/src)

    > 0x15cb: _ZN12QWriteLockerD2Ev (0xf)
      0x15cb: qtbase-everywhere-src-6.10.1/src/corelib/thread/qreadwritelock.h:145 (D:/W/B/src)

      > 0x15cb: _ZN12QWriteLocker6unlockEv (0xf)
        0x15cb: qtbase-everywhere-src-6.10.1/src/corelib/thread/qreadwritelock.h:149 (D:/W/B/src)
        0x15cd: qtbase-everywhere-src-6.10.1/src/corelib/thread/qreadwritelock.h:151 (D:/W/B/src)
        0x15d1: qtbase-everywhere-src-6.10.1/src/corelib/thread/qreadwritelock.h:152 (D:/W/B/src)

> 0x1610: _ZN30QGlibNetworkInformationBackend13updateMeteredEPS_ (0xcb)
  0x1610: qtbase-everywhere-src-6.10.1/src/plugins/networkinformation/glib/qglibnetworkinformationbackend.cpp:142 (D:/W/B/src)
  0x1633: qtbase-everywhere-src-6.10.1/src/plugins/networkinformation/glib/qglibnetworkinformationbackend.cpp:143 (D:/W/B/src)
  0x1637: qtbase-everywhere-src-6.10.1/src/plugins/networkinformation/glib/qglibnetworkinformationbackend.cpp:143 (D:/W/B/src)
  0x1645: qtbase-everywhere-src-6.10.1/src/plugins/networkinformation/glib/qglibnetworkinformationbackend.cpp:143 (D:/W/B/src)
  0x1687: qtbase-everywhere-src-6.10.1/src/plugins/networkinformation/glib/qglibnetworkinformationbackend.cpp:143 (D:/W/B/src)
  0x168c: qtbase-everywhere-src-6.10.1/src/plugins/networkinformation/glib/qglibnetworkinformationbackend.cpp:143 (D:/W/B/src)
  0x16ba: qtbase-everywhere-src-6.10.1/src/corelib/thread/qreadwritelock.h:0 (D:/W/B/src)
  0x16ca: qtbase-everywhere-src-6.10.1/src/plugins/networkinformation/glib/qglibnetworkinformationbackend.cpp:144 (D:/W/B/src)
  0x16d5: qtbase-everywhere-src-6.10.1/src/plugins/networkinformation/glib/qglibnetworkinformationbackend.cpp:0 (D:/W/B/src)

  > 0x1645: _ZN26QNetworkInformationBackend10setMeteredEb (0x42)
    0x1645: qtbase-everywhere-src-6.10.1/src/network/kernel/qnetworkinformation_p.h:116 (D:/W/B/src)
    0x1649: qtbase-everywhere-src-6.10.1/src/network/kernel/qnetworkinformation_p.h:0 (D:/W/B/src)
    0x1653: qtbase-everywhere-src-6.10.1/src/network/kernel/qnetworkinformation_p.h:116 (D:/W/B/src)
    0x1675: qtbase-everywhere-src-6.10.1/src/network/kernel/qnetworkinformation_p.h:117 (D:/W/B/src)
    0x167b: qtbase-everywhere-src-6.10.1/src/network/kernel/qnetworkinformation_p.h:0 (D:/W/B/src)
    0x1683: qtbase-everywhere-src-6.10.1/src/network/kernel/qnetworkinformation_p.h:122 (D:/W/B/src)

    > 0x1653: _ZN12QWriteLockerC2EP14QReadWriteLock (0x22)
      0x1653: qtbase-everywhere-src-6.10.1/src/corelib/thread/qreadwritelock.h:181 (D:/W/B/src)

      > 0x1653: _ZN12QWriteLocker6relockEv (0x22)
        0x1653: qtbase-everywhere-src-6.10.1/src/corelib/thread/qreadwritelock.h:161 (D:/W/B/src)

        > 0x1653: _ZN14QReadWriteLock12lockForWriteEv (0x22)
          0x1653: qtbase-everywhere-src-6.10.1/src/corelib/thread/qreadwritelock.h:79 (D:/W/B/src)
          0x166c: qtbase-everywhere-src-6.10.1/src/corelib/thread/qreadwritelock.h:79 (D:/W/B/src)

          > 0x1653: _ZN14QDeadlineTimerC2ENS_15ForeverConstantEN2Qt9TimerTypeE (0x19)
            0x1653: qtbase-everywhere-src-6.10.1/src/corelib/kernel/qdeadlinetimer.h:31 (D:/W/B/src)
            0x1662: qtbase-everywhere-src-6.10.1/src/corelib/kernel/qdeadlinetimer.h:141 (D:/W/B/src)

    > 0x1683: _ZN12QWriteLockerD2Ev (0x4)
      0x1683: qtbase-everywhere-src-6.10.1/src/corelib/thread/qreadwritelock.h:145 (D:/W/B/src)

      > 0x1683: _ZN12QWriteLocker6unlockEv (0x4)
        0x1683: qtbase-everywhere-src-6.10.1/src/corelib/thread/qreadwritelock.h:149 (D:/W/B/src)

  > 0x168c: _ZN26QNetworkInformationBackend10setMeteredEb (0x2e)
    0x168c: qtbase-everywhere-src-6.10.1/src/network/kernel/qnetworkinformation_p.h:118 (D:/W/B/src)
    0x1690: qtbase-everywhere-src-6.10.1/src/network/kernel/qnetworkinformation_p.h:119 (D:/W/B/src)
    0x1699: qtbase-everywhere-src-6.10.1/src/network/kernel/qnetworkinformation_p.h:120 (D:/W/B/src)
    0x16a4: qtbase-everywhere-src-6.10.1/src/network/kernel/qnetworkinformation_p.h:0 (D:/W/B/src)
    0x16ab: qtbase-everywhere-src-6.10.1/src/network/kernel/qnetworkinformation_p.h:122 (D:/W/B/src)

    > 0x1690: _ZN12QWriteLocker6unlockEv (0x9)
      0x1690: qtbase-everywhere-src-6.10.1/src/corelib/thread/qreadwritelock.h:152 (D:/W/B/src)

    > 0x16ab: _ZN12QWriteLockerD2Ev (0xf)
      0x16ab: qtbase-everywhere-src-6.10.1/src/corelib/thread/qreadwritelock.h:145 (D:/W/B/src)

      > 0x16ab: _ZN12QWriteLocker6unlockEv (0xf)
        0x16ab: qtbase-everywhere-src-6.10.1/src/corelib/thread/qreadwritelock.h:149 (D:/W/B/src)
        0x16ad: qtbase-everywhere-src-6.10.1/src/corelib/thread/qreadwritelock.h:151 (D:/W/B/src)
        0x16b1: qtbase-everywhere-src-6.10.1/src/corelib/thread/qreadwritelock.h:152 (D:/W/B/src)
