---
source: symbolic-debuginfo/tests/test_objects.rs
assertion_line: 247
expression: "FunctionsDebug(&functions[..10], 0)"
---

> 0x1ec0: _ZN12_GLOBAL__N_18callbackERKN15google_breakpad18MinidumpDescriptorEPvb (0x3b)
  0x1ec0: main.cpp:9 (../linux)
  0x1ec2: main.cpp:8 (../linux)
  0x1ec3: main.cpp:8 (../linux)
  0x1ec5: main.cpp:9 (../linux)
  0x1ec7: main.cpp:15 (../linux)
  0x1eda: main.cpp:19 (../linux)
  0x1ee0: main.cpp:10 (../linux)
  0x1ef7: main.cpp:19 (../linux)

  > 0x1ec7: printf (0x13)
    0x1ec7: stdio2.h:104 (/usr/include/x86_64-linux-gnu/bits)

  > 0x1ee0: printf (0x17)
    0x1ee0: stdio2.h:104 (/usr/include/x86_64-linux-gnu/bits)

> 0x1f00: _ZN15google_breakpad18MinidumpDescriptorD1Ev (0x32)
  0x1f00: minidump_descriptor.h:48 (../deps/breakpad/src/client/linux/handler)
  0x1f01: minidump_descriptor.h:48 (../deps/breakpad/src/client/linux/handler)
  0x1f08: minidump_descriptor.h:48 (../deps/breakpad/src/client/linux/handler)
  0x1f1a: minidump_descriptor.h:48 (../deps/breakpad/src/client/linux/handler)
  0x1f23: minidump_descriptor.h:48 (../deps/breakpad/src/client/linux/handler)
  0x1f24: minidump_descriptor.h:48 (../deps/breakpad/src/client/linux/handler)
  0x1f30: minidump_descriptor.h:48 (../deps/breakpad/src/client/linux/handler)

  > 0x1f08: _ZNSt7__cxx1112basic_stringIcSt11char_traitsIcESaIcEED4Ev (0x12)
    0x1f08: basic_string.h:543 (/usr/include/c++/5/bits)

    > 0x1f08: _ZNSt7__cxx1112basic_stringIcSt11char_traitsIcESaIcEE10_M_disposeEv (0x12)
      0x1f08: basic_string.h:179 (/usr/include/c++/5/bits)
      0x1f0c: basic_string.h:179 (/usr/include/c++/5/bits)
      0x1f11: basic_string.h:180 (/usr/include/c++/5/bits)

      > 0x1f08: _ZNKSt7__cxx1112basic_stringIcSt11char_traitsIcESaIcEE11_M_is_localEv (0x4)
        0x1f08: basic_string.h:170 (/usr/include/c++/5/bits)

        > 0x1f08: _ZNKSt7__cxx1112basic_stringIcSt11char_traitsIcESaIcEE13_M_local_dataEv (0x4)
          0x1f08: basic_string.h:151 (/usr/include/c++/5/bits)

      > 0x1f11: _ZNSt7__cxx1112basic_stringIcSt11char_traitsIcESaIcEE10_M_destroyEm (0x9)
        0x1f11: basic_string.h:185 (/usr/include/c++/5/bits)

        > 0x1f11: _ZNSt16allocator_traitsISaIcEE10deallocateERS0_Pcm (0x9)
          0x1f11: alloc_traits.h:517 (/usr/include/c++/5/bits)

          > 0x1f11: _ZN9__gnu_cxx13new_allocatorIcE10deallocateEPcm (0x9)
            0x1f11: new_allocator.h:110 (/usr/include/c++/5/ext)

  > 0x1f1a: _ZNSt7__cxx1112basic_stringIcSt11char_traitsIcESaIcEED4Ev (0x9)
    0x1f1a: basic_string.h:543 (/usr/include/c++/5/bits)

    > 0x1f1a: _ZNSt7__cxx1112basic_stringIcSt11char_traitsIcESaIcEE10_M_disposeEv (0x9)
      0x1f1a: basic_string.h:179 (/usr/include/c++/5/bits)
      0x1f1e: basic_string.h:179 (/usr/include/c++/5/bits)

      > 0x1f1a: _ZNKSt7__cxx1112basic_stringIcSt11char_traitsIcESaIcEE11_M_is_localEv (0x4)
        0x1f1a: basic_string.h:170 (/usr/include/c++/5/bits)

        > 0x1f1a: _ZNKSt7__cxx1112basic_stringIcSt11char_traitsIcESaIcEE13_M_local_dataEv (0x4)
          0x1f1a: basic_string.h:151 (/usr/include/c++/5/bits)

  > 0x1f24: _ZNSt7__cxx1112basic_stringIcSt11char_traitsIcESaIcEED4Ev (0xc)
    0x1f24: basic_string.h:543 (/usr/include/c++/5/bits)

    > 0x1f24: _ZNSt7__cxx1112basic_stringIcSt11char_traitsIcESaIcEE10_M_disposeEv (0xc)
      0x1f24: basic_string.h:180 (/usr/include/c++/5/bits)

      > 0x1f24: _ZNSt7__cxx1112basic_stringIcSt11char_traitsIcESaIcEE10_M_destroyEm (0xc)
        0x1f24: basic_string.h:185 (/usr/include/c++/5/bits)

        > 0x1f24: _ZNSt16allocator_traitsISaIcEE10deallocateERS0_Pcm (0xc)
          0x1f24: alloc_traits.h:517 (/usr/include/c++/5/bits)

          > 0x1f24: _ZN9__gnu_cxx13new_allocatorIcE10deallocateEPcm (0xc)
            0x1f24: new_allocator.h:110 (/usr/include/c++/5/ext)

> 0x1c70: main (0x14c)
  0x1c70: main.cpp:32 (../linux)
  0x1c71: main.cpp:34 (../linux)
  0x1c83: main.cpp:32 (../linux)
  0x1c89: main.cpp:33 (../linux)
  0x1c90: main.cpp:32 (../linux)
  0x1c97: main.cpp:33 (../linux)
  0x1cab: main.cpp:32 (../linux)
  0x1cba: main.cpp:33 (../linux)
  0x1cbe: main.cpp:34 (../linux)
  0x1cc3: main.cpp:33 (../linux)
  0x1d00: main.cpp:34 (../linux)
  0x1d07: main.cpp:33 (../linux)
  0x1d28: main.cpp:34 (../linux)
  0x1d2b: main.cpp:33 (../linux)
  0x1d4f: main.cpp:34 (../linux)
  0x1d52: main.cpp:33 (../linux)
  0x1d68: main.cpp:34 (../linux)
  0x1d72: main.cpp:35 (../linux)
  0x1d7d: main.cpp:34 (../linux)
  0x1d82: main.cpp:33 (../linux)
  0x1d8a: main.cpp:37 (../linux)
  0x1dac: main.cpp:33 (../linux)

  > 0x1c89: _ZN15google_breakpad18MinidumpDescriptorC4ERKNSt7__cxx1112basic_stringIcSt11char_traitsIcESaIcEEE (0x7)
    0x1c89: minidump_descriptor.h:68 (../deps/breakpad/src/client/linux/handler)

    > 0x1c89: _ZNSt7__cxx1112basic_stringIcSt11char_traitsIcESaIcEEC4ERKS4_ (0x7)
      0x1c89: basic_string.h:399 (/usr/include/c++/5/bits)

      > 0x1c89: _ZNSt7__cxx1112basic_stringIcSt11char_traitsIcESaIcEE12_Alloc_hiderC4EPcRKS3_ (0x7)
        0x1c89: basic_string.h:109 (/usr/include/c++/5/bits)

  > 0x1c97: _ZN15google_breakpad18MinidumpDescriptorC4ERKNSt7__cxx1112basic_stringIcSt11char_traitsIcESaIcEEE (0x14)
    0x1c97: minidump_descriptor.h:68 (../deps/breakpad/src/client/linux/handler)

  > 0x1cba: _ZN15google_breakpad18MinidumpDescriptorC4ERKNSt7__cxx1112basic_stringIcSt11char_traitsIcESaIcEEE (0x4)
    0x1cba: minidump_descriptor.h:68 (../deps/breakpad/src/client/linux/handler)

    > 0x1cba: _ZNSt7__cxx1112basic_stringIcSt11char_traitsIcESaIcEEC4ERKS4_ (0x4)
      0x1cba: basic_string.h:399 (/usr/include/c++/5/bits)

      > 0x1cba: _ZNSt7__cxx1112basic_stringIcSt11char_traitsIcESaIcEE12_Alloc_hiderC4EPcRKS3_ (0x4)
        0x1cba: basic_string.h:109 (/usr/include/c++/5/bits)

  > 0x1cc3: _ZN15google_breakpad18MinidumpDescriptorC4ERKNSt7__cxx1112basic_stringIcSt11char_traitsIcESaIcEEE (0x3d)
    0x1cc3: minidump_descriptor.h:68 (../deps/breakpad/src/client/linux/handler)
    0x1cdc: minidump_descriptor.h:68 (../deps/breakpad/src/client/linux/handler)
    0x1ce0: minidump_descriptor.h:68 (../deps/breakpad/src/client/linux/handler)
    0x1ce7: minidump_descriptor.h:68 (../deps/breakpad/src/client/linux/handler)

    > 0x1cc3: _ZNSt7__cxx1112basic_stringIcSt11char_traitsIcESaIcEEC4ERKS4_ (0x19)
      0x1cc3: basic_string.h:400 (/usr/include/c++/5/bits)
      0x1cd5: basic_string.h:399 (/usr/include/c++/5/bits)

      > 0x1cc3: _ZNSt7__cxx1112basic_stringIcSt11char_traitsIcESaIcEE12_M_constructIPcEEvT_S7_ (0x12)
        0x1cc3: basic_string.h:214 (/usr/include/c++/5/bits)

        > 0x1cc3: _ZNSt7__cxx1112basic_stringIcSt11char_traitsIcESaIcEE16_M_construct_auxIPcEEvT_S7_St12__false_type (0x12)
          0x1cc3: basic_string.h:195 (/usr/include/c++/5/bits)

          > 0x1cc3: _ZNSt7__cxx1112basic_stringIcSt11char_traitsIcESaIcEE12_M_constructIPKcEEvT_S8_St20forward_iterator_tag (0x12)
            0x1cc3: basic_string.tcc:229 (/usr/include/c++/5/bits)
            0x1cca: basic_string.tcc:236 (/usr/include/c++/5/bits)

            > 0x1cc3: _ZNSt7__cxx1112basic_stringIcSt11char_traitsIcESaIcEE13_S_copy_charsEPcPKcS7_ (0x7)
              0x1cc3: basic_string.h:346 (/usr/include/c++/5/bits)

              > 0x1cc3: _ZNSt7__cxx1112basic_stringIcSt11char_traitsIcESaIcEE7_S_copyEPcPKcm (0x7)
                0x1cc3: basic_string.h:297 (/usr/include/c++/5/bits)

                > 0x1cc3: _ZNSt11char_traitsIcE6assignERcRKc (0x7)
                  0x1cc3: char_traits.h:243 (/usr/include/c++/5/bits)

            > 0x1cca: _ZNSt7__cxx1112basic_stringIcSt11char_traitsIcESaIcEE13_M_set_lengthEm (0xb)
              0x1cca: basic_string.h:164 (/usr/include/c++/5/bits)

              > 0x1cca: _ZNSt7__cxx1112basic_stringIcSt11char_traitsIcESaIcEE9_M_lengthEm (0xb)
                0x1cca: basic_string.h:131 (/usr/include/c++/5/bits)

      > 0x1cd5: _ZNSt7__cxx1112basic_stringIcSt11char_traitsIcESaIcEE12_Alloc_hiderC4EPcRKS3_ (0x7)
        0x1cd5: basic_string.h:109 (/usr/include/c++/5/bits)

    > 0x1cdc: _ZNSt7__cxx1112basic_stringIcSt11char_traitsIcESaIcEEC4Ev (0x4)
      0x1cdc: basic_string.h:383 (/usr/include/c++/5/bits)

      > 0x1cdc: _ZNSt7__cxx1112basic_stringIcSt11char_traitsIcESaIcEE12_Alloc_hiderC4EPcRKS3_ (0x4)
        0x1cdc: basic_string.h:109 (/usr/include/c++/5/bits)

    > 0x1ce0: _ZNSt7__cxx1112basic_stringIcSt11char_traitsIcESaIcEEC4ERKS4_ (0x7)
      0x1ce0: basic_string.h:400 (/usr/include/c++/5/bits)

      > 0x1ce0: _ZNSt7__cxx1112basic_stringIcSt11char_traitsIcESaIcEE12_M_constructIPcEEvT_S7_ (0x7)
        0x1ce0: basic_string.h:214 (/usr/include/c++/5/bits)

        > 0x1ce0: _ZNSt7__cxx1112basic_stringIcSt11char_traitsIcESaIcEE16_M_construct_auxIPcEEvT_S7_St12__false_type (0x7)
          0x1ce0: basic_string.h:195 (/usr/include/c++/5/bits)

          > 0x1ce0: _ZNSt7__cxx1112basic_stringIcSt11char_traitsIcESaIcEE12_M_constructIPKcEEvT_S8_St20forward_iterator_tag (0x7)
            0x1ce0: basic_string.tcc:236 (/usr/include/c++/5/bits)

            > 0x1ce0: _ZNSt7__cxx1112basic_stringIcSt11char_traitsIcESaIcEE13_M_set_lengthEm (0x7)
              0x1ce0: basic_string.h:165 (/usr/include/c++/5/bits)

              > 0x1ce0: _ZNSt11char_traitsIcE6assignERcRKc (0x7)
                0x1ce0: char_traits.h:243 (/usr/include/c++/5/bits)

    > 0x1ce7: _ZNSt7__cxx1112basic_stringIcSt11char_traitsIcESaIcEEC4Ev (0x19)
      0x1ce7: basic_string.h:384 (/usr/include/c++/5/bits)
      0x1cf9: basic_string.h:383 (/usr/include/c++/5/bits)

      > 0x1ce7: _ZNSt7__cxx1112basic_stringIcSt11char_traitsIcESaIcEE13_M_set_lengthEm (0x12)
        0x1ce7: basic_string.h:164 (/usr/include/c++/5/bits)
        0x1cf2: basic_string.h:165 (/usr/include/c++/5/bits)

        > 0x1ce7: _ZNSt7__cxx1112basic_stringIcSt11char_traitsIcESaIcEE9_M_lengthEm (0xb)
          0x1ce7: basic_string.h:131 (/usr/include/c++/5/bits)

        > 0x1cf2: _ZNSt11char_traitsIcE6assignERcRKc (0x7)
          0x1cf2: char_traits.h:243 (/usr/include/c++/5/bits)

      > 0x1cf9: _ZNSt7__cxx1112basic_stringIcSt11char_traitsIcESaIcEE12_Alloc_hiderC4EPcRKS3_ (0x7)
        0x1cf9: basic_string.h:109 (/usr/include/c++/5/bits)

  > 0x1d07: _ZN15google_breakpad18MinidumpDescriptorC4ERKNSt7__cxx1112basic_stringIcSt11char_traitsIcESaIcEEE (0x21)
    0x1d07: minidump_descriptor.h:68 (../deps/breakpad/src/client/linux/handler)

  > 0x1d2b: _ZN15google_breakpad18MinidumpDescriptorC4ERKNSt7__cxx1112basic_stringIcSt11char_traitsIcESaIcEEE (0x24)
    0x1d2b: minidump_descriptor.h:68 (../deps/breakpad/src/client/linux/handler)
    0x1d39: minidump_descriptor.h:68 (../deps/breakpad/src/client/linux/handler)

    > 0x1d39: _ZN15google_breakpad18MicrodumpExtraInfoC4Ev (0x16)
      0x1d39: microdump_extra_info.h:47 (../deps/breakpad/src/client/linux/handler)

  > 0x1d52: _ZN15google_breakpad18MinidumpDescriptorC4ERKNSt7__cxx1112basic_stringIcSt11char_traitsIcESaIcEEE (0x16)
    0x1d52: minidump_descriptor.h:68 (../deps/breakpad/src/client/linux/handler)

    > 0x1d52: _ZN15google_breakpad18MicrodumpExtraInfoC4Ev (0x16)
      0x1d52: microdump_extra_info.h:47 (../deps/breakpad/src/client/linux/handler)

  > 0x1d72: start (0xb)
    0x1d72: main.cpp:27 (../linux)

    > 0x1d72: crash (0xb)
      0x1d72: main.cpp:23 (../linux)

> 0x1f40: _ZN15google_breakpad16ExceptionHandler21InstallHandlersLockedEv (0x122)
  0x1f40: exception_handler.cc:275 (../deps/breakpad/src/client/linux/handler)
  0x1f4f: exception_handler.cc:275 (../deps/breakpad/src/client/linux/handler)
  0x1f62: exception_handler.cc:276 (../deps/breakpad/src/client/linux/handler)
  0x1f87: exception_handler.cc:281 (../deps/breakpad/src/client/linux/handler)
  0x1fa9: exception_handler.cc:280 (../deps/breakpad/src/client/linux/handler)
  0x1fae: exception_handler.cc:286 (../deps/breakpad/src/client/linux/handler)
  0x1fbb: exception_handler.cc:287 (../deps/breakpad/src/client/linux/handler)
  0x1fce: exception_handler.cc:286 (../deps/breakpad/src/client/linux/handler)
  0x1fd1: exception_handler.cc:287 (../deps/breakpad/src/client/linux/handler)
  0x1fe0: exception_handler.cc:291 (../deps/breakpad/src/client/linux/handler)
  0x1fef: exception_handler.cc:290 (../deps/breakpad/src/client/linux/handler)
  0x1ff4: exception_handler.cc:293 (../deps/breakpad/src/client/linux/handler)
  0x1ffb: exception_handler.cc:294 (../deps/breakpad/src/client/linux/handler)
  0x2006: exception_handler.cc:293 (../deps/breakpad/src/client/linux/handler)
  0x2010: exception_handler.cc:297 (../deps/breakpad/src/client/linux/handler)
  0x2020: exception_handler.cc:296 (../deps/breakpad/src/client/linux/handler)
  0x2025: exception_handler.cc:302 (../deps/breakpad/src/client/linux/handler)
  0x2038: exception_handler.cc:277 (../deps/breakpad/src/client/linux/handler)
  0x203a: exception_handler.cc:304 (../deps/breakpad/src/client/linux/handler)

  > 0x1fae: memset (0xd)
    0x1fae: string3.h:90 (/usr/include/x86_64-linux-gnu/bits)

  > 0x1fce: memset (0x3)
    0x1fce: string3.h:90 (/usr/include/x86_64-linux-gnu/bits)

> 0x2070: _ZN15google_breakpad16ExceptionHandler21RestoreHandlersLockedEv (0x7c)
  0x2070: exception_handler.cc:310 (../deps/breakpad/src/client/linux/handler)
  0x2079: exception_handler.cc:309 (../deps/breakpad/src/client/linux/handler)
  0x20a0: exception_handler.cc:314 (../deps/breakpad/src/client/linux/handler)
  0x20c1: exception_handler.cc:313 (../deps/breakpad/src/client/linux/handler)
  0x20c6: exception_handler.cc:318 (../deps/breakpad/src/client/linux/handler)
  0x20cd: exception_handler.cc:319 (../deps/breakpad/src/client/linux/handler)
  0x20e0: exception_handler.cc:315 (../deps/breakpad/src/client/linux/handler)
  0x20ec: exception_handler.cc:199 (../deps/breakpad/src/client/linux/handler)

  > 0x20e0: InstallDefaultHandler (0xc)
    0x20e0: exception_handler.cc:199 (../deps/breakpad/src/client/linux/handler)

> 0x20f0: _ZN15google_breakpad16ExceptionHandlerD1Ev (0x341)
  0x20f0: exception_handler.cc:259 (../deps/breakpad/src/client/linux/handler)
  0x20f7: exception_handler.cc:260 (../deps/breakpad/src/client/linux/handler)
  0x20fe: exception_handler.cc:259 (../deps/breakpad/src/client/linux/handler)
  0x2102: exception_handler.cc:259 (../deps/breakpad/src/client/linux/handler)
  0x2112: exception_handler.cc:260 (../deps/breakpad/src/client/linux/handler)
  0x2117: exception_handler.cc:262 (../deps/breakpad/src/client/linux/handler)
  0x211e: exception_handler.cc:262 (../deps/breakpad/src/client/linux/handler)
  0x2122: exception_handler.cc:262 (../deps/breakpad/src/client/linux/handler)
  0x2126: exception_handler.cc:262 (../deps/breakpad/src/client/linux/handler)
  0x21d0: exception_handler.cc:262 (../deps/breakpad/src/client/linux/handler)
  0x21d8: exception_handler.cc:263 (../deps/breakpad/src/client/linux/handler)
  0x21fb: exception_handler.cc:264 (../deps/breakpad/src/client/linux/handler)
  0x21fe: exception_handler.cc:263 (../deps/breakpad/src/client/linux/handler)
  0x2202: exception_handler.cc:264 (../deps/breakpad/src/client/linux/handler)
  0x2208: exception_handler.cc:270 (../deps/breakpad/src/client/linux/handler)
  0x220f: exception_handler.cc:259 (../deps/breakpad/src/client/linux/handler)
  0x2216: exception_handler.cc:270 (../deps/breakpad/src/client/linux/handler)
  0x221b: exception_handler.cc:259 (../deps/breakpad/src/client/linux/handler)
  0x2240: exception_handler.cc:259 (../deps/breakpad/src/client/linux/handler)
  0x226c: exception_handler.cc:259 (../deps/breakpad/src/client/linux/handler)
  0x228c: exception_handler.cc:259 (../deps/breakpad/src/client/linux/handler)
  0x229b: exception_handler.cc:271 (../deps/breakpad/src/client/linux/handler)
  0x22c0: exception_handler.cc:263 (../deps/breakpad/src/client/linux/handler)
  0x22d4: exception_handler.cc:264 (../deps/breakpad/src/client/linux/handler)
  0x22d7: exception_handler.cc:263 (../deps/breakpad/src/client/linux/handler)
  0x22db: exception_handler.cc:264 (../deps/breakpad/src/client/linux/handler)
  0x22e1: exception_handler.cc:265 (../deps/breakpad/src/client/linux/handler)
  0x22eb: exception_handler.cc:265 (../deps/breakpad/src/client/linux/handler)
  0x22f3: exception_handler.cc:267 (../deps/breakpad/src/client/linux/handler)
  0x22fa: exception_handler.cc:266 (../deps/breakpad/src/client/linux/handler)
  0x2305: exception_handler.cc:267 (../deps/breakpad/src/client/linux/handler)
  0x2342: exception_handler.cc:268 (../deps/breakpad/src/client/linux/handler)
  0x2350: exception_handler.cc:262 (../deps/breakpad/src/client/linux/handler)
  0x239f: exception_handler.cc:267 (../deps/breakpad/src/client/linux/handler)
  0x23dd: exception_handler.cc:262 (../deps/breakpad/src/client/linux/handler)
  0x23e5: exception_handler.cc:262 (../deps/breakpad/src/client/linux/handler)
  0x23ed: exception_handler.cc:262 (../deps/breakpad/src/client/linux/handler)
  0x2408: exception_handler.cc:267 (../deps/breakpad/src/client/linux/handler)
  0x242c: exception_handler.cc:271 (../deps/breakpad/src/client/linux/handler)

  > 0x211e: _ZNSt6vectorIPN15google_breakpad16ExceptionHandlerESaIS2_EE3endEv (0x4)
    0x211e: stl_vector.h:566 (/usr/include/c++/5/bits)

    > 0x211e: _ZN9__gnu_cxx17__normal_iteratorIPPN15google_breakpad16ExceptionHandlerESt6vectorIS3_SaIS3_EEEC4ERKS4_ (0x4)
      0x211e: stl_iterator.h:741 (/usr/include/c++/5/bits)

  > 0x2122: _ZNSt6vectorIPN15google_breakpad16ExceptionHandlerESaIS2_EE5beginEv (0x4)
    0x2122: stl_vector.h:548 (/usr/include/c++/5/bits)

    > 0x2122: _ZN9__gnu_cxx17__normal_iteratorIPPN15google_breakpad16ExceptionHandlerESt6vectorIS3_SaIS3_EEEC4ERKS4_ (0x4)
      0x2122: stl_iterator.h:741 (/usr/include/c++/5/bits)

  > 0x2126: _ZSt4findIN9__gnu_cxx17__normal_iteratorIPPN15google_breakpad16ExceptionHandlerESt6vectorIS4_SaIS4_EEEES4_ET_SA_SA_RKT0_ (0xaa)
    0x2126: stl_algo.h:3791 (/usr/include/c++/5/bits)

    > 0x2126: _ZSt9__find_ifIN9__gnu_cxx17__normal_iteratorIPPN15google_breakpad16ExceptionHandlerESt6vectorIS4_SaIS4_EEEENS0_5__ops16_Iter_equals_valIKS4_EEET_SE_SE_T0_ (0xaa)
      0x2126: stl_algo.h:162 (/usr/include/c++/5/bits)

      > 0x2126: _ZSt9__find_ifIN9__gnu_cxx17__normal_iteratorIPPN15google_breakpad16ExceptionHandlerESt6vectorIS4_SaIS4_EEEENS0_5__ops16_Iter_equals_valIKS4_EEET_SE_SE_T0_St26random_access_iterator_tag (0xaa)
        0x2126: stl_algo.h:116 (/usr/include/c++/5/bits)
        0x212f: stl_algo.h:116 (/usr/include/c++/5/bits)
        0x2133: stl_algo.h:116 (/usr/include/c++/5/bits)
        0x2137: stl_algo.h:118 (/usr/include/c++/5/bits)
        0x2140: stl_algo.h:120 (/usr/include/c++/5/bits)
        0x2149: stl_algo.h:124 (/usr/include/c++/5/bits)
        0x2153: stl_algo.h:128 (/usr/include/c++/5/bits)
        0x215d: stl_algo.h:132 (/usr/include/c++/5/bits)
        0x2178: stl_algo.h:120 (/usr/include/c++/5/bits)
        0x217e: stl_algo.h:124 (/usr/include/c++/5/bits)
        0x2188: stl_algo.h:128 (/usr/include/c++/5/bits)
        0x2192: stl_algo.h:132 (/usr/include/c++/5/bits)
        0x21a3: stl_algo.h:118 (/usr/include/c++/5/bits)
        0x21b2: stl_algo.h:137 (/usr/include/c++/5/bits)

        > 0x2126: _ZN9__gnu_cxxmiIPPN15google_breakpad16ExceptionHandlerESt6vectorIS3_SaIS3_EEEENS_17__normal_iteratorIT_T0_E15difference_typeERKSB_SE_ (0x9)
          0x2126: stl_iterator.h:926 (/usr/include/c++/5/bits)

        > 0x2133: _ZN9__gnu_cxxmiIPPN15google_breakpad16ExceptionHandlerESt6vectorIS3_SaIS3_EEEENS_17__normal_iteratorIT_T0_E15difference_typeERKSB_SE_ (0x4)
          0x2133: stl_iterator.h:926 (/usr/include/c++/5/bits)

  > 0x21d0: _ZNSt6vectorIPN15google_breakpad16ExceptionHandlerESaIS2_EE3endEv (0x8)
    0x21d0: stl_vector.h:566 (/usr/include/c++/5/bits)

    > 0x21d0: _ZN9__gnu_cxx17__normal_iteratorIPPN15google_breakpad16ExceptionHandlerESt6vectorIS3_SaIS3_EEEC4ERKS4_ (0x8)
      0x21d0: stl_iterator.h:741 (/usr/include/c++/5/bits)

  > 0x21d8: _ZNSt6vectorIPN15google_breakpad16ExceptionHandlerESaIS2_EE5eraseEN9__gnu_cxx17__normal_iteratorIPKS2_S4_EE (0x23)
    0x21d8: stl_vector.h:1147 (/usr/include/c++/5/bits)

    > 0x21d8: _ZNSt6vectorIPN15google_breakpad16ExceptionHandlerESaIS2_EE8_M_eraseEN9__gnu_cxx17__normal_iteratorIPS2_S4_EE (0x23)
      0x21d8: vector.tcc:144 (/usr/include/c++/5/bits)
      0x21dc: vector.tcc:144 (/usr/include/c++/5/bits)
      0x21e1: vector.tcc:145 (/usr/include/c++/5/bits)
      0x21f7: vector.tcc:146 (/usr/include/c++/5/bits)

      > 0x21d8: _ZNK9__gnu_cxx17__normal_iteratorIPPN15google_breakpad16ExceptionHandlerESt6vectorIS3_SaIS3_EEEplEl (0x4)
        0x21d8: stl_iterator.h:794 (/usr/include/c++/5/bits)

      > 0x21e1: _ZSt4moveIN9__gnu_cxx17__normal_iteratorIPPN15google_breakpad16ExceptionHandlerESt6vectorIS4_SaIS4_EEEES9_ET0_T_SB_SA_ (0x16)
        0x21e1: stl_algobase.h:504 (/usr/include/c++/5/bits)

        > 0x21e1: _ZSt14__copy_move_a2ILb1EN9__gnu_cxx17__normal_iteratorIPPN15google_breakpad16ExceptionHandlerESt6vectorIS4_SaIS4_EEEES9_ET1_T0_SB_SA_ (0x16)
          0x21e1: stl_algobase.h:438 (/usr/include/c++/5/bits)

          > 0x21e1: _ZSt13__copy_move_aILb1EPPN15google_breakpad16ExceptionHandlerES3_ET1_T0_S5_S4_ (0x16)
            0x21e1: stl_algobase.h:402 (/usr/include/c++/5/bits)

            > 0x21e1: _ZNSt11__copy_moveILb1ELb1ESt26random_access_iterator_tagE8__copy_mIPN15google_breakpad16ExceptionHandlerEEEPT_PKS6_S9_S7_ (0x16)
              0x21e1: stl_algobase.h:382 (/usr/include/c++/5/bits)
              0x21e7: stl_algobase.h:383 (/usr/include/c++/5/bits)

  > 0x21fe: _ZNSt6vectorIPN15google_breakpad16ExceptionHandlerESaIS2_EE5eraseEN9__gnu_cxx17__normal_iteratorIPKS2_S4_EE (0x4)
    0x21fe: stl_vector.h:1147 (/usr/include/c++/5/bits)

    > 0x21fe: _ZNSt6vectorIPN15google_breakpad16ExceptionHandlerESaIS2_EE8_M_eraseEN9__gnu_cxx17__normal_iteratorIPS2_S4_EE (0x4)
      0x21fe: vector.tcc:146 (/usr/include/c++/5/bits)

  > 0x220f: _ZNSt7__cxx114listIN15google_breakpad9AppMemoryESaIS2_EED4Ev (0x7)
    0x220f: stl_list.h:507 (/usr/include/c++/5/bits)

    > 0x220f: _ZNSt7__cxx1110_List_baseIN15google_breakpad9AppMemoryESaIS2_EED4Ev (0x7)
      0x220f: stl_list.h:446 (/usr/include/c++/5/bits)

      > 0x220f: _ZNSt7__cxx1110_List_baseIN15google_breakpad9AppMemoryESaIS2_EE8_M_clearEv (0x7)
        0x220f: list.tcc:70 (/usr/include/c++/5/bits)

  > 0x221b: _ZNSt7__cxx114listIN15google_breakpad9AppMemoryESaIS2_EED4Ev (0x25)
    0x221b: stl_list.h:507 (/usr/include/c++/5/bits)

    > 0x221b: _ZNSt7__cxx1110_List_baseIN15google_breakpad9AppMemoryESaIS2_EED4Ev (0x25)
      0x221b: stl_list.h:446 (/usr/include/c++/5/bits)

      > 0x221b: _ZNSt7__cxx1110_List_baseIN15google_breakpad9AppMemoryESaIS2_EE8_M_clearEv (0x25)
        0x221b: list.tcc:69 (/usr/include/c++/5/bits)
        0x2222: list.tcc:70 (/usr/include/c++/5/bits)
        0x2230: list.tcc:73 (/usr/include/c++/5/bits)
        0x2233: list.tcc:79 (/usr/include/c++/5/bits)
        0x2238: list.tcc:70 (/usr/include/c++/5/bits)

        > 0x2233: _ZNSt7__cxx1110_List_baseIN15google_breakpad9AppMemoryESaIS2_EE11_M_put_nodeEPSt10_List_nodeIS2_E (0x5)
          0x2233: stl_list.h:396 (/usr/include/c++/5/bits)

          > 0x2233: _ZN9__gnu_cxx13new_allocatorISt10_List_nodeIN15google_breakpad9AppMemoryEEE10deallocateEPS4_m (0x5)
            0x2233: new_allocator.h:110 (/usr/include/c++/5/ext)

  > 0x2240: _ZNSt7__cxx114listIN15google_breakpad12MappingEntryESaIS2_EED4Ev (0x2c)
    0x2240: stl_list.h:507 (/usr/include/c++/5/bits)

    > 0x2240: _ZNSt7__cxx1110_List_baseIN15google_breakpad12MappingEntryESaIS2_EED4Ev (0x2c)
      0x2240: stl_list.h:446 (/usr/include/c++/5/bits)

      > 0x2240: _ZNSt7__cxx1110_List_baseIN15google_breakpad12MappingEntryESaIS2_EE8_M_clearEv (0x2c)
        0x2240: list.tcc:69 (/usr/include/c++/5/bits)
        0x2247: list.tcc:70 (/usr/include/c++/5/bits)
        0x2258: list.tcc:73 (/usr/include/c++/5/bits)
        0x225b: list.tcc:79 (/usr/include/c++/5/bits)
        0x2260: list.tcc:70 (/usr/include/c++/5/bits)

        > 0x225b: _ZNSt7__cxx1110_List_baseIN15google_breakpad12MappingEntryESaIS2_EE11_M_put_nodeEPSt10_List_nodeIS2_E (0x5)
          0x225b: stl_list.h:396 (/usr/include/c++/5/bits)

          > 0x225b: _ZN9__gnu_cxx13new_allocatorISt10_List_nodeIN15google_breakpad12MappingEntryEEE10deallocateEPS4_m (0x5)
            0x225b: new_allocator.h:110 (/usr/include/c++/5/ext)

  > 0x226c: _ZN15google_breakpad18MinidumpDescriptorD4Ev (0x20)
    0x226c: minidump_descriptor.h:48 (../deps/breakpad/src/client/linux/handler)
    0x227e: minidump_descriptor.h:48 (../deps/breakpad/src/client/linux/handler)

    > 0x226c: _ZNSt7__cxx1112basic_stringIcSt11char_traitsIcESaIcEED4Ev (0x12)
      0x226c: basic_string.h:543 (/usr/include/c++/5/bits)

      > 0x226c: _ZNSt7__cxx1112basic_stringIcSt11char_traitsIcESaIcEE10_M_disposeEv (0x12)
        0x226c: basic_string.h:179 (/usr/include/c++/5/bits)
        0x2270: basic_string.h:179 (/usr/include/c++/5/bits)
        0x2275: basic_string.h:180 (/usr/include/c++/5/bits)

        > 0x226c: _ZNKSt7__cxx1112basic_stringIcSt11char_traitsIcESaIcEE11_M_is_localEv (0x4)
          0x226c: basic_string.h:170 (/usr/include/c++/5/bits)

          > 0x226c: _ZNKSt7__cxx1112basic_stringIcSt11char_traitsIcESaIcEE13_M_local_dataEv (0x4)
            0x226c: basic_string.h:151 (/usr/include/c++/5/bits)

        > 0x2275: _ZNSt7__cxx1112basic_stringIcSt11char_traitsIcESaIcEE10_M_destroyEm (0x9)
          0x2275: basic_string.h:185 (/usr/include/c++/5/bits)

          > 0x2275: _ZNSt16allocator_traitsISaIcEE10deallocateERS0_Pcm (0x9)
            0x2275: alloc_traits.h:517 (/usr/include/c++/5/bits)

            > 0x2275: _ZN9__gnu_cxx13new_allocatorIcE10deallocateEPcm (0x9)
              0x2275: new_allocator.h:110 (/usr/include/c++/5/ext)

    > 0x227e: _ZNSt7__cxx1112basic_stringIcSt11char_traitsIcESaIcEED4Ev (0xe)
      0x227e: basic_string.h:543 (/usr/include/c++/5/bits)

      > 0x227e: _ZNSt7__cxx1112basic_stringIcSt11char_traitsIcESaIcEE10_M_disposeEv (0xe)
        0x227e: basic_string.h:179 (/usr/include/c++/5/bits)
        0x2282: basic_string.h:179 (/usr/include/c++/5/bits)
        0x2287: basic_string.h:180 (/usr/include/c++/5/bits)

        > 0x227e: _ZNKSt7__cxx1112basic_stringIcSt11char_traitsIcESaIcEE11_M_is_localEv (0x4)
          0x227e: basic_string.h:170 (/usr/include/c++/5/bits)

          > 0x227e: _ZNKSt7__cxx1112basic_stringIcSt11char_traitsIcESaIcEE13_M_local_dataEv (0x4)
            0x227e: basic_string.h:151 (/usr/include/c++/5/bits)

        > 0x2287: _ZNSt7__cxx1112basic_stringIcSt11char_traitsIcESaIcEE10_M_destroyEm (0x5)
          0x2287: basic_string.h:185 (/usr/include/c++/5/bits)

          > 0x2287: _ZNSt16allocator_traitsISaIcEE10deallocateERS0_Pcm (0x5)
            0x2287: alloc_traits.h:517 (/usr/include/c++/5/bits)

            > 0x2287: _ZN9__gnu_cxx13new_allocatorIcE10deallocateEPcm (0x5)
              0x2287: new_allocator.h:110 (/usr/include/c++/5/ext)

  > 0x228c: _ZN15google_breakpad10scoped_ptrINS_21CrashGenerationClientEED4Ev (0xf)
    0x228c: scoped_ptr.h:98 (../deps/breakpad/src/common)

  > 0x22c0: _ZNSt6vectorIPN15google_breakpad16ExceptionHandlerESaIS2_EE5eraseEN9__gnu_cxx17__normal_iteratorIPKS2_S4_EE (0x14)
    0x22c0: stl_vector.h:1147 (/usr/include/c++/5/bits)

    > 0x22c0: _ZNSt6vectorIPN15google_breakpad16ExceptionHandlerESaIS2_EE8_M_eraseEN9__gnu_cxx17__normal_iteratorIPS2_S4_EE (0x14)
      0x22c0: vector.tcc:145 (/usr/include/c++/5/bits)
      0x22d0: vector.tcc:146 (/usr/include/c++/5/bits)

      > 0x22c0: _ZSt4moveIN9__gnu_cxx17__normal_iteratorIPPN15google_breakpad16ExceptionHandlerESt6vectorIS4_SaIS4_EEEES9_ET0_T_SB_SA_ (0x10)
        0x22c0: stl_algobase.h:504 (/usr/include/c++/5/bits)

        > 0x22c0: _ZSt14__copy_move_a2ILb1EN9__gnu_cxx17__normal_iteratorIPPN15google_breakpad16ExceptionHandlerESt6vectorIS4_SaIS4_EEEES9_ET1_T0_SB_SA_ (0x10)
          0x22c0: stl_algobase.h:438 (/usr/include/c++/5/bits)

          > 0x22c0: _ZSt13__copy_move_aILb1EPPN15google_breakpad16ExceptionHandlerES3_ET1_T0_S5_S4_ (0x10)
            0x22c0: stl_algobase.h:402 (/usr/include/c++/5/bits)

            > 0x22c0: _ZNSt11__copy_moveILb1ELb1ESt26random_access_iterator_tagE8__copy_mIPN15google_breakpad16ExceptionHandlerEEEPT_PKS6_S9_S7_ (0x10)
              0x22c0: stl_algobase.h:384 (/usr/include/c++/5/bits)

  > 0x22d7: _ZNSt6vectorIPN15google_breakpad16ExceptionHandlerESaIS2_EE5eraseEN9__gnu_cxx17__normal_iteratorIPKS2_S4_EE (0x4)
    0x22d7: stl_vector.h:1147 (/usr/include/c++/5/bits)

    > 0x22d7: _ZNSt6vectorIPN15google_breakpad16ExceptionHandlerESaIS2_EE8_M_eraseEN9__gnu_cxx17__normal_iteratorIPS2_S4_EE (0x4)
      0x22d7: vector.tcc:146 (/usr/include/c++/5/bits)

  > 0x22e1: _ZNSt6vectorIPN15google_breakpad16ExceptionHandlerESaIS2_EED4Ev (0xa)
    0x22e1: stl_vector.h:425 (/usr/include/c++/5/bits)

    > 0x22e1: _ZNSt12_Vector_baseIPN15google_breakpad16ExceptionHandlerESaIS2_EED4Ev (0xa)
      0x22e1: stl_vector.h:160 (/usr/include/c++/5/bits)

      > 0x22e1: _ZNSt12_Vector_baseIPN15google_breakpad16ExceptionHandlerESaIS2_EE13_M_deallocateEPS2_m (0xa)
        0x22e1: stl_vector.h:177 (/usr/include/c++/5/bits)
        0x22e6: stl_vector.h:178 (/usr/include/c++/5/bits)

        > 0x22e6: _ZNSt16allocator_traitsISaIPN15google_breakpad16ExceptionHandlerEEE10deallocateERS3_PS2_m (0x5)
          0x22e6: alloc_traits.h:517 (/usr/include/c++/5/bits)

          > 0x22e6: _ZN9__gnu_cxx13new_allocatorIPN15google_breakpad16ExceptionHandlerEE10deallocateEPS3_m (0x5)
            0x22e6: new_allocator.h:110 (/usr/include/c++/5/ext)

  > 0x22f3: RestoreAlternateStackLocked (0x7)
    0x22f3: exception_handler.cc:160 (../deps/breakpad/src/client/linux/handler)

  > 0x2305: RestoreAlternateStackLocked (0x3d)
    0x2305: exception_handler.cc:160 (../deps/breakpad/src/client/linux/handler)
    0x2307: exception_handler.cc:164 (../deps/breakpad/src/client/linux/handler)
    0x2324: exception_handler.cc:164 (../deps/breakpad/src/client/linux/handler)
    0x2329: exception_handler.cc:169 (../deps/breakpad/src/client/linux/handler)
    0x2336: exception_handler.cc:181 (../deps/breakpad/src/client/linux/handler)
    0x233b: exception_handler.cc:182 (../deps/breakpad/src/client/linux/handler)

    > 0x2307: sys_sigaltstack (0x1d)
      0x2307: linux_syscall_support.h:3533 (../deps/third_party/lss)

  > 0x2350: _ZSt4findIN9__gnu_cxx17__normal_iteratorIPPN15google_breakpad16ExceptionHandlerESt6vectorIS4_SaIS4_EEEES4_ET_SA_SA_RKT0_ (0x4f)
    0x2350: stl_algo.h:3791 (/usr/include/c++/5/bits)

    > 0x2350: _ZSt9__find_ifIN9__gnu_cxx17__normal_iteratorIPPN15google_breakpad16ExceptionHandlerESt6vectorIS4_SaIS4_EEEENS0_5__ops16_Iter_equals_valIKS4_EEET_SE_SE_T0_ (0x4f)
      0x2350: stl_algo.h:162 (/usr/include/c++/5/bits)

      > 0x2350: _ZSt9__find_ifIN9__gnu_cxx17__normal_iteratorIPPN15google_breakpad16ExceptionHandlerESt6vectorIS4_SaIS4_EEEENS0_5__ops16_Iter_equals_valIKS4_EEET_SE_SE_T0_St26random_access_iterator_tag (0x4f)
        0x2350: stl_algo.h:122 (/usr/include/c++/5/bits)
        0x2360: stl_algo.h:126 (/usr/include/c++/5/bits)
        0x2370: stl_algo.h:130 (/usr/include/c++/5/bits)
        0x2379: stl_algo.h:140 (/usr/include/c++/5/bits)
        0x2382: stl_algo.h:142 (/usr/include/c++/5/bits)
        0x2386: stl_algo.h:144 (/usr/include/c++/5/bits)
        0x238f: stl_algo.h:146 (/usr/include/c++/5/bits)
        0x2393: stl_algo.h:148 (/usr/include/c++/5/bits)

        > 0x2350: _ZN9__gnu_cxx17__normal_iteratorIPPN15google_breakpad16ExceptionHandlerESt6vectorIS3_SaIS3_EEEppEv (0x10)
          0x2350: stl_iterator.h:763 (/usr/include/c++/5/bits)

        > 0x2360: _ZN9__gnu_cxx17__normal_iteratorIPPN15google_breakpad16ExceptionHandlerESt6vectorIS3_SaIS3_EEEppEv (0x10)
          0x2360: stl_iterator.h:763 (/usr/include/c++/5/bits)

        > 0x2370: _ZN9__gnu_cxx17__normal_iteratorIPPN15google_breakpad16ExceptionHandlerESt6vectorIS3_SaIS3_EEEppEv (0x9)
          0x2370: stl_iterator.h:763 (/usr/include/c++/5/bits)

        > 0x2382: _ZN9__gnu_cxx17__normal_iteratorIPPN15google_breakpad16ExceptionHandlerESt6vectorIS3_SaIS3_EEEppEv (0x4)
          0x2382: stl_iterator.h:763 (/usr/include/c++/5/bits)

        > 0x238f: _ZN9__gnu_cxx17__normal_iteratorIPPN15google_breakpad16ExceptionHandlerESt6vectorIS3_SaIS3_EEEppEv (0x4)
          0x238f: stl_iterator.h:763 (/usr/include/c++/5/bits)

  > 0x239f: RestoreAlternateStackLocked (0x3e)
    0x239f: exception_handler.cc:164 (../deps/breakpad/src/client/linux/handler)
    0x23aa: exception_handler.cc:170 (../deps/breakpad/src/client/linux/handler)
    0x23b2: exception_handler.cc:171 (../deps/breakpad/src/client/linux/handler)
    0x23b9: exception_handler.cc:170 (../deps/breakpad/src/client/linux/handler)
    0x23bb: exception_handler.cc:176 (../deps/breakpad/src/client/linux/handler)

    > 0x239f: sys_sigaltstack (0xb)
      0x239f: linux_syscall_support.h:3533 (../deps/third_party/lss)

    > 0x23b2: sys_sigaltstack (0x7)
      0x23b2: linux_syscall_support.h:3533 (../deps/third_party/lss)

    > 0x23bb: sys_sigaltstack (0x22)
      0x23bb: linux_syscall_support.h:3533 (../deps/third_party/lss)

  > 0x23dd: _ZSt4findIN9__gnu_cxx17__normal_iteratorIPPN15google_breakpad16ExceptionHandlerESt6vectorIS4_SaIS4_EEEES4_ET_SA_SA_RKT0_ (0x8)
    0x23dd: stl_algo.h:3791 (/usr/include/c++/5/bits)

    > 0x23dd: _ZSt9__find_ifIN9__gnu_cxx17__normal_iteratorIPPN15google_breakpad16ExceptionHandlerESt6vectorIS4_SaIS4_EEEENS0_5__ops16_Iter_equals_valIKS4_EEET_SE_SE_T0_ (0x8)
      0x23dd: stl_algo.h:162 (/usr/include/c++/5/bits)

      > 0x23dd: _ZSt9__find_ifIN9__gnu_cxx17__normal_iteratorIPPN15google_breakpad16ExceptionHandlerESt6vectorIS4_SaIS4_EEEENS0_5__ops16_Iter_equals_valIKS4_EEET_SE_SE_T0_St26random_access_iterator_tag (0x8)
        0x23dd: stl_algo.h:120 (/usr/include/c++/5/bits)

  > 0x23e5: _ZNSt6vectorIPN15google_breakpad16ExceptionHandlerESaIS2_EE5beginEv (0x8)
    0x23e5: stl_vector.h:548 (/usr/include/c++/5/bits)

    > 0x23e5: _ZN9__gnu_cxx17__normal_iteratorIPPN15google_breakpad16ExceptionHandlerESt6vectorIS3_SaIS3_EEEC4ERKS4_ (0x8)
      0x23e5: stl_iterator.h:741 (/usr/include/c++/5/bits)

  > 0x23ed: _ZSt4findIN9__gnu_cxx17__normal_iteratorIPPN15google_breakpad16ExceptionHandlerESt6vectorIS4_SaIS4_EEEES4_ET_SA_SA_RKT0_ (0x1b)
    0x23ed: stl_algo.h:3791 (/usr/include/c++/5/bits)

    > 0x23ed: _ZSt9__find_ifIN9__gnu_cxx17__normal_iteratorIPPN15google_breakpad16ExceptionHandlerESt6vectorIS4_SaIS4_EEEENS0_5__ops16_Iter_equals_valIKS4_EEET_SE_SE_T0_ (0x1b)
      0x23ed: stl_algo.h:162 (/usr/include/c++/5/bits)

      > 0x23ed: _ZSt9__find_ifIN9__gnu_cxx17__normal_iteratorIPPN15google_breakpad16ExceptionHandlerESt6vectorIS4_SaIS4_EEEENS0_5__ops16_Iter_equals_valIKS4_EEET_SE_SE_T0_St26random_access_iterator_tag (0x1b)
        0x23ed: stl_algo.h:126 (/usr/include/c++/5/bits)
        0x23f6: stl_algo.h:122 (/usr/include/c++/5/bits)
        0x23ff: stl_algo.h:130 (/usr/include/c++/5/bits)

        > 0x23ed: _ZN9__gnu_cxx17__normal_iteratorIPPN15google_breakpad16ExceptionHandlerESt6vectorIS3_SaIS3_EEEppEv (0x9)
          0x23ed: stl_iterator.h:763 (/usr/include/c++/5/bits)

        > 0x23f6: _ZN9__gnu_cxx17__normal_iteratorIPPN15google_breakpad16ExceptionHandlerESt6vectorIS3_SaIS3_EEEppEv (0x9)
          0x23f6: stl_iterator.h:763 (/usr/include/c++/5/bits)

        > 0x23ff: _ZN9__gnu_cxx17__normal_iteratorIPPN15google_breakpad16ExceptionHandlerESt6vectorIS3_SaIS3_EEEppEv (0x9)
          0x23ff: stl_iterator.h:763 (/usr/include/c++/5/bits)

  > 0x2408: RestoreAlternateStackLocked (0x24)
    0x2408: exception_handler.cc:176 (../deps/breakpad/src/client/linux/handler)
    0x241d: exception_handler.cc:175 (../deps/breakpad/src/client/linux/handler)
    0x2425: exception_handler.cc:176 (../deps/breakpad/src/client/linux/handler)

    > 0x2425: sys_sigaltstack (0x7)
      0x2425: linux_syscall_support.h:3533 (../deps/third_party/lss)

> 0x2440: _ZN15google_breakpad16ExceptionHandler25SendContinueSignalToChildEv (0xd1)
  0x2440: exception_handler.cc:571 (../deps/breakpad/src/client/linux/handler)
  0x2454: exception_handler.cc:574 (../deps/breakpad/src/client/linux/handler)
  0x245f: exception_handler.cc:571 (../deps/breakpad/src/client/linux/handler)
  0x2468: exception_handler.cc:574 (../deps/breakpad/src/client/linux/handler)
  0x2485: exception_handler.cc:575 (../deps/breakpad/src/client/linux/handler)
  0x248a: exception_handler.cc:582 (../deps/breakpad/src/client/linux/handler)
  0x24a0: exception_handler.cc:574 (../deps/breakpad/src/client/linux/handler)
  0x24a7: exception_handler.cc:574 (../deps/breakpad/src/client/linux/handler)
  0x24aa: exception_handler.cc:574 (../deps/breakpad/src/client/linux/handler)
  0x24af: exception_handler.cc:574 (../deps/breakpad/src/client/linux/handler)
  0x24b1: exception_handler.cc:578 (../deps/breakpad/src/client/linux/handler)
  0x24c2: exception_handler.cc:579 (../deps/breakpad/src/client/linux/handler)
  0x24e8: exception_handler.cc:582 (../deps/breakpad/src/client/linux/handler)
  0x24ec: exception_handler.cc:580 (../deps/breakpad/src/client/linux/handler)
  0x24f8: exception_handler.cc:582 (../deps/breakpad/src/client/linux/handler)
  0x2502: exception_handler.cc:580 (../deps/breakpad/src/client/linux/handler)

  > 0x2454: sys_write (0xb)
    0x2454: linux_syscall_support.h:3553 (../deps/third_party/lss)

  > 0x2468: sys_write (0x1d)
    0x2468: linux_syscall_support.h:3553 (../deps/third_party/lss)

  > 0x24a0: sys_write (0x7)
    0x24a0: linux_syscall_support.h:3553 (../deps/third_party/lss)

  > 0x24aa: sys_write (0x5)
    0x24aa: linux_syscall_support.h:3553 (../deps/third_party/lss)

> 0x2520: _ZN15google_breakpad16ExceptionHandler12GenerateDumpEPNS0_12CrashContextE (0x4c6)
  0x2520: exception_handler.cc:498 (../deps/breakpad/src/client/linux/handler)
  0x2534: exception_handler.cc:499 (../deps/breakpad/src/client/linux/handler)
  0x2538: exception_handler.cc:498 (../deps/breakpad/src/client/linux/handler)
  0x2548: exception_handler.cc:499 (../deps/breakpad/src/client/linux/handler)
  0x254d: exception_handler.cc:500 (../deps/breakpad/src/client/linux/handler)
  0x255a: exception_handler.cc:568 (../deps/breakpad/src/client/linux/handler)
  0x2584: exception_handler.cc:506 (../deps/breakpad/src/client/linux/handler)
  0x2591: exception_handler.cc:505 (../deps/breakpad/src/client/linux/handler)
  0x2599: exception_handler.cc:506 (../deps/breakpad/src/client/linux/handler)
  0x25e3: exception_handler.cc:507 (../deps/breakpad/src/client/linux/handler)
  0x25e7: exception_handler.cc:506 (../deps/breakpad/src/client/linux/handler)
  0x25f2: exception_handler.cc:507 (../deps/breakpad/src/client/linux/handler)
  0x25f8: exception_handler.cc:511 (../deps/breakpad/src/client/linux/handler)
  0x2606: exception_handler.cc:510 (../deps/breakpad/src/client/linux/handler)
  0x260d: exception_handler.cc:511 (../deps/breakpad/src/client/linux/handler)
  0x2612: exception_handler.cc:515 (../deps/breakpad/src/client/linux/handler)
  0x2616: exception_handler.cc:514 (../deps/breakpad/src/client/linux/handler)
  0x261b: exception_handler.cc:515 (../deps/breakpad/src/client/linux/handler)
  0x2625: exception_handler.cc:516 (../deps/breakpad/src/client/linux/handler)
  0x262a: exception_handler.cc:524 (../deps/breakpad/src/client/linux/handler)
  0x262f: exception_handler.cc:516 (../deps/breakpad/src/client/linux/handler)
  0x2633: exception_handler.cc:517 (../deps/breakpad/src/client/linux/handler)
  0x2638: exception_handler.cc:518 (../deps/breakpad/src/client/linux/handler)
  0x2641: exception_handler.cc:524 (../deps/breakpad/src/client/linux/handler)
  0x2648: exception_handler.cc:524 (../deps/breakpad/src/client/linux/handler)
  0x2664: exception_handler.cc:530 (../deps/breakpad/src/client/linux/handler)
  0x2675: exception_handler.cc:531 (../deps/breakpad/src/client/linux/handler)
  0x26a2: exception_handler.cc:532 (../deps/breakpad/src/client/linux/handler)
  0x26b3: exception_handler.cc:535 (../deps/breakpad/src/client/linux/handler)
  0x26c7: exception_handler.cc:540 (../deps/breakpad/src/client/linux/handler)
  0x2738: exception_handler.cc:542 (../deps/breakpad/src/client/linux/handler)
  0x275c: exception_handler.cc:543 (../deps/breakpad/src/client/linux/handler)
  0x276c: exception_handler.cc:544 (../deps/breakpad/src/client/linux/handler)
  0x276e: exception_handler.cc:543 (../deps/breakpad/src/client/linux/handler)
  0x2788: exception_handler.cc:505 (../deps/breakpad/src/client/linux/handler)
  0x27d0: exception_handler.cc:506 (../deps/breakpad/src/client/linux/handler)
  0x27db: exception_handler.cc:508 (../deps/breakpad/src/client/linux/handler)
  0x27e8: exception_handler.cc:524 (../deps/breakpad/src/client/linux/handler)
  0x2800: exception_handler.cc:541 (../deps/breakpad/src/client/linux/handler)
  0x2809: exception_handler.cc:548 (../deps/breakpad/src/client/linux/handler)
  0x282f: exception_handler.cc:550 (../deps/breakpad/src/client/linux/handler)
  0x2832: exception_handler.cc:550 (../deps/breakpad/src/client/linux/handler)
  0x2861: exception_handler.cc:551 (../deps/breakpad/src/client/linux/handler)
  0x286e: exception_handler.cc:553 (../deps/breakpad/src/client/linux/handler)
  0x288c: exception_handler.cc:553 (../deps/breakpad/src/client/linux/handler)
  0x2891: exception_handler.cc:553 (../deps/breakpad/src/client/linux/handler)
  0x28b2: exception_handler.cc:553 (../deps/breakpad/src/client/linux/handler)
  0x28b5: exception_handler.cc:553 (../deps/breakpad/src/client/linux/handler)
  0x28b7: exception_handler.cc:553 (../deps/breakpad/src/client/linux/handler)
  0x28cd: exception_handler.cc:555 (../deps/breakpad/src/client/linux/handler)
  0x28f7: exception_handler.cc:557 (../deps/breakpad/src/client/linux/handler)
  0x28fc: exception_handler.cc:564 (../deps/breakpad/src/client/linux/handler)
  0x2908: exception_handler.cc:564 (../deps/breakpad/src/client/linux/handler)
  0x2918: exception_handler.cc:564 (../deps/breakpad/src/client/linux/handler)
  0x2920: exception_handler.cc:565 (../deps/breakpad/src/client/linux/handler)
  0x292d: exception_handler.cc:566 (../deps/breakpad/src/client/linux/handler)
  0x293f: exception_handler.cc:559 (../deps/breakpad/src/client/linux/handler)
  0x2950: exception_handler.cc:560 (../deps/breakpad/src/client/linux/handler)
  0x297d: exception_handler.cc:561 (../deps/breakpad/src/client/linux/handler)
  0x2990: exception_handler.cc:505 (../deps/breakpad/src/client/linux/handler)
  0x2992: exception_handler.cc:564 (../deps/breakpad/src/client/linux/handler)
  0x2996: exception_handler.cc:508 (../deps/breakpad/src/client/linux/handler)
  0x299d: exception_handler.cc:568 (../deps/breakpad/src/client/linux/handler)
  0x29a5: exception_handler.cc:505 (../deps/breakpad/src/client/linux/handler)
  0x29e6: memory_allocator.h:143 (../deps/breakpad/src/common)

  > 0x2534: _ZNK15google_breakpad16ExceptionHandler14IsOutOfProcessEv (0x4)
    0x2534: exception_handler.h:205 (../deps/breakpad/src/client/linux/handler)

    > 0x2534: _ZNK15google_breakpad10scoped_ptrINS_21CrashGenerationClientEE3getEv (0x4)
      0x2534: scoped_ptr.h:122 (../deps/breakpad/src/common)

  > 0x2584: _ZN15google_breakpad13PageAllocator5AllocEm (0xd)
    0x2584: memory_allocator.h:91 (../deps/breakpad/src/common)

    > 0x2584: _ZN15google_breakpad13PageAllocator9GetNPagesEm (0xd)
      0x2584: memory_allocator.h:120 (../deps/breakpad/src/common)

      > 0x2584: sys_mmap (0xd)
        0x2584: linux_syscall_support.h:4064 (../deps/third_party/lss)

  > 0x2591: _ZN15google_breakpad13PageAllocatorC4Ev (0x8)
    0x2591: memory_allocator.h:63 (../deps/breakpad/src/common)
    0x2596: memory_allocator.h:67 (../deps/breakpad/src/common)

  > 0x2599: _ZN15google_breakpad13PageAllocator5AllocEm (0x4a)
    0x2599: memory_allocator.h:90 (../deps/breakpad/src/common)
    0x259b: memory_allocator.h:91 (../deps/breakpad/src/common)
    0x25a0: memory_allocator.h:90 (../deps/breakpad/src/common)
    0x25a7: memory_allocator.h:91 (../deps/breakpad/src/common)
    0x25ae: memory_allocator.h:90 (../deps/breakpad/src/common)
    0x25b1: memory_allocator.h:91 (../deps/breakpad/src/common)
    0x25b6: memory_allocator.h:90 (../deps/breakpad/src/common)
    0x25b9: memory_allocator.h:91 (../deps/breakpad/src/common)

    > 0x259b: _ZN15google_breakpad13PageAllocator9GetNPagesEm (0x5)
      0x259b: memory_allocator.h:120 (../deps/breakpad/src/common)

      > 0x259b: sys_mmap (0x5)
        0x259b: linux_syscall_support.h:4064 (../deps/third_party/lss)

    > 0x25a7: _ZN15google_breakpad13PageAllocator9GetNPagesEm (0x7)
      0x25a7: memory_allocator.h:120 (../deps/breakpad/src/common)

      > 0x25a7: sys_mmap (0x7)
        0x25a7: linux_syscall_support.h:4064 (../deps/third_party/lss)

    > 0x25b1: _ZN15google_breakpad13PageAllocator9GetNPagesEm (0x5)
      0x25b1: memory_allocator.h:120 (../deps/breakpad/src/common)

      > 0x25b1: sys_mmap (0x5)
        0x25b1: linux_syscall_support.h:4064 (../deps/third_party/lss)

    > 0x25b9: _ZN15google_breakpad13PageAllocator9GetNPagesEm (0x2a)
      0x25b9: memory_allocator.h:120 (../deps/breakpad/src/common)
      0x25d9: memory_allocator.h:121 (../deps/breakpad/src/common)

      > 0x25b9: sys_mmap (0x20)
        0x25b9: linux_syscall_support.h:4064 (../deps/third_party/lss)

  > 0x25e7: _ZN15google_breakpad13PageAllocator5AllocEm (0xb)
    0x25e7: memory_allocator.h:91 (../deps/breakpad/src/common)

    > 0x25e7: _ZN15google_breakpad13PageAllocator9GetNPagesEm (0xb)
      0x25e7: memory_allocator.h:131 (../deps/breakpad/src/common)
      0x25ee: memory_allocator.h:132 (../deps/breakpad/src/common)

  > 0x262a: sys_pipe (0x5)
    0x262a: linux_syscall_support.h:4256 (../deps/third_party/lss)

  > 0x2648: sys_pipe (0x1c)
    0x2648: linux_syscall_support.h:4256 (../deps/third_party/lss)

  > 0x26c7: sys_clone (0x71)
    0x26c7: linux_syscall_support.h:2408 (../deps/third_party/lss)
    0x2720: linux_syscall_support.h:2410 (../deps/third_party/lss)
    0x2726: linux_syscall_support.h:2408 (../deps/third_party/lss)
    0x2729: linux_syscall_support.h:2410 (../deps/third_party/lss)

  > 0x2738: sys_close (0x24)
    0x2738: linux_syscall_support.h:3357 (../deps/third_party/lss)

  > 0x275c: sys_close (0x10)
    0x275c: linux_syscall_support.h:3357 (../deps/third_party/lss)

  > 0x276e: sys_close (0x1a)
    0x276e: linux_syscall_support.h:3357 (../deps/third_party/lss)

  > 0x2788: _ZN15google_breakpad13PageAllocatorD4Ev (0x48)
    0x2788: memory_allocator.h:71 (../deps/breakpad/src/common)

    > 0x2788: _ZN15google_breakpad13PageAllocator7FreeAllEv (0x48)
      0x2788: memory_allocator.h:145 (../deps/breakpad/src/common)
      0x2793: memory_allocator.h:144 (../deps/breakpad/src/common)
      0x2797: memory_allocator.h:145 (../deps/breakpad/src/common)
      0x27b9: memory_allocator.h:143 (../deps/breakpad/src/common)

      > 0x2788: sys_munmap (0xb)
        0x2788: linux_syscall_support.h:3454 (../deps/third_party/lss)

      > 0x2797: sys_munmap (0x22)
        0x2797: linux_syscall_support.h:3454 (../deps/third_party/lss)

  > 0x27d0: _ZN15google_breakpad13PageAllocator5AllocEm (0xb)
    0x27d0: memory_allocator.h:91 (../deps/breakpad/src/common)

    > 0x27d0: _ZN15google_breakpad13PageAllocator9GetNPagesEm (0xb)
      0x27d0: memory_allocator.h:120 (../deps/breakpad/src/common)

      > 0x27d0: sys_mmap (0xb)
        0x27d0: linux_syscall_support.h:4064 (../deps/third_party/lss)

  > 0x2809: sys_close (0x26)
    0x2809: linux_syscall_support.h:3357 (../deps/third_party/lss)

  > 0x2832: sys_prctl (0x2f)
    0x2832: linux_syscall_support.h:3479 (../deps/third_party/lss)

  > 0x286e: sys_waitpid (0x1e)
    0x286e: linux_syscall_support.h:4496 (../deps/third_party/lss)

    > 0x286e: sys_wait4 (0x1e)
      0x286e: linux_syscall_support.h:3718 (../deps/third_party/lss)

  > 0x2891: sys_waitpid (0x21)
    0x2891: linux_syscall_support.h:4496 (../deps/third_party/lss)

    > 0x2891: sys_wait4 (0x21)
      0x2891: linux_syscall_support.h:3718 (../deps/third_party/lss)

  > 0x28b5: sys_waitpid (0x2)
    0x28b5: linux_syscall_support.h:4496 (../deps/third_party/lss)

    > 0x28b5: sys_wait4 (0x2)
      0x28b5: linux_syscall_support.h:3718 (../deps/third_party/lss)

  > 0x28cd: sys_close (0x2a)
    0x28cd: linux_syscall_support.h:3357 (../deps/third_party/lss)
    0x28eb: linux_syscall_support.h:3357 (../deps/third_party/lss)

  > 0x2990: _ZN15google_breakpad13PageAllocatorD4Ev (0x2)
    0x2990: memory_allocator.h:71 (../deps/breakpad/src/common)

    > 0x2990: _ZN15google_breakpad13PageAllocator7FreeAllEv (0x2)
      0x2990: memory_allocator.h:143 (../deps/breakpad/src/common)

  > 0x29a5: _ZN15google_breakpad13PageAllocatorD4Ev (0x41)
    0x29a5: memory_allocator.h:71 (../deps/breakpad/src/common)

    > 0x29a5: _ZN15google_breakpad13PageAllocator7FreeAllEv (0x41)
      0x29a5: memory_allocator.h:145 (../deps/breakpad/src/common)
      0x29ae: memory_allocator.h:144 (../deps/breakpad/src/common)
      0x29b2: memory_allocator.h:145 (../deps/breakpad/src/common)
      0x29d4: memory_allocator.h:143 (../deps/breakpad/src/common)

      > 0x29a5: sys_munmap (0x9)
        0x29a5: linux_syscall_support.h:3454 (../deps/third_party/lss)

      > 0x29b2: sys_munmap (0x22)
        0x29b2: linux_syscall_support.h:3454 (../deps/third_party/lss)

> 0x29f0: _ZN15google_breakpad16ExceptionHandler12HandleSignalEiP9siginfo_tPv (0x1da)
  0x29f0: exception_handler.cc:440 (../deps/breakpad/src/client/linux/handler)
  0x2a03: exception_handler.cc:441 (../deps/breakpad/src/client/linux/handler)
  0x2a0b: exception_handler.cc:441 (../deps/breakpad/src/client/linux/handler)
  0x2a15: exception_handler.cc:482 (../deps/breakpad/src/client/linux/handler)
  0x2a20: exception_handler.cc:445 (../deps/breakpad/src/client/linux/handler)
  0x2a23: exception_handler.cc:448 (../deps/breakpad/src/client/linux/handler)
  0x2a2c: exception_handler.cc:449 (../deps/breakpad/src/client/linux/handler)
  0x2a5d: exception_handler.cc:453 (../deps/breakpad/src/client/linux/handler)
  0x2a79: exception_handler.cc:454 (../deps/breakpad/src/client/linux/handler)
  0x2b35: exception_handler.cc:469 (../deps/breakpad/src/client/linux/handler)
  0x2b42: exception_handler.cc:471 (../deps/breakpad/src/client/linux/handler)
  0x2b4a: exception_handler.cc:474 (../deps/breakpad/src/client/linux/handler)
  0x2b5c: exception_handler.cc:475 (../deps/breakpad/src/client/linux/handler)
  0x2b68: exception_handler.cc:476 (../deps/breakpad/src/client/linux/handler)
  0x2b89: exception_handler.cc:482 (../deps/breakpad/src/client/linux/handler)
  0x2b8d: exception_handler.cc:481 (../deps/breakpad/src/client/linux/handler)
  0x2b97: exception_handler.cc:482 (../deps/breakpad/src/client/linux/handler)
  0x2b9d: exception_handler.cc:481 (../deps/breakpad/src/client/linux/handler)
  0x2ba8: exception_handler.cc:448 (../deps/breakpad/src/client/linux/handler)

  > 0x2a2c: sys_prctl (0x31)
    0x2a2c: linux_syscall_support.h:3479 (../deps/third_party/lss)

  > 0x2a5d: memset (0x1c)
    0x2a5d: string3.h:90 (/usr/include/x86_64-linux-gnu/bits)

  > 0x2a79: memcpy (0xbc)
    0x2a79: string3.h:53 (/usr/include/x86_64-linux-gnu/bits)

  > 0x2b42: memcpy (0x8)
    0x2b42: string3.h:53 (/usr/include/x86_64-linux-gnu/bits)

> 0x2bd0: _ZN15google_breakpad16ExceptionHandler13SignalHandlerEiP9siginfo_tPv (0x1ef)
  0x2bd0: exception_handler.cc:328 (../deps/breakpad/src/client/linux/handler)
  0x2be8: exception_handler.cc:328 (../deps/breakpad/src/client/linux/handler)
  0x2bfb: exception_handler.cc:336 (../deps/breakpad/src/client/linux/handler)
  0x2c07: exception_handler.cc:337 (../deps/breakpad/src/client/linux/handler)
  0x2c09: exception_handler.cc:336 (../deps/breakpad/src/client/linux/handler)
  0x2c0d: exception_handler.cc:409 (../deps/breakpad/src/client/linux/handler)
  0x2c38: exception_handler.cc:342 (../deps/breakpad/src/client/linux/handler)
  0x2c3f: exception_handler.cc:355 (../deps/breakpad/src/client/linux/handler)
  0x2c42: exception_handler.cc:342 (../deps/breakpad/src/client/linux/handler)
  0x2c47: exception_handler.cc:355 (../deps/breakpad/src/client/linux/handler)
  0x2c54: exception_handler.cc:356 (../deps/breakpad/src/client/linux/handler)
  0x2c5c: exception_handler.cc:375 (../deps/breakpad/src/client/linux/handler)
  0x2c63: exception_handler.cc:375 (../deps/breakpad/src/client/linux/handler)
  0x2c66: exception_handler.cc:375 (../deps/breakpad/src/client/linux/handler)
  0x2c92: exception_handler.cc:376 (../deps/breakpad/src/client/linux/handler)
  0x2ca8: exception_handler.cc:375 (../deps/breakpad/src/client/linux/handler)
  0x2cad: exception_handler.cc:384 (../deps/breakpad/src/client/linux/handler)
  0x2cb5: exception_handler.cc:387 (../deps/breakpad/src/client/linux/handler)
  0x2cba: exception_handler.cc:390 (../deps/breakpad/src/client/linux/handler)
  0x2cc6: exception_handler.cc:393 (../deps/breakpad/src/client/linux/handler)
  0x2cd8: exception_handler.cc:398 (../deps/breakpad/src/client/linux/handler)
  0x2cec: exception_handler.cc:398 (../deps/breakpad/src/client/linux/handler)
  0x2d0d: exception_handler.cc:398 (../deps/breakpad/src/client/linux/handler)
  0x2d15: exception_handler.cc:402 (../deps/breakpad/src/client/linux/handler)
  0x2d20: exception_handler.cc:355 (../deps/breakpad/src/client/linux/handler)
  0x2d31: exception_handler.cc:356 (../deps/breakpad/src/client/linux/handler)
  0x2d3f: exception_handler.cc:359 (../deps/breakpad/src/client/linux/handler)
  0x2d4b: exception_handler.cc:360 (../deps/breakpad/src/client/linux/handler)
  0x2d56: exception_handler.cc:365 (../deps/breakpad/src/client/linux/handler)
  0x2d5e: exception_handler.cc:362 (../deps/breakpad/src/client/linux/handler)
  0x2d62: exception_handler.cc:363 (../deps/breakpad/src/client/linux/handler)
  0x2d6d: exception_handler.cc:365 (../deps/breakpad/src/client/linux/handler)
  0x2d77: exception_handler.cc:370 (../deps/breakpad/src/client/linux/handler)
  0x2d83: exception_handler.cc:371 (../deps/breakpad/src/client/linux/handler)
  0x2d90: exception_handler.cc:385 (../deps/breakpad/src/client/linux/handler)
  0x2da0: exception_handler.cc:398 (../deps/breakpad/src/client/linux/handler)
  0x2dae: exception_handler.cc:368 (../deps/breakpad/src/client/linux/handler)
  0x2dba: exception_handler.cc:409 (../deps/breakpad/src/client/linux/handler)

  > 0x2c63: _ZNKSt6vectorIPN15google_breakpad16ExceptionHandlerESaIS2_EE4sizeEv (0x3)
    0x2c63: stl_vector.h:655 (/usr/include/c++/5/bits)

  > 0x2cec: sys_tgkill (0x21)
    0x2cec: linux_syscall_support.h:3545 (../deps/third_party/lss)

  > 0x2d90: InstallDefaultHandler (0x10)
    0x2d90: exception_handler.cc:199 (../deps/breakpad/src/client/linux/handler)

  > 0x2da0: sys_tgkill (0xe)
    0x2da0: linux_syscall_support.h:3545 (../deps/third_party/lss)

  > 0x2dae: InstallDefaultHandler (0xc)
    0x2dae: exception_handler.cc:199 (../deps/breakpad/src/client/linux/handler)

