---
source: symbolic-debuginfo/tests/test_objects.rs
expression: "FunctionsDebug::new(&session, &functions)"
---
> 0x11ee: main (0x3e)
  0x11ee: variables.c:92 (/fixture)
  0x11f2: variables.c:93 (/fixture)
  0x11f7: variables.c:94 (/fixture)
  0x1216: variables.c:95 (/fixture)
  0x121b: variables.c:96 (/fixture)
  0x1225: variables.c:97 (/fixture)
  0x122a: variables.c:98 (/fixture)

> 0x11cd: inlining (0x21)
  0x11cd: variables.c:87 (/fixture)
  0x11da: variables.c:88 (/fixture)
  0x11e8: variables.c:88 (/fixture)
  0x11eb: variables.c:89 (/fixture)
  variables:
    outer (parameter)
      type:
        > Primitive: int (SignedInt, 4 bytes)
      0x11cd..0x11ee: frame base -36
    result (local)
      type:
        > Primitive: int (SignedInt, 4 bytes)
      0x11cd..0x11ee: frame base -20

  > 0x11da: inlined (0xe)
    0x11da: variables.c:82 (/fixture)
    0x11e2: variables.c:83 (/fixture)

> 0x118e: aggregates (0x3f)
  0x118e: variables.c:68 (/fixture)
  0x1192: variables.c:69 (/fixture)
  0x11a0: variables.c:70 (/fixture)
  0x11b5: variables.c:71 (/fixture)
  0x11bc: variables.c:72 (/fixture)
  0x11c3: variables.c:73 (/fixture)
  0x11ca: variables.c:74 (/fixture)
  variables:
    point (local)
      type:
        > Unknown
      0x118e..0x11cd: frame base -32
    array (local)
      type:
        > Unknown
      0x118e..0x11cd: frame base -44
    color (local)
      type:
        > Unknown
      0x118e..0x11cd: frame base -20
    value (local)
      type:
        > Unknown
      0x118e..0x11cd: frame base -48
    constant (local)
      type:
        > Unknown
      0x118e..0x11cd: frame base -24

> 0x1173: pointers (0x1b)
  0x1173: variables.c:46 (/fixture)
  0x118b: variables.c:47 (/fixture)
  variables:
    num (parameter)
      type:
        > Pointer (8 bytes)
          > Primitive: int (SignedInt, 4 bytes)
      0x1173..0x118e: frame base -24
    num_ptr (parameter)
      type:
        > Pointer (8 bytes)
          > Pointer (8 bytes)
            > Primitive: int (SignedInt, 4 bytes)
      0x1173..0x118e: frame base -32
    str (parameter)
      type:
        > Pointer (8 bytes)
          > Unknown
      0x1173..0x118e: frame base -40
    any (parameter)
      type:
        > Unknown
      0x1173..0x118e: frame base -48
    fn (parameter)
      type:
        > Pointer (8 bytes)
          > Unknown
      0x1173..0x118e: frame base -56

> 0x1106: primitives (0x6d)
  0x1106: variables.c:23 (/fixture)
  0x110a: variables.c:24 (/fixture)
  0x110e: variables.c:25 (/fixture)
  0x1112: variables.c:26 (/fixture)
  0x1118: variables.c:27 (/fixture)
  0x111e: variables.c:28 (/fixture)
  0x1125: variables.c:29 (/fixture)
  0x112c: variables.c:30 (/fixture)
  0x1134: variables.c:31 (/fixture)
  0x113c: variables.c:32 (/fixture)
  0x1149: variables.c:33 (/fixture)
  0x1156: variables.c:34 (/fixture)
  0x115a: variables.c:35 (/fixture)
  0x1170: variables.c:36 (/fixture)
  variables:
    sc (local)
      type:
        > Primitive: signed char (SignedChar, 1 byte)
      0x1106..0x1173: frame base -17
    uc (local)
      type:
        > Primitive: unsigned char (UnsignedChar, 1 byte)
      0x1106..0x1173: frame base -18
    s (local)
      type:
        > Primitive: short int (SignedInt, 2 bytes)
      0x1106..0x1173: frame base -20
    us (local)
      type:
        > Primitive: short unsigned int (UnsignedInt, 2 bytes)
      0x1106..0x1173: frame base -22
    i (local)
      type:
        > Primitive: int (SignedInt, 4 bytes)
      0x1106..0x1173: frame base -28
    u (local)
      type:
        > Primitive: unsigned int (UnsignedInt, 4 bytes)
      0x1106..0x1173: frame base -32
    ll (local)
      type:
        > Primitive: long long int (SignedInt, 8 bytes)
      0x1106..0x1173: frame base -40
    ull (local)
      type:
        > Primitive: long long unsigned int (UnsignedInt, 8 bytes)
      0x1106..0x1173: frame base -48
    f (local)
      type:
        > Primitive: float (Float, 4 bytes)
      0x1106..0x1173: frame base -52
    d (local)
      type:
        > Primitive: double (Float, 8 bytes)
      0x1106..0x1173: frame base -64
    b (local)
      type:
        > Primitive: _Bool (Boolean, 1 byte)
      0x1106..0x1173: frame base -65
    fc (local)
      type:
        > Primitive: complex float (ComplexFloat, 8 bytes)
      0x1106..0x1173: frame base -76
