---
source: symbolic-debuginfo/tests/test_objects.rs
expression: "FunctionsDebug::new(&session, &functions)"
---
> 0x1040: main (0x66)
  0x1040: variables.c:204 (/fixture)
  0x1041: variables.c:210 (/fixture)
  0x104c: variables.c:210 (/fixture)
  0x1052: variables.c:210 (/fixture)
  0x1054: variables.c:210 (/fixture)
  0x1059: variables.c:210 (/fixture)
  0x105f: variables.c:210 (/fixture)
  0x1061: variables.c:210 (/fixture)
  0x1066: variables.c:211 (/fixture)
  0x106c: variables.c:212 (/fixture)
  0x1074: variables.c:210 (/fixture)
  0x1076: variables.c:211 (/fixture)
  0x107b: variables.c:211 (/fixture)
  0x107d: variables.c:212 (/fixture)
  0x1096: variables.c:212 (/fixture)
  0x109a: variables.c:212 (/fixture)
  0x109c: variables.c:215 (/fixture)
  0x109d: variables.c:213 (/fixture)
  0x10a3: variables.c:215 (/fixture)
  0x10a5: variables.c:215 (/fixture)
  variables:
    result (local)
      type:
        > Primitive: int (SignedInt, 4 bytes)
      0x1076..0x109c: register 3
      0x109c..0x10a5: register 0

> 0x1240: stack_home (0xc)
  0x1240: variables.c:199 (/fixture)
  0x1244: variables.c:200 (/fixture)
  0x124b: variables.c:201 (/fixture)
  variables:
    a (parameter)
      type:
        > Primitive: int (SignedInt, 4 bytes)
      0x1240..0x124c: register 5
    slot (local)
      type:
        > Unknown
      0x1240..0x124c: frame base -12

> 0x1230: optimized_out (0x4)
  0x1230: variables.c:188 (/fixture)
  0x1233: variables.c:189 (/fixture)
  variables:
    a (parameter)
      type:
        > Primitive: int (SignedInt, 4 bytes)
      0x1230..0x1234: register 5

> 0x1210: external_call (0x20)
  0x1210: variables.c:172 (/fixture)
  0x1218: variables.c:173 (/fixture)
  0x121e: variables.c:173 (/fixture)
  0x1220: variables.c:175 (/fixture)
  0x1225: variables.c:177 (/fixture)
  0x1229: variables.c:176 (/fixture)
  0x122b: variables.c:177 (/fixture)
  0x122c: variables.c:176 (/fixture)
  0x122e: variables.c:177 (/fixture)
  0x122f: variables.c:177 (/fixture)
  variables:
    a (parameter)
      type:
        > Primitive: int (SignedInt, 4 bytes)
      0x1210..0x1224: register 5
      0x1224..0x122f: register 6
    kept (local)
      type:
        > Primitive: int (SignedInt, 4 bytes)
      0x1220..0x122c: register 3
    r (local)
      type:
        > Primitive: int (SignedInt, 4 bytes)
      0x1225..0x122b: register 0

> 0x1200: across_call (0xd)
  0x1200: variables.c:159 (/fixture)
  0x1203: variables.c:161 (/fixture)
  0x120a: variables.c:162 (/fixture)
  0x120c: variables.c:163 (/fixture)
  variables:
    a (parameter)
      type:
        > Primitive: int (SignedInt, 4 bytes)
      0x1200..0x120d: register 5
    doubled (local)
      type:
        > Primitive: int (SignedInt, 4 bytes)
      0x1203..0x120d: register 1
    other (local)
      type:
        > Primitive: int (SignedInt, 4 bytes)
      0x120a..0x120c: register 0

> 0x11f0: float_registers (0x10)
  0x11f0: variables.c:144 (/fixture)
  0x11f4: variables.c:146 (/fixture)
  0x11f8: variables.c:148 (/fixture)
  0x11fc: variables.c:149 (/fixture)
  0x11ff: variables.c:149 (/fixture)
  variables:
    a (parameter)
      type:
        > Primitive: float (Float, 4 bytes)
      0x11f0..0x11f4: register 17
    b (parameter)
      type:
        > Primitive: float (Float, 4 bytes)
      0x11f0..0x11f8: register 18
    sum (local)
      type:
        > Primitive: float (Float, 4 bytes)
      0x11f4..0x11ff: register 17
    scaled (local)
      type:
        > Primitive: float (Float, 4 bytes)
      0x11f8..0x11fc: register 18

> 0x11e0: registers (0x9)
  0x11e0: variables.c:131 (/fixture)
  0x11e3: variables.c:133 (/fixture)
  0x11e6: variables.c:135 (/fixture)
  0x11e8: variables.c:136 (/fixture)
  variables:
    a (parameter)
      type:
        > Primitive: int (SignedInt, 4 bytes)
      0x11e0..0x11e9: register 5
    b (parameter)
      type:
        > Primitive: int (SignedInt, 4 bytes)
      0x11e0..0x11e6: register 4
    sum (local)
      type:
        > Primitive: int (SignedInt, 4 bytes)
      0x11e3..0x11e8: register 0
    product (local)
      type:
        > Primitive: int (SignedInt, 4 bytes)
      0x11e6..0x11e9: register 4

> 0x11d0: inlining (0x1)
  0x11d0: variables.c:118 (/fixture)
  variables:
    outer (parameter)
      type:
        > Primitive: int (SignedInt, 4 bytes)
      0x11d0..0x11d1: register 5

> 0x11c0: aggregates (0x1)
  0x11c0: variables.c:103 (/fixture)

> 0x11b0: pointers (0x1)
  0x11b0: variables.c:76 (/fixture)
  variables:
    num (parameter)
      type:
        > Pointer (8 bytes)
          > Primitive: int (SignedInt, 4 bytes)
      0x11b0..0x11b1: register 5
    num_ptr (parameter)
      type:
        > Pointer (8 bytes)
          > Pointer (8 bytes)
            > Primitive: int (SignedInt, 4 bytes)
      0x11b0..0x11b1: register 4
    str (parameter)
      type:
        > Pointer (8 bytes)
          > Unknown
      0x11b0..0x11b1: register 1
    any (parameter)
      type:
        > Unknown
      0x11b0..0x11b1: register 2
    fn (parameter)
      type:
        > Pointer (8 bytes)
          > Unknown
      0x11b0..0x11b1: register 8

> 0x11a0: primitives (0x1)
  0x11a0: variables.c:65 (/fixture)
