---
source: symbolic-symcache/tests/test_writer.rs
expression: FunctionsDebug(&symcache)

---
               0 _mh_execute_header
             d20 _ZN15google_breakpad18MinidumpFileWriterC2Ev
             d40 _ZN15google_breakpad18MinidumpFileWriterC1Ev
             d60 _ZN15google_breakpad18MinidumpFileWriterD2Ev
             da0 _ZN15google_breakpad18MinidumpFileWriter5CloseEv
             de0 _ZN15google_breakpad18MinidumpFileWriterD1Ev
             e20 _ZN15google_breakpad18MinidumpFileWriter4OpenEPKc
             e70 _ZN15google_breakpad18MinidumpFileWriter7SetFileEi
             ea0 _ZN15google_breakpad18MinidumpFileWriter20CopyStringToMDStringEPKwjPNS_10TypedMDRVAI8MDStringEE
             ff0 _ZN15google_breakpad18MinidumpFileWriter20CopyStringToMDStringEPKcjPNS_10TypedMDRVAI8MDStringEE
            1140 _ZN15google_breakpad18MinidumpFileWriter11WriteStringEPKwjP20MDLocationDescriptor
            1150 _ZN15google_breakpad18MinidumpFileWriter15WriteStringCoreIwEEbPKT_jP20MDLocationDescriptor
            1420 _ZN15google_breakpad18MinidumpFileWriter11WriteStringEPKcjP20MDLocationDescriptor
            1430 _ZN15google_breakpad18MinidumpFileWriter15WriteStringCoreIcEEbPKT_jP20MDLocationDescriptor
            1700 _ZN15google_breakpad18MinidumpFileWriter11WriteMemoryEPKvmP18MDMemoryDescriptor
            17d0 _ZN15google_breakpad12UntypedMDRVA8AllocateEm
            18e0 _ZN15google_breakpad18MinidumpFileWriter8AllocateEm
            19a0 _ZN15google_breakpad18MinidumpFileWriter4CopyEjPKvl
            1a70 _ZN15google_breakpad12UntypedMDRVA4CopyEjPKvm
            1b70 _ZN15google_breakpad21CrashGenerationClient23RequestDumpForExceptionEiiij
            1d30 _ZN15google_breakpad14ReadTaskMemoryEjymRNSt3__16vectorIhNS0_9allocatorIhEEEE
            1df0 _ZN15google_breakpad12DynamicImage29CalculateMemoryAndVersionInfoEv
            1fb0 _ZN15google_breakpad12DynamicImage11GetFileTypeEv
            1fc0 _ZN15google_breakpad13DynamicImagesC2Ej
            2080 _ZN15google_breakpad13DynamicImages20DetermineTaskCPUTypeEj
            2160 _ZN15google_breakpad13DynamicImages20ReadImageInfoForTaskEv
            21c0 _ZN15google_breakpad13DynamicImagesC1Ej
            21d0 _ZN15google_breakpad13DynamicImages27GetDyldAllImageInfosPointerEv
            2210 _ZN15google_breakpad13ReadImageInfoINS_7MachO64EEEvRNS_13DynamicImagesEy
            27e0 _ZN15google_breakpad13ReadImageInfoINS_7MachO32EEEvRNS_13DynamicImagesEy
            2db0 _ZN15google_breakpad13DynamicImages18GetExecutableImageEv
            2e00 _ZN15google_breakpad13DynamicImages23GetExecutableImageIndexEv
            2e40 _ZNSt3__16vectorIhNS_9allocatorIhEEE8__appendEm
            3010 _ZN15google_breakpadL14ReadTaskStringEjy
            31d0 _ZN15google_breakpad12DynamicImageC2EPhmyNSt3__112basic_stringIcNS2_11char_traitsIcEENS2_9allocatorIcEEEEmji
            32f0 _ZNSt3__16vectorIN15google_breakpad15DynamicImageRefENS_9allocatorIS2_EEE21__push_back_slow_pathIS2_EEvOT_
            3480 _ZNSt3__16__sortIRNS_6__lessIN15google_breakpad15DynamicImageRefES3_EEPS3_EEvT0_S7_T_
            3aa0 _ZNSt3__17__sort5IRNS_6__lessIN15google_breakpad15DynamicImageRefES3_EEPS3_EEjT0_S7_S7_S7_S7_T_
            3bf0 _ZNSt3__127__insertion_sort_incompleteIRNS_6__lessIN15google_breakpad15DynamicImageRefES3_EEPS3_EEbT0_S7_T_
            3ec0 _ZN15google_breakpad19breakpad_exc_serverEP17mach_msg_header_tS1_
            3ed0 catch_exception_raise
            3ef0 _ZN15google_breakpad16ForwardExceptionEjjiPij
            3ff0 _ZN15google_breakpad16ExceptionHandlerC2ERKNSt3__112basic_stringIcNS1_11char_traitsIcEENS1_9allocatorIcEEEEPFbPvEPFbPKcSE_SA_bESA_bSE_
            4180 _ZN15google_breakpad16ExceptionHandler5SetupEb
            42a0 _ZN15google_breakpad10scoped_ptrINS_21CrashGenerationClientEED1Ev
            42b0 _ZN15google_breakpad10scoped_ptrI9sigactionED1Ev
            42c0 _ZN15google_breakpad16ExceptionHandlerC1ERKNSt3__112basic_stringIcNS1_11char_traitsIcEENS1_9allocatorIcEEEEPFbPvEPFbPKcSE_SA_bESA_bSE_
            42d0 _ZN15google_breakpad16ExceptionHandlerC2EPFbPviiijES1_b
            4400 _ZN15google_breakpad16ExceptionHandlerC1EPFbPviiijES1_b
            4410 _ZN15google_breakpad16ExceptionHandlerD2Ev
            4580 _ZN15google_breakpad16ExceptionHandler8TeardownEv
            4680 __clang_call_terminate
            4690 _ZN15google_breakpad16ExceptionHandlerD1Ev
            46a0 _ZN15google_breakpad16ExceptionHandler13WriteMinidumpEb
            47c0 _ZN15google_breakpad16ExceptionHandler26SendMessageToHandlerThreadENS_20HandlerThreadMessageE
            4880 _ZN15google_breakpad16ExceptionHandler12UpdateNextIDEv
            4940 _ZN15google_breakpad16ExceptionHandler13WriteMinidumpERKNSt3__112basic_stringIcNS1_11char_traitsIcEENS1_9allocatorIcEEEEbPFbPKcSB_PvbESC_
            49e0 _ZN15google_breakpad16ExceptionHandler21WriteMinidumpForChildEjjRKNSt3__112basic_stringIcNS1_11char_traitsIcEENS1_9allocatorIcEEEEPFbPKcSB_PvbESC_
            4b20 _ZN15google_breakpad16ExceptionHandler26WriteMinidumpWithExceptionEiiiP17__darwin_ucontextjbb
            4d80 _ZN15google_breakpad16ExceptionHandler14WaitForMessageEPv
            5060 _ZN15google_breakpad16ExceptionHandler14SuspendThreadsEv
            50d0 _ZN15google_breakpad16ExceptionHandler13ResumeThreadsEv
            5140 _ZN15google_breakpad16ExceptionHandler16UninstallHandlerEb
            5230 _ZN15google_breakpad16ExceptionHandler13SignalHandlerEiP9__siginfoPv
            5280 _ZN15google_breakpad16ExceptionHandler14InstallHandlerEv
            53f0 _ZN15google_breakpad17MinidumpGeneratorC2Ev
            5710 _ZN15google_breakpad17MinidumpGenerator23GatherSystemInformationEv
            5970 _ZN15google_breakpad17MinidumpGeneratorC1Ev
            5980 _ZN15google_breakpad17MinidumpGeneratorC2Ejj
            5cd0 _ZN15google_breakpad17MinidumpGeneratorC1Ejj
            5ce0 _ZN15google_breakpad17MinidumpGeneratorD2Ev
            5d80 _ZN15google_breakpad17MinidumpGeneratorD1Ev
            5d90 _ZN15google_breakpad17MinidumpGeneratorD0Ev
            5db0 _ZN15google_breakpad17MinidumpGenerator14SetTaskContextEP17__darwin_ucontext
            5dc0 _ZN15google_breakpad17MinidumpGenerator21UniqueNameInDirectoryERKNSt3__112basic_stringIcNS1_11char_traitsIcEENS1_9allocatorIcEEEEPS7_
            5ee0 _ZN15google_breakpad17MinidumpGenerator5WriteEPKc
            61a0 _ZN15google_breakpad17MinidumpGenerator21WriteThreadListStreamEP14MDRawDirectory
            63f0 _ZN15google_breakpad17MinidumpGenerator21WriteMemoryListStreamEP14MDRawDirectory
            6910 _ZN15google_breakpad17MinidumpGenerator21WriteSystemInfoStreamEP14MDRawDirectory
            6b70 _ZN15google_breakpad17MinidumpGenerator21WriteModuleListStreamEP14MDRawDirectory
            6e00 _ZN15google_breakpad17MinidumpGenerator19WriteMiscInfoStreamEP14MDRawDirectory
            7060 _ZN15google_breakpad17MinidumpGenerator23WriteBreakpadInfoStreamEP14MDRawDirectory
            7170 _ZN15google_breakpad17MinidumpGenerator18CalculateStackSizeEy
            7290 _ZN15google_breakpad17MinidumpGenerator26WriteStackFromStartAddressEyP18MDMemoryDescriptor
            7410 _ZN15google_breakpad17MinidumpGenerator10WriteStackEPjP18MDMemoryDescriptor
            7440 _ZN15google_breakpad17MinidumpGenerator13WriteStackX86EPjP18MDMemoryDescriptor
            7450 _ZN15google_breakpad17MinidumpGenerator16WriteStackX86_64EPjP18MDMemoryDescriptor
            7460 _ZN15google_breakpad17MinidumpGenerator12WriteContextEPjP20MDLocationDescriptor
            7490 _ZN15google_breakpad17MinidumpGenerator15WriteContextX86EPjP20MDLocationDescriptor
            7640 _ZN15google_breakpad17MinidumpGenerator18WriteContextX86_64EPjP20MDLocationDescriptor
            7810 _ZN15google_breakpad17MinidumpGenerator17CurrentPCForStackEPj
            7850 _ZN15google_breakpad17MinidumpGenerator20CurrentPCForStackX86EPj
            7860 _ZN15google_breakpad17MinidumpGenerator23CurrentPCForStackX86_64EPj
            7870 _ZN15google_breakpad17MinidumpGenerator14GetThreadStateEjPjS1_
            7930 _ZN15google_breakpad17MinidumpGenerator17WriteThreadStreamEjP11MDRawThread
            7ae0 _ZN15google_breakpad17MinidumpGenerator20WriteExceptionStreamEP14MDRawDirectory
            7d60 _ZN15google_breakpad17MinidumpGenerator17WriteModuleStreamEjP11MDRawModule
            8100 _ZN15google_breakpad17MinidumpGenerator20FindExecutableModuleEv
            8150 _ZN15google_breakpad17MinidumpGenerator13WriteCVRecordEP11MDRawModuleiPKcb
            8500 _ZN15google_breakpad13DynamicImagesD2Ev
            85b0 _ZNSt3__114__split_bufferI18MDMemoryDescriptorRN15google_breakpad16PageStdAllocatorIS1_EEEC2EmmS5_
            8710 _ZNSt3__16vectorI18MDMemoryDescriptorN15google_breakpad16PageStdAllocatorIS1_EEE21__push_back_slow_pathIRKS1_EEvOT_
            8990 ConvertUTF32toUTF16
            8b40 ConvertUTF16toUTF32
            8c60 ConvertUTF16toUTF8
            8f70 isLegalUTF8Sequence
            90d0 ConvertUTF8toUTF16
            93c0 ConvertUTF32toUTF8
            9630 ConvertUTF8toUTF32
            9b20 _ZN15google_breakpad7MD5InitEPNS_10MD5ContextE
            9b40 _ZN15google_breakpad9MD5UpdateEPNS_10MD5ContextEPKhm
            9c80 _ZN15google_breakpadL12MD5TransformEPjPKj
            a370 _ZN15google_breakpad8MD5FinalEPhPNS_10MD5ContextE
            a480 _ZN15google_breakpad11UTF8ToUTF16EPKcPNSt3__16vectorItNS2_9allocatorItEEEE
            a570 _ZNSt3__16vectorItNS_9allocatorItEEE6insertENS_11__wrap_iterIPKtEEmRS5_
            ac00 _ZN15google_breakpad15UTF8ToUTF16CharEPKciPt
            ac80 _ZN15google_breakpad12UTF32ToUTF16EPKwPNSt3__16vectorItNS2_9allocatorItEEEE
            ad70 _ZN15google_breakpad16UTF32ToUTF16CharEwPt
            adc0 _ZN15google_breakpad11UTF16ToUTF8ERKNSt3__16vectorItNS0_9allocatorItEEEEb
            b080 _ZNSt3__16vectorItNS_9allocatorItEEE8__appendEm
            b1a0 _ZN8breakpad17BootstrapRegisterEjPcj
            b1b0 _ZN15google_breakpad6FileIDC2EPKc
            b1d0 _ZN15google_breakpad6FileIDC1EPKc
            b1f0 _ZN15google_breakpad6FileID14FileIdentifierEPh
            b2d0 _ZN15google_breakpad6FileID15MachoIdentifierEiiPh
            b380 _ZN15google_breakpad6FileID25ConvertIdentifierToStringEPKhPci
            b410 _ZN16MacFileUtilities7MachoIDC2EPKc
            b4e0 _ZN16MacFileUtilities7MachoIDC1EPKc
            b5b0 _ZN16MacFileUtilities7MachoIDC2EPKcPvm
            b670 _ZN16MacFileUtilities7MachoIDC1EPKcPvm
            b730 _ZN16MacFileUtilities7MachoIDD2Ev
            b740 _ZN16MacFileUtilities7MachoIDD1Ev
            b750 _ZN16MacFileUtilities7MachoID9UpdateCRCEPhm
            b9d0 _ZN16MacFileUtilities7MachoID9UpdateMD5EPhm
            b9e0 _ZN16MacFileUtilities7MachoID6UpdateEPNS_11MachoWalkerExm
            bad0 _ZN16MacFileUtilities7MachoID11UUIDCommandEiiPh
            bb40 _ZN16MacFileUtilities7MachoID10WalkHeaderEiiPFbPNS_11MachoWalkerEP12load_commandxbPvES5_
            bbd0 _ZN16MacFileUtilities7MachoID12UUIDWalkerCBEPNS_11MachoWalkerEP12load_commandxbPv
            bc10 _ZN16MacFileUtilities7MachoID9IDCommandEiiPh
            bd00 _ZN16MacFileUtilities7MachoID10IDWalkerCBEPNS_11MachoWalkerEP12load_commandxbPv
            bd40 _ZN16MacFileUtilities7MachoID7Adler32Eii
            bd80 _ZN16MacFileUtilities7MachoID8WalkerCBEPNS_11MachoWalkerEP12load_commandxbPv
            c320 _ZN16MacFileUtilities7MachoID3MD5EiiPh
            c390 _Z26breakpad_swap_uuid_commandP21breakpad_uuid_command
            c3a0 _Z26breakpad_swap_load_commandP12load_command
            c3b0 _Z27breakpad_swap_dylib_commandP13dylib_command
            c3e0 _Z29breakpad_swap_segment_commandP15segment_command
            c420 _Z32breakpad_swap_segment_command_64P18segment_command_64
            c490 _Z24breakpad_swap_fat_headerP10fat_header
            c4a0 _Z22breakpad_swap_fat_archP8fat_archj
            c530 _Z25breakpad_swap_mach_headerP11mach_header
            c560 _Z28breakpad_swap_mach_header_64P14mach_header_64
            c590 _Z21breakpad_swap_sectionP7sectionj
            c660 _Z24breakpad_swap_section_64P10section_64j
            c6c0 _ZN16MacFileUtilities11MachoWalkerC2EPKcPFbPS0_P12load_commandxbPvES6_
            c710 _ZN16MacFileUtilities11MachoWalkerC1EPKcPFbPS0_P12load_commandxbPvES6_
            c760 _ZN16MacFileUtilities11MachoWalkerC2EPvmPFbPS0_P12load_commandxbS1_ES1_
            c790 _ZN16MacFileUtilities11MachoWalkerC1EPvmPFbPS0_P12load_commandxbS1_ES1_
            c7c0 _ZN16MacFileUtilities11MachoWalkerD2Ev
            c7e0 _ZN16MacFileUtilities11MachoWalkerD1Ev
            c800 _ZN16MacFileUtilities11MachoWalker10WalkHeaderEii
            c960 _ZN16MacFileUtilities11MachoWalker10FindHeaderEiiRx
            cd00 _ZN16MacFileUtilities11MachoWalker20WalkHeader64AtOffsetEx
            cdf0 _ZN16MacFileUtilities11MachoWalker18WalkHeaderAtOffsetEx
            cf10 _ZN16MacFileUtilities11MachoWalker9ReadBytesEPvmx
            cf70 _ZN16MacFileUtilities11MachoWalker13CurrentHeaderEP14mach_header_64Px
            cfb0 _ZN16MacFileUtilities11MachoWalker14WalkHeaderCoreExjb
            d160 _ZN14MacStringUtils15ConvertToStringEPK10__CFString
            d270 _ZN14MacStringUtils19IntegerValueAtIndexERNSt3__112basic_stringIcNS0_11char_traitsIcEENS0_9allocatorIcEEEEj
            d590 _ZN15google_breakpad15MachSendMessageC2Ei
            d5e0 _ZN15google_breakpad11MachMessage18SetDescriptorCountEi
            d600 _ZN15google_breakpad11MachMessage7SetDataEPvi
            d680 _ZN15google_breakpad15MachSendMessageC1Ei
            d6c0 _ZN15google_breakpad11MachMessage13CalculateSizeEv
            d6e0 _ZN15google_breakpad11MachMessage13GetDataPacketEv
            d6f0 _ZN15google_breakpad11MachMessage13SetDescriptorEiRKNS_21MachMsgPortDescriptorE
            d710 _ZN15google_breakpad11MachMessage13AddDescriptorERKNS_21MachMsgPortDescriptorE
            d7c0 _ZN15google_breakpad11MachMessage13GetDescriptorEi
            d7e0 _ZN15google_breakpad11MachMessage17GetTranslatedPortEi
            d800 _ZN15google_breakpad11ReceivePortC2EPKc
            d890 _ZN15google_breakpad11ReceivePortC1EPKc
            d920 _ZN15google_breakpad11ReceivePortC2Ev
            d960 _ZN15google_breakpad11ReceivePortC1Ev
            d9a0 _ZN15google_breakpad11ReceivePortC2Ej
            d9b0 _ZN15google_breakpad11ReceivePortC1Ej
            d9c0 _ZN15google_breakpad11ReceivePortD2Ev
            d9f0 _ZN15google_breakpad11ReceivePortD1Ev
            da20 _ZN15google_breakpad11ReceivePort14WaitForMessageEPNS_18MachReceiveMessageEj
            da90 _ZN15google_breakpad14MachPortSenderC2EPKc
            dae0 _ZN15google_breakpad14MachPortSenderC1EPKc
            db30 _ZN15google_breakpad14MachPortSenderC2Ej
            db40 _ZN15google_breakpad14MachPortSenderC1Ej
            db50 _ZN15google_breakpad14MachPortSender11SendMessageERNS_15MachSendMessageEj
            dba0 main
            dc70 _ZN12_GLOBAL__N_18callbackEPKcS1_Pvb
        ffffffff _ZN15google_breakpad18MinidumpFileWriterC2Ev
        ffffffff _ZN15google_breakpad18MinidumpFileWriter5CloseEv
        ffffffff _ZN15google_breakpad18MinidumpFileWriterD2Ev
        ffffffff _ZN15google_breakpad10TypedMDRVAI8MDStringE20CopyIndexAfterObjectEjPKvm
        ffffffff _ZN15google_breakpad18MinidumpFileWriter4CopyEjPKvl
        ffffffff _ZN15google_breakpad10TypedMDRVAI8MDStringEC1EPNS_18MinidumpFileWriterE
        ffffffff _ZN15google_breakpad10TypedMDRVAI8MDStringEC2EPNS_18MinidumpFileWriterE
        ffffffff _ZN15google_breakpad12UntypedMDRVAC2EPNS_18MinidumpFileWriterE
        ffffffff _ZNK15google_breakpad18MinidumpFileWriter8positionEv
        ffffffff _ZN15google_breakpad10TypedMDRVAI8MDStringE22AllocateObjectAndArrayEmm
        ffffffff _ZNK15google_breakpad12UntypedMDRVA8locationEv
        ffffffff _ZN15google_breakpad10TypedMDRVAI8MDStringED1Ev
        ffffffff _ZN15google_breakpad10TypedMDRVAI8MDStringED2Ev
        ffffffff _ZN15google_breakpad10TypedMDRVAI8MDStringE5FlushEv
        ffffffff _ZN15google_breakpad12UntypedMDRVAC1EPNS_18MinidumpFileWriterE
        ffffffff _ZN15google_breakpad12UntypedMDRVA4CopyEPKvm
        ffffffff _ZN15google_breakpad18MinidumpFileWriter8AllocateEm
        ffffffff _ZN15google_breakpad21MachMsgPortDescriptorC1Ej
        ffffffff _ZN15google_breakpad21MachMsgPortDescriptorC2Ej
        ffffffff _ZNK15google_breakpad11ReceivePort7GetPortEv
        ffffffff _ZN15google_breakpad18MachReceiveMessageC1Ev
        ffffffff _ZN15google_breakpad18MachReceiveMessageC2Ev
        ffffffff _ZN15google_breakpad11MachMessageC2Ev
        ffffffff _ZNKSt3__16__lessIN15google_breakpad15DynamicImageRefES2_EclERKS2_S5_
        ffffffff _ZNK15google_breakpad15DynamicImageRefltERKS0_
        ffffffff _ZNSt3__14swapIN15google_breakpad15DynamicImageRefEEENS_9enable_ifIXaasr21is_move_constructibleIT_EE5valuesr18is_move_assignableIS4_EE5valueEvE4typeERS4_S7_
        ffffffff _ZN15google_breakpad12DynamicImageltERKS0_
        ffffffff _ZNK15google_breakpad12DynamicImage14GetLoadAddressEv
        ffffffff _ZNSt3__17__sort3IRNS_6__lessIN15google_breakpad15DynamicImageRefES3_EEPS3_EEjT0_S7_S7_T_
        ffffffff _ZNSt3__17__sort4IRNS_6__lessIN15google_breakpad15DynamicImageRefES3_EEPS3_EEjT0_S7_S7_S7_T_
        ffffffff _ZN15google_breakpad15DynamicImageRefC1ERKS0_
        ffffffff _ZN15google_breakpad15DynamicImageRefC2ERKS0_
        ffffffff _ZNSt3__118__insertion_sort_3IRNS_6__lessIN15google_breakpad15DynamicImageRefES3_EEPS3_EEvT0_S7_T_
        ffffffff _ZNSt3__16vectorIhNS_9allocatorIhEEEC1Ev
        ffffffff _ZNSt3__16vectorIhNS_9allocatorIhEEEC2Ev
        ffffffff _ZNSt3__113__vector_baseIhNS_9allocatorIhEEEC2Ev
        ffffffff _ZNSt3__16vectorIhNS_9allocatorIhEEEixEm
        ffffffff _ZNSt3__16vectorIhNS_9allocatorIhEEED1Ev
        ffffffff _ZNSt3__16vectorIhNS_9allocatorIhEEED2Ev
        ffffffff _ZNSt3__113__vector_baseIhNS_9allocatorIhEEED2Ev
        ffffffff _ZNSt3__113__vector_baseIhNS_9allocatorIhEEE5clearEv
        ffffffff _ZNSt3__113__vector_baseIhNS_9allocatorIhEEE17__destruct_at_endEPh
        ffffffff _ZNSt3__116allocator_traitsINS_9allocatorIhEEE10deallocateERS2_Phm
        ffffffff _ZNSt3__19allocatorIhE10deallocateEPhm
        ffffffff _ZNSt3__112__deallocateEPv
        ffffffff _ZNSt3__16vectorIN15google_breakpad15DynamicImageRefENS_9allocatorIS2_EEE7reserveEm
        ffffffff _ZNKSt3__16vectorIN15google_breakpad15DynamicImageRefENS_9allocatorIS2_EEE8capacityEv
        ffffffff _ZNKSt3__113__vector_baseIN15google_breakpad15DynamicImageRefENS_9allocatorIS2_EEE8capacityEv
        ffffffff _ZNKSt3__16vectorIN15google_breakpad15DynamicImageRefENS_9allocatorIS2_EEE4sizeEv
        ffffffff _ZNSt3__114__split_bufferIN15google_breakpad15DynamicImageRefERNS_9allocatorIS2_EEEC1EmmS5_
        ffffffff _ZNSt3__114__split_bufferIN15google_breakpad15DynamicImageRefERNS_9allocatorIS2_EEEC2EmmS5_
        ffffffff _ZNSt3__116allocator_traitsINS_9allocatorIN15google_breakpad15DynamicImageRefEEEE8allocateERS4_m
        ffffffff _ZNSt3__19allocatorIN15google_breakpad15DynamicImageRefEE8allocateEmPKv
        ffffffff _ZNSt3__110__allocateEm
        ffffffff _ZNSt3__16vectorIN15google_breakpad15DynamicImageRefENS_9allocatorIS2_EEE26__swap_out_circular_bufferERNS_14__split_bufferIS2_RS4_EE
        ffffffff _ZNSt3__116allocator_traitsINS_9allocatorIN15google_breakpad15DynamicImageRefEEEE20__construct_backwardIPS3_EEvRS4_T_S9_RS9_
        ffffffff _ZNSt3__116allocator_traitsINS_9allocatorIN15google_breakpad15DynamicImageRefEEEE9constructIS3_JRKS3_EEEvRS4_PT_DpOT0_
        ffffffff _ZNSt3__116allocator_traitsINS_9allocatorIN15google_breakpad15DynamicImageRefEEEE11__constructIS3_JRKS3_EEEvNS_17integral_constantIbLb1EEERS4_PT_DpOT0_
        ffffffff _ZNSt3__19allocatorIN15google_breakpad15DynamicImageRefEE9constructIS2_JRKS2_EEEvPT_DpOT0_
        ffffffff _ZNSt3__14swapIPN15google_breakpad15DynamicImageRefEEENS_9enable_ifIXaasr21is_move_constructibleIT_EE5valuesr18is_move_assignableIS5_EE5valueEvE4typeERS5_S8_
        ffffffff _ZNSt3__114__split_bufferIN15google_breakpad15DynamicImageRefERNS_9allocatorIS2_EEED1Ev
        ffffffff _ZNSt3__114__split_bufferIN15google_breakpad15DynamicImageRefERNS_9allocatorIS2_EEED2Ev
        ffffffff _ZNSt3__116allocator_traitsINS_9allocatorIN15google_breakpad15DynamicImageRefEEEE10deallocateERS4_PS3_m
        ffffffff _ZNSt3__19allocatorIN15google_breakpad15DynamicImageRefEE10deallocateEPS2_m
        ffffffff _ZNSt3__16vectorIN15google_breakpad15DynamicImageRefENS_9allocatorIS2_EEE9push_backEOS2_
        ffffffff _ZNSt3__116allocator_traitsINS_9allocatorIN15google_breakpad15DynamicImageRefEEEE9constructIS3_JS3_EEEvRS4_PT_DpOT0_
        ffffffff _ZNSt3__116allocator_traitsINS_9allocatorIN15google_breakpad15DynamicImageRefEEEE11__constructIS3_JS3_EEEvNS_17integral_constantIbLb1EEERS4_PT_DpOT0_
        ffffffff _ZNSt3__19allocatorIN15google_breakpad15DynamicImageRefEE9constructIS2_JS2_EEEvPT_DpOT0_
        ffffffff _ZN15google_breakpad15DynamicImageRefC1EPNS_12DynamicImageE
        ffffffff _ZN15google_breakpad15DynamicImageRefC2EPNS_12DynamicImageE
        ffffffff _ZN15google_breakpad12DynamicImage7IsValidEv
        ffffffff _ZN15google_breakpad12DynamicImageD1Ev
        ffffffff _ZN15google_breakpad12DynamicImageD2Ev
        ffffffff _ZNSt3__112basic_stringIcNS_11char_traitsIcEENS_9allocatorIcEEEC1Ev
        ffffffff _ZNSt3__112basic_stringIcNS_11char_traitsIcEENS_9allocatorIcEEEC2Ev
        ffffffff _ZNSt3__112basic_stringIcNS_11char_traitsIcEENS_9allocatorIcEEE6__zeroEv
        ffffffff _ZNSt3__112basic_stringIcNS_11char_traitsIcEENS_9allocatorIcEEEaSEOS5_
        ffffffff _ZNSt3__112basic_stringIcNS_11char_traitsIcEENS_9allocatorIcEEE13__move_assignERS5_NS_17integral_constantIbLb1EEE
        ffffffff _ZNSt3__112basic_stringIcNS_11char_traitsIcEENS_9allocatorIcEEE5clearEv
        ffffffff _ZNKSt3__112basic_stringIcNS_11char_traitsIcEENS_9allocatorIcEEE9__is_longEv
        ffffffff _ZNSt3__112basic_stringIcNS_11char_traitsIcEENS_9allocatorIcEEE16__set_short_sizeEm
        ffffffff _ZNSt3__112basic_stringIcNS_11char_traitsIcEENS_9allocatorIcEEE18__get_long_pointerEv
        ffffffff _ZNSt3__111char_traitsIcE6assignERcRKc
        ffffffff _ZNSt3__112basic_stringIcNS_11char_traitsIcEENS_9allocatorIcEEE15__set_long_sizeEm
        ffffffff _ZNSt3__112basic_stringIcNS_11char_traitsIcEENS_9allocatorIcEEE13shrink_to_fitEv
        ffffffff _ZN15google_breakpad12DynamicImageC1EPhmyNSt3__112basic_stringIcNS2_11char_traitsIcEENS2_9allocatorIcEEEEmji
        ffffffff _ZNSt3__16vectorIN15google_breakpad15DynamicImageRefENS_9allocatorIS2_EEE3endEv
        ffffffff _ZNSt3__16vectorIN15google_breakpad15DynamicImageRefENS_9allocatorIS2_EEE5beginEv
        ffffffff _ZNSt3__14sortIN15google_breakpad15DynamicImageRefEEEvNS_11__wrap_iterIPT_EES6_
        ffffffff _ZNSt3__14sortIPN15google_breakpad15DynamicImageRefEEEvT_S4_
        ffffffff _ZNSt3__14sortIPN15google_breakpad15DynamicImageRefENS_6__lessIS2_S2_EEEEvT_S6_T0_
        ffffffff _ZNSt3__16uniqueINS_11__wrap_iterIPN15google_breakpad15DynamicImageRefEEEEET_S6_S6_
        ffffffff _ZNSt3__16uniqueINS_11__wrap_iterIPN15google_breakpad15DynamicImageRefEEENS_10__equal_toIS3_S3_EEEET_S8_S8_T0_
        ffffffff _ZNSt3__113adjacent_findINS_11__wrap_iterIPN15google_breakpad15DynamicImageRefEEERNS_10__equal_toIS3_S3_EEEET_S9_S9_T0_
        ffffffff _ZNSt3__1neIPN15google_breakpad15DynamicImageRefEEEbRKNS_11__wrap_iterIT_EES8_
        ffffffff _ZNKSt3__110__equal_toIN15google_breakpad15DynamicImageRefES2_EclERKS2_S5_
        ffffffff _ZNK15google_breakpad15DynamicImageRefeqERKS0_
        ffffffff _ZN15google_breakpad15DynamicImageRefcvPNS_12DynamicImageEEv
        ffffffff _ZNSt3__111__wrap_iterIPN15google_breakpad15DynamicImageRefEEppEv
        ffffffff _ZNSt3__16vectorIN15google_breakpad15DynamicImageRefENS_9allocatorIS2_EEE5eraseENS_11__wrap_iterIPKS2_EES9_
        ffffffff _ZNSt3__1neIPKN15google_breakpad15DynamicImageRefEEEbRKNS_11__wrap_iterIT_EES9_
        ffffffff _ZNSt3__14moveIPN15google_breakpad15DynamicImageRefES3_EET0_T_S5_S4_
        ffffffff _ZNSt3__16__moveIN15google_breakpad15DynamicImageRefES2_EENS_9enable_ifIXaasr7is_sameINS_12remove_constIT_E4typeET0_EE5valuesr28is_trivially_copy_assignableIS8_EE5valueEPS8_E4typeEPS5_SC_S9_
        ffffffff _ZNSt3__16vectorIN15google_breakpad15DynamicImageRefENS_9allocatorIS2_EEE17__destruct_at_endEPS2_
        ffffffff _ZNSt3__113__vector_baseIN15google_breakpad15DynamicImageRefENS_9allocatorIS2_EEE17__destruct_at_endEPS2_
        ffffffff _ZNSt3__113__vector_baseIN15google_breakpad15DynamicImageRefENS_9allocatorIS2_EEE7__allocEv
        ffffffff _ZNSt3__16vectorIhNS_9allocatorIhEEE6resizeEm
        ffffffff _ZNKSt3__16vectorIhNS_9allocatorIhEEE4sizeEv
        ffffffff _ZNSt3__16vectorIhNS_9allocatorIhEEE17__destruct_at_endEPh
        ffffffff _ZN15google_breakpadL19GetMemoryRegionSizeEjyPy
        ffffffff _ZNSt3__112basic_stringIcNS_11char_traitsIcEENS_9allocatorIcEEEC1EPKc
        ffffffff _ZNSt3__112basic_stringIcNS_11char_traitsIcEENS_9allocatorIcEEEC2EPKc
        ffffffff _ZNSt3__117__compressed_pairINS_12basic_stringIcNS_11char_traitsIcEENS_9allocatorIcEEE5__repES5_EC1Ev
        ffffffff _ZNSt3__117__compressed_pairINS_12basic_stringIcNS_11char_traitsIcEENS_9allocatorIcEEE5__repES5_EC2Ev
        ffffffff _ZNSt3__128__libcpp_compressed_pair_impINS_12basic_stringIcNS_11char_traitsIcEENS_9allocatorIcEEE5__repES5_Lj2EEC2Ev
        ffffffff _ZNSt3__111char_traitsIcE6lengthEPKc
        ffffffff _ZN15google_breakpad12DynamicImage7Is64BitEv
        ffffffff _ZN15google_breakpad15FindTextSectionINS_7MachO64EEEbRNS_12DynamicImageE
        ffffffff _ZNKSt3__16vectorIhNS_9allocatorIhEEEixEm
        ffffffff _ZN15google_breakpad15FindTextSectionINS_7MachO32EEEbRNS_12DynamicImageE
        ffffffff _ZN15google_breakpad21GetFileTypeFromHeaderINS_7MachO64EEEjRNS_12DynamicImageE
        ffffffff _ZNSt3__16vectorIN15google_breakpad15DynamicImageRefENS_9allocatorIS2_EEEC1Ev
        ffffffff _ZNSt3__16vectorIN15google_breakpad15DynamicImageRefENS_9allocatorIS2_EEEC2Ev
        ffffffff _ZNSt3__113__vector_baseIN15google_breakpad15DynamicImageRefENS_9allocatorIS2_EEEC2Ev
        ffffffff _ZN15google_breakpad13DynamicImages20ReadImageInfoForTaskEv
        ffffffff _ZN15google_breakpad13DynamicImages27GetDyldAllImageInfosPointerEv
        ffffffff _ZN15google_breakpad13DynamicImages7Is64BitEv
        ffffffff _ZNSt3__16vectorIN15google_breakpad15DynamicImageRefENS_9allocatorIS2_EEED1Ev
        ffffffff _ZNSt3__16vectorIN15google_breakpad15DynamicImageRefENS_9allocatorIS2_EEED2Ev
        ffffffff _ZNSt3__113__vector_baseIN15google_breakpad15DynamicImageRefENS_9allocatorIS2_EEED2Ev
        ffffffff _ZNSt3__113__vector_baseIN15google_breakpad15DynamicImageRefENS_9allocatorIS2_EEE5clearEv
        ffffffff _ZN15google_breakpad13DynamicImages8GetImageEi
        ffffffff _ZN15google_breakpad13DynamicImages23GetExecutableImageIndexEv
        ffffffff _ZNK15google_breakpad13DynamicImages13GetImageCountEv
        ffffffff _ZN15google_breakpad12DynamicImage11GetFileTypeEv
        ffffffff _ZNKSt3__16vectorIhNS_9allocatorIhEEE11__recommendEm
        ffffffff _ZNKSt3__16vectorIhNS_9allocatorIhEEE8capacityEv
        ffffffff _ZNKSt3__113__vector_baseIhNS_9allocatorIhEEE8capacityEv
        ffffffff _ZNSt3__13maxImEERKT_S3_S3_
        ffffffff _ZNSt3__13maxImNS_6__lessImmEEEERKT_S5_S5_T0_
        ffffffff _ZNKSt3__16__lessImmEclERKmS3_
        ffffffff _ZNSt3__114__split_bufferIhRNS_9allocatorIhEEEC1EmmS3_
        ffffffff _ZNSt3__114__split_bufferIhRNS_9allocatorIhEEEC2EmmS3_
        ffffffff _ZNSt3__116allocator_traitsINS_9allocatorIhEEE8allocateERS2_m
        ffffffff _ZNSt3__19allocatorIhE8allocateEmPKv
        ffffffff _ZNSt3__114__split_bufferIhRNS_9allocatorIhEEE18__construct_at_endEm
        ffffffff _ZNSt3__116allocator_traitsINS_9allocatorIhEEE9constructIhJEEEvRS2_PT_DpOT0_
        ffffffff _ZNSt3__116allocator_traitsINS_9allocatorIhEEE11__constructIhJEEEvNS_17integral_constantIbLb1EEERS2_PT_DpOT0_
        ffffffff _ZNSt3__19allocatorIhE9constructIhJEEEvPT_DpOT0_
        ffffffff _ZNSt3__16vectorIhNS_9allocatorIhEEE26__swap_out_circular_bufferERNS_14__split_bufferIhRS2_EE
        ffffffff _ZNSt3__14swapIPhEENS_9enable_ifIXaasr21is_move_constructibleIT_EE5valuesr18is_move_assignableIS3_EE5valueEvE4typeERS3_S6_
        ffffffff _ZNSt3__116allocator_traitsINS_9allocatorIhEEE20__construct_backwardIhEENS_9enable_ifIXaaoosr7is_sameIS2_NS1_IT_EEEE5valuentsr15__has_constructIS2_PS6_S6_EE5valuesr31is_trivially_move_constructibleIS6_EE5valueEvE4typeERS2_S8_S8_RS8_
        ffffffff _ZNSt3__16vectorIhNS_9allocatorIhEEE18__construct_at_endEm
        ffffffff _ZNSt3__114__split_bufferIhRNS_9allocatorIhEEED1Ev
        ffffffff _ZNSt3__114__split_bufferIhRNS_9allocatorIhEEED2Ev
        ffffffff _ZNSt3__16vectorIhNS_9allocatorIhEEEC1IPhEET_NS_9enable_ifIXaasr21__is_forward_iteratorIS6_EE5valuesr16is_constructibleIhNS_15iterator_traitsIS6_E9referenceEEE5valueES6_E4typeE
        ffffffff _ZNSt3__16vectorIhNS_9allocatorIhEEEC2IPhEET_NS_9enable_ifIXaasr21__is_forward_iteratorIS6_EE5valuesr16is_constructibleIhNS_15iterator_traitsIS6_E9referenceEEE5valueES6_E4typeE
        ffffffff _ZNSt3__16vectorIhNS_9allocatorIhEEE8allocateEm
        ffffffff _ZNSt3__16vectorIhNS_9allocatorIhEEE18__construct_at_endIPhEENS_9enable_ifIXsr21__is_forward_iteratorIT_EE5valueEvE4typeES7_S7_m
        ffffffff _ZNSt3__116allocator_traitsINS_9allocatorIhEEE25__construct_range_forwardIhEENS_9enable_ifIXaaoosr7is_sameIS2_NS1_IT_EEEE5valuentsr15__has_constructIS2_PS6_S6_EE5valuesr31is_trivially_move_constructibleIS6_EE5valueEvE4typeERS2_S8_S8_RS8_
        ffffffff _ZNKSt3__16vectorIN15google_breakpad15DynamicImageRefENS_9allocatorIS2_EEE11__recommendEm
        ffffffff _ZN15google_breakpad10scoped_ptrI9sigactionEC1EPS1_
        ffffffff _ZN15google_breakpad10scoped_ptrI9sigactionEC2EPS1_
        ffffffff _ZN15google_breakpad16ExceptionHandler13set_dump_pathERKNSt3__112basic_stringIcNS1_11char_traitsIcEENS1_9allocatorIcEEEE
        ffffffff _ZNKSt3__112basic_stringIcNS_11char_traitsIcEENS_9allocatorIcEEE5c_strEv
        ffffffff _ZNKSt3__112basic_stringIcNS_11char_traitsIcEENS_9allocatorIcEEE4dataEv
        ffffffff _ZNKSt3__112basic_stringIcNS_11char_traitsIcEENS_9allocatorIcEEE13__get_pointerEv
        ffffffff _ZNKSt3__112basic_stringIcNS_11char_traitsIcEENS_9allocatorIcEEE19__get_short_pointerEv
        ffffffff _ZNKSt3__112basic_stringIcNS_11char_traitsIcEENS_9allocatorIcEEE18__get_long_pointerEv
        ffffffff _ZN15google_breakpad21CrashGenerationClientC1EPKc
        ffffffff _ZN15google_breakpad21CrashGenerationClientC2EPKc
        ffffffff _ZN15google_breakpad10scoped_ptrINS_21CrashGenerationClientEE5resetEPS1_
        ffffffff _ZN15google_breakpad10scoped_ptrINS_21CrashGenerationClientEED1Ev
        ffffffff _ZN15google_breakpad10scoped_ptrINS_21CrashGenerationClientEED2Ev
        ffffffff _ZN15google_breakpad10scoped_ptrI9sigactionED1Ev
        ffffffff _ZN15google_breakpad10scoped_ptrI9sigactionED2Ev
        ffffffff _ZN15google_breakpad16ExceptionHandler8TeardownEv
        ffffffff _ZN15google_breakpad16ExceptionHandler26SendMessageToHandlerThreadENS_20HandlerThreadMessageE
        ffffffff _ZN15google_breakpad16ExceptionHandlerC1ERKNSt3__112basic_stringIcNS1_11char_traitsIcEENS1_9allocatorIcEEEEPFbPvEPFbPKcSE_SA_bESA_bSE_
        ffffffff _ZN15google_breakpad16ExceptionHandlerD1Ev
        ffffffff _ZN15google_breakpad17ScopedTaskSuspendC1Ej
        ffffffff _ZN15google_breakpad17ScopedTaskSuspendC2Ej
        ffffffff _ZN15google_breakpad17MinidumpGenerator23SetExceptionInformationEiiij
        ffffffff _ZN15google_breakpad17ScopedTaskSuspendD1Ev
        ffffffff _ZN15google_breakpad17ScopedTaskSuspendD2Ev
        ffffffff _ZNK15google_breakpad16ExceptionHandler14IsOutOfProcessEv
        ffffffff _ZNK15google_breakpad10scoped_ptrINS_21CrashGenerationClientEE3getEv
        ffffffff _ZNK15google_breakpad10scoped_ptrINS_21CrashGenerationClientEEptEv
        ffffffff _ZNKSt3__112basic_stringIcNS_11char_traitsIcEENS_9allocatorIcEEE5emptyEv
        ffffffff _ZNKSt3__112basic_stringIcNS_11char_traitsIcEENS_9allocatorIcEEE4sizeEv
        ffffffff _ZNKSt3__112basic_stringIcNS_11char_traitsIcEENS_9allocatorIcEEE16__get_short_sizeEv
        ffffffff _ZNKSt3__112basic_stringIcNS_11char_traitsIcEENS_9allocatorIcEEE15__get_long_sizeEv
        ffffffff _ZN15google_breakpad16ExceptionHandler14SuspendThreadsEv
        ffffffff _ZN15google_breakpad16ExceptionHandler13ResumeThreadsEv
        ffffffff _ZN15google_breakpad19breakpad_exc_serverEP17mach_msg_header_tS1_
        ffffffff _ZNK15google_breakpad10scoped_ptrI9sigactionE3getEv
        ffffffff _ZN15google_breakpad10scoped_ptrI9sigactionE5resetEPS1_
        ffffffff _ZN15google_breakpad10scoped_ptrI9sigactionE4swapERS2_
        ffffffff _ZNSt9bad_allocC1ERKS_
        ffffffff _ZNSt9bad_allocC2ERKS_
        ffffffff _ZN15google_breakpad15wasteful_vectorI18MDMemoryDescriptorEC1EPNS_13PageAllocatorEj
        ffffffff _ZN15google_breakpad15wasteful_vectorI18MDMemoryDescriptorEC2EPNS_13PageAllocatorEj
        ffffffff _ZNSt3__16vectorI18MDMemoryDescriptorN15google_breakpad16PageStdAllocatorIS1_EEE7reserveEm
        ffffffff _ZNSt3__114__split_bufferI18MDMemoryDescriptorRN15google_breakpad16PageStdAllocatorIS1_EEEC1EmmS5_
        ffffffff _ZNSt3__114__split_bufferI18MDMemoryDescriptorRN15google_breakpad16PageStdAllocatorIS1_EEEC2EmmS5_
        ffffffff _ZNSt3__116allocator_traitsIN15google_breakpad16PageStdAllocatorI18MDMemoryDescriptorEEE8allocateERS4_m
        ffffffff _ZN15google_breakpad16PageStdAllocatorI18MDMemoryDescriptorE8allocateEmPKv
        ffffffff _ZN15google_breakpad13PageAllocator5AllocEm
        ffffffff _ZN15google_breakpad13PageAllocator9GetNPagesEm
        ffffffff _ZNSt3__16vectorI18MDMemoryDescriptorN15google_breakpad16PageStdAllocatorIS1_EEE26__swap_out_circular_bufferERNS_14__split_bufferIS1_RS4_EE
        ffffffff _ZNSt3__116allocator_traitsIN15google_breakpad16PageStdAllocatorI18MDMemoryDescriptorEEE20__construct_backwardIPS3_EEvRS4_T_S9_RS9_
        ffffffff _ZNSt3__116allocator_traitsIN15google_breakpad16PageStdAllocatorI18MDMemoryDescriptorEEE9constructIS3_JS3_EEEvRS4_PT_DpOT0_
        ffffffff _ZNSt3__116allocator_traitsIN15google_breakpad16PageStdAllocatorI18MDMemoryDescriptorEEE11__constructIS3_JS3_EEEvNS_17integral_constantIbLb1EEERS4_PT_DpOT0_
        ffffffff _ZNSt3__19allocatorI18MDMemoryDescriptorE9constructIS1_JS1_EEEvPT_DpOT0_
        ffffffff _ZNSt3__14swapIP18MDMemoryDescriptorEENS_9enable_ifIXaasr21is_move_constructibleIT_EE5valuesr18is_move_assignableIS4_EE5valueEvE4typeERS4_S7_
        ffffffff _ZNSt3__16vectorI18MDMemoryDescriptorN15google_breakpad16PageStdAllocatorIS1_EEEC2ERKS4_
        ffffffff _ZNSt3__113__vector_baseI18MDMemoryDescriptorN15google_breakpad16PageStdAllocatorIS1_EEEC2ERKS4_
        ffffffff _ZNSt3__117__compressed_pairIP18MDMemoryDescriptorN15google_breakpad16PageStdAllocatorIS1_EEEC1ES2_S5_
        ffffffff _ZNSt3__117__compressed_pairIP18MDMemoryDescriptorN15google_breakpad16PageStdAllocatorIS1_EEEC2ES2_S5_
        ffffffff _ZNSt3__128__libcpp_compressed_pair_impIP18MDMemoryDescriptorN15google_breakpad16PageStdAllocatorIS1_EELj0EEC2ES2_S5_
        ffffffff _ZN15google_breakpad13PageAllocatorC1Ev
        ffffffff _ZN15google_breakpad13PageAllocatorC2Ev
        ffffffff _ZN15google_breakpad15wasteful_vectorI18MDMemoryDescriptorED1Ev
        ffffffff _ZN15google_breakpad15wasteful_vectorI18MDMemoryDescriptorED2Ev
        ffffffff _ZNSt3__16vectorI18MDMemoryDescriptorN15google_breakpad16PageStdAllocatorIS1_EEED2Ev
        ffffffff _ZNSt3__113__vector_baseI18MDMemoryDescriptorN15google_breakpad16PageStdAllocatorIS1_EEED2Ev
        ffffffff _ZNSt3__113__vector_baseI18MDMemoryDescriptorN15google_breakpad16PageStdAllocatorIS1_EEE5clearEv
        ffffffff _ZNSt3__113__vector_baseI18MDMemoryDescriptorN15google_breakpad16PageStdAllocatorIS1_EEE17__destruct_at_endEPS1_
        ffffffff _ZNSt3__113__vector_baseI18MDMemoryDescriptorN15google_breakpad16PageStdAllocatorIS1_EEE7__allocEv
        ffffffff _ZN15google_breakpad13PageAllocatorD1Ev
        ffffffff _ZN15google_breakpad13PageAllocatorD2Ev
        ffffffff _ZN15google_breakpad13PageAllocator7FreeAllEv
        ffffffff _ZN15google_breakpad13DynamicImages10GetCPUTypeEv
        ffffffff _ZN15google_breakpad13DynamicImagesD1Ev
        ffffffff _ZN15google_breakpad17MinidumpGeneratorD1Ev
        ffffffff _ZNSt3__112basic_stringIcNS_11char_traitsIcEENS_9allocatorIcEEE6appendERKS5_
        ffffffff _ZN15google_breakpad10TypedMDRVAI11MDRawHeaderEC1EPNS_18MinidumpFileWriterE
        ffffffff _ZN15google_breakpad10TypedMDRVAI11MDRawHeaderEC2EPNS_18MinidumpFileWriterE
        ffffffff _ZN15google_breakpad10TypedMDRVAI14MDRawDirectoryEC1EPNS_18MinidumpFileWriterE
        ffffffff _ZN15google_breakpad10TypedMDRVAI14MDRawDirectoryEC2EPNS_18MinidumpFileWriterE
        ffffffff _ZN15google_breakpad10TypedMDRVAI11MDRawHeaderE8AllocateEv
        ffffffff _ZN15google_breakpad10TypedMDRVAI14MDRawDirectoryE13AllocateArrayEm
        ffffffff _ZNK15google_breakpad12UntypedMDRVA8positionEv
        ffffffff _ZN15google_breakpad10TypedMDRVAI14MDRawDirectoryE9CopyIndexEjPS1_
        ffffffff _ZN15google_breakpad10TypedMDRVAI14MDRawDirectoryED1Ev
        ffffffff _ZN15google_breakpad10TypedMDRVAI14MDRawDirectoryED2Ev
        ffffffff _ZN15google_breakpad10TypedMDRVAI14MDRawDirectoryE5FlushEv
        ffffffff _ZN15google_breakpad10TypedMDRVAI11MDRawHeaderED1Ev
        ffffffff _ZN15google_breakpad10TypedMDRVAI11MDRawHeaderED2Ev
        ffffffff _ZN15google_breakpad10TypedMDRVAI11MDRawHeaderE5FlushEv
        ffffffff _ZN15google_breakpad10TypedMDRVAI15MDRawThreadListEC1EPNS_18MinidumpFileWriterE
        ffffffff _ZN15google_breakpad10TypedMDRVAI15MDRawThreadListEC2EPNS_18MinidumpFileWriterE
        ffffffff _ZN15google_breakpad10TypedMDRVAI15MDRawThreadListED1Ev
        ffffffff _ZN15google_breakpad10TypedMDRVAI15MDRawThreadListED2Ev
        ffffffff _ZN15google_breakpad10TypedMDRVAI15MDRawThreadListE5FlushEv
        ffffffff _ZN15google_breakpad10TypedMDRVAI15MDRawThreadListE22AllocateObjectAndArrayEmm
        ffffffff _ZN15google_breakpad10TypedMDRVAI15MDRawThreadListE20CopyIndexAfterObjectEjPKvm
        ffffffff _ZN15google_breakpad10TypedMDRVAI15MDRawMemoryListEC1EPNS_18MinidumpFileWriterE
        ffffffff _ZN15google_breakpad10TypedMDRVAI15MDRawMemoryListEC2EPNS_18MinidumpFileWriterE
        ffffffff _ZN15google_breakpad17MinidumpGenerator14GetThreadStateEjPjS1_
        ffffffff _ZNSt3__13minImEERKT_S3_S3_
        ffffffff _ZNSt3__13minImNS_6__lessImmEEEERKT_S5_S5_T0_
        ffffffff _ZN15google_breakpad17MinidumpGenerator17CurrentPCForStackEPj
        ffffffff _ZN15google_breakpad17MinidumpGenerator20CurrentPCForStackX86EPj
        ffffffff _ZN15google_breakpad17MinidumpGenerator23CurrentPCForStackX86_64EPj
        ffffffff _ZNSt3__16vectorI18MDMemoryDescriptorN15google_breakpad16PageStdAllocatorIS1_EEE9push_backERKS1_
        ffffffff _ZNSt3__116allocator_traitsIN15google_breakpad16PageStdAllocatorI18MDMemoryDescriptorEEE9constructIS3_JRKS3_EEEvRS4_PT_DpOT0_
        ffffffff _ZNSt3__116allocator_traitsIN15google_breakpad16PageStdAllocatorI18MDMemoryDescriptorEEE11__constructIS3_JRKS3_EEEvNS_17integral_constantIbLb1EEERS4_PT_DpOT0_
        ffffffff _ZNSt3__19allocatorI18MDMemoryDescriptorE9constructIS1_JRKS1_EEEvPT_DpOT0_
        ffffffff _ZNKSt3__16vectorI18MDMemoryDescriptorN15google_breakpad16PageStdAllocatorIS1_EEE4sizeEv
        ffffffff _ZN15google_breakpad10TypedMDRVAI15MDRawMemoryListE22AllocateObjectAndArrayEmm
        ffffffff _ZN15google_breakpad10TypedMDRVAI15MDRawMemoryListE20CopyIndexAfterObjectEjPKvm
        ffffffff _ZNSt3__16vectorI18MDMemoryDescriptorN15google_breakpad16PageStdAllocatorIS1_EEEixEm
        ffffffff _ZN15google_breakpad10TypedMDRVAI15MDRawMemoryListED1Ev
        ffffffff _ZN15google_breakpad10TypedMDRVAI15MDRawMemoryListED2Ev
        ffffffff _ZN15google_breakpad10TypedMDRVAI15MDRawMemoryListE5FlushEv
        ffffffff _ZN15google_breakpad10TypedMDRVAI15MDRawSystemInfoEC1EPNS_18MinidumpFileWriterE
        ffffffff _ZN15google_breakpad10TypedMDRVAI15MDRawSystemInfoEC2EPNS_18MinidumpFileWriterE
        ffffffff _ZN15google_breakpad10TypedMDRVAI15MDRawSystemInfoE8AllocateEv
        ffffffff _ZN15google_breakpad10TypedMDRVAI15MDRawSystemInfoED1Ev
        ffffffff _ZN15google_breakpad10TypedMDRVAI15MDRawSystemInfoED2Ev
        ffffffff _ZN15google_breakpad10TypedMDRVAI15MDRawSystemInfoE5FlushEv
        ffffffff _ZN15google_breakpad10TypedMDRVAI15MDRawModuleListEC1EPNS_18MinidumpFileWriterE
        ffffffff _ZN15google_breakpad10TypedMDRVAI15MDRawModuleListEC2EPNS_18MinidumpFileWriterE
        ffffffff _ZN15google_breakpad10TypedMDRVAI15MDRawModuleListE22AllocateObjectAndArrayEmm
        ffffffff _ZN15google_breakpad17MinidumpGenerator20FindExecutableModuleEv
        ffffffff _ZN15google_breakpad10TypedMDRVAI15MDRawModuleListE20CopyIndexAfterObjectEjPKvm
        ffffffff _ZN15google_breakpad10TypedMDRVAI15MDRawModuleListED1Ev
        ffffffff _ZN15google_breakpad10TypedMDRVAI15MDRawModuleListED2Ev
        ffffffff _ZN15google_breakpad10TypedMDRVAI15MDRawModuleListE5FlushEv
        ffffffff _ZN15google_breakpad10TypedMDRVAI13MDRawMiscInfoEC1EPNS_18MinidumpFileWriterE
        ffffffff _ZN15google_breakpad10TypedMDRVAI13MDRawMiscInfoEC2EPNS_18MinidumpFileWriterE
        ffffffff _ZN15google_breakpad10TypedMDRVAI13MDRawMiscInfoE8AllocateEv
        ffffffff _ZN15google_breakpad10TypedMDRVAI13MDRawMiscInfoED1Ev
        ffffffff _ZN15google_breakpad10TypedMDRVAI13MDRawMiscInfoED2Ev
        ffffffff _ZN15google_breakpad10TypedMDRVAI13MDRawMiscInfoE5FlushEv
        ffffffff _ZN15google_breakpad10TypedMDRVAI17MDRawBreakpadInfoEC1EPNS_18MinidumpFileWriterE
        ffffffff _ZN15google_breakpad10TypedMDRVAI17MDRawBreakpadInfoEC2EPNS_18MinidumpFileWriterE
        ffffffff _ZN15google_breakpad10TypedMDRVAI17MDRawBreakpadInfoE8AllocateEv
        ffffffff _ZN15google_breakpad10TypedMDRVAI17MDRawBreakpadInfoED1Ev
        ffffffff _ZN15google_breakpad10TypedMDRVAI17MDRawBreakpadInfoED2Ev
        ffffffff _ZN15google_breakpad10TypedMDRVAI17MDRawBreakpadInfoE5FlushEv
        ffffffff _ZN15google_breakpad17MinidumpGenerator13WriteStackX86EPjP18MDMemoryDescriptor
        ffffffff _ZN15google_breakpad17MinidumpGenerator16WriteStackX86_64EPjP18MDMemoryDescriptor
        ffffffff _ZN15google_breakpad10TypedMDRVAI15MDRawContextX86EC1EPNS_18MinidumpFileWriterE
        ffffffff _ZN15google_breakpad10TypedMDRVAI15MDRawContextX86EC2EPNS_18MinidumpFileWriterE
        ffffffff _ZN15google_breakpad10TypedMDRVAI15MDRawContextX86E8AllocateEv
        ffffffff _ZN15google_breakpad10TypedMDRVAI15MDRawContextX86ED1Ev
        ffffffff _ZN15google_breakpad10TypedMDRVAI15MDRawContextX86ED2Ev
        ffffffff _ZN15google_breakpad10TypedMDRVAI15MDRawContextX86E5FlushEv
        ffffffff _ZN15google_breakpad10TypedMDRVAI17MDRawContextAMD64EC1EPNS_18MinidumpFileWriterE
        ffffffff _ZN15google_breakpad10TypedMDRVAI17MDRawContextAMD64EC2EPNS_18MinidumpFileWriterE
        ffffffff _ZN15google_breakpad10TypedMDRVAI17MDRawContextAMD64E8AllocateEv
        ffffffff _ZN15google_breakpad10TypedMDRVAI17MDRawContextAMD64ED1Ev
        ffffffff _ZN15google_breakpad10TypedMDRVAI17MDRawContextAMD64ED2Ev
        ffffffff _ZN15google_breakpad10TypedMDRVAI17MDRawContextAMD64E5FlushEv
        ffffffff _ZN15google_breakpad17MinidumpGenerator10WriteStackEPjP18MDMemoryDescriptor
        ffffffff _ZN15google_breakpad17MinidumpGenerator12WriteContextEPjP20MDLocationDescriptor
        ffffffff _ZN15google_breakpad10TypedMDRVAI20MDRawExceptionStreamEC1EPNS_18MinidumpFileWriterE
        ffffffff _ZN15google_breakpad10TypedMDRVAI20MDRawExceptionStreamEC2EPNS_18MinidumpFileWriterE
        ffffffff _ZN15google_breakpad10TypedMDRVAI20MDRawExceptionStreamE8AllocateEv
        ffffffff _ZN15google_breakpad10TypedMDRVAI20MDRawExceptionStreamED1Ev
        ffffffff _ZN15google_breakpad10TypedMDRVAI20MDRawExceptionStreamED2Ev
        ffffffff _ZN15google_breakpad10TypedMDRVAI20MDRawExceptionStreamE5FlushEv
        ffffffff _ZN15google_breakpad12DynamicImage11GetFilePathEv
        ffffffff _ZNK15google_breakpad12DynamicImage14GetVMAddrSlideEv
        ffffffff _ZNK15google_breakpad12DynamicImage9GetVMSizeEv
        ffffffff _ZN15google_breakpad12DynamicImage10GetVersionEv
        ffffffff _ZN15google_breakpad12DynamicImage10GetCPUTypeEv
        ffffffff _ZN15google_breakpad10TypedMDRVAI13MDCVInfoPDB70EC1EPNS_18MinidumpFileWriterE
        ffffffff _ZN15google_breakpad10TypedMDRVAI13MDCVInfoPDB70EC2EPNS_18MinidumpFileWriterE
        ffffffff _ZN15google_breakpad10TypedMDRVAI13MDCVInfoPDB70E22AllocateObjectAndArrayEmm
        ffffffff _ZN15google_breakpad10TypedMDRVAI13MDCVInfoPDB70E20CopyIndexAfterObjectEjPKvm
        ffffffff _ZN15google_breakpad10TypedMDRVAI13MDCVInfoPDB70ED1Ev
        ffffffff _ZN15google_breakpad10TypedMDRVAI13MDCVInfoPDB70ED2Ev
        ffffffff _ZN15google_breakpad10TypedMDRVAI13MDCVInfoPDB70E5FlushEv
        ffffffff _ZNSt3__117__compressed_pairIP18MDMemoryDescriptorRN15google_breakpad16PageStdAllocatorIS1_EEEC1ES2_S6_
        ffffffff _ZNSt3__117__compressed_pairIP18MDMemoryDescriptorRN15google_breakpad16PageStdAllocatorIS1_EEEC2ES2_S6_
        ffffffff _ZNSt3__128__libcpp_compressed_pair_impIP18MDMemoryDescriptorRN15google_breakpad16PageStdAllocatorIS1_EELj0EEC2ES2_S6_
        ffffffff _ZNKSt3__16vectorI18MDMemoryDescriptorN15google_breakpad16PageStdAllocatorIS1_EEE11__recommendEm
        ffffffff _ZNKSt3__16vectorI18MDMemoryDescriptorN15google_breakpad16PageStdAllocatorIS1_EEE8capacityEv
        ffffffff _ZNKSt3__113__vector_baseI18MDMemoryDescriptorN15google_breakpad16PageStdAllocatorIS1_EEE8capacityEv
        ffffffff _ZNSt3__117__compressed_pairIP18MDMemoryDescriptorN15google_breakpad16PageStdAllocatorIS1_EEE6secondEv
        ffffffff _ZNSt3__128__libcpp_compressed_pair_impIP18MDMemoryDescriptorN15google_breakpad16PageStdAllocatorIS1_EELj0EE6secondEv
        ffffffff _ZNSt3__114__split_bufferI18MDMemoryDescriptorRN15google_breakpad16PageStdAllocatorIS1_EEED1Ev
        ffffffff _ZNSt3__114__split_bufferI18MDMemoryDescriptorRN15google_breakpad16PageStdAllocatorIS1_EEED2Ev
        ffffffff _ZNSt3__114__split_bufferI18MDMemoryDescriptorRN15google_breakpad16PageStdAllocatorIS1_EEE5clearEv
        ffffffff _ZNSt3__114__split_bufferI18MDMemoryDescriptorRN15google_breakpad16PageStdAllocatorIS1_EEE17__destruct_at_endEPS1_
        ffffffff _ZNSt3__114__split_bufferI18MDMemoryDescriptorRN15google_breakpad16PageStdAllocatorIS1_EEE17__destruct_at_endEPS1_NS_17integral_constantIbLb0EEE
        ffffffff _ZNSt3__114__split_bufferI18MDMemoryDescriptorRN15google_breakpad16PageStdAllocatorIS1_EEE7__allocEv
        ffffffff isLegalUTF8
        ffffffff _ZNSt3__16vectorItNS_9allocatorItEEE5beginEv
        ffffffff _ZNSt3__16vectorItNS_9allocatorItEEE5clearEv
        ffffffff _ZNSt3__113__vector_baseItNS_9allocatorItEEE5clearEv
        ffffffff _ZNSt3__113__vector_baseItNS_9allocatorItEEE17__destruct_at_endEPt
        ffffffff _ZNSt3__113__vector_baseItNS_9allocatorItEEE7__allocEv
        ffffffff _ZNSt3__16vectorItNS_9allocatorItEEEixEm
        ffffffff _ZNKSt3__16vectorItNS_9allocatorItEEE8capacityEv
        ffffffff _ZNKSt3__113__vector_baseItNS_9allocatorItEEE8capacityEv
        ffffffff _ZNSt3__16vectorItNS_9allocatorItEEE6resizeEm
        ffffffff _ZNKSt3__16vectorItNS_9allocatorItEEE4sizeEv
        ffffffff _ZNSt3__16vectorItNS_9allocatorItEEE17__destruct_at_endEPt
        ffffffff _ZNSt3__1neIPKtEEbRKNS_11__wrap_iterIT_EES7_
        ffffffff _ZNSt3__111__wrap_iterIPKtEppEv
        ffffffff _ZN15google_breakpad12scoped_arrayIhED1Ev
        ffffffff _ZN15google_breakpad12scoped_arrayIhED2Ev
        ffffffff _ZN15google_breakpad12scoped_arrayItED1Ev
        ffffffff _ZN15google_breakpad12scoped_arrayItED2Ev
        ffffffff _ZNKSt3__16vectorItNS_9allocatorItEEE11__recommendEm
        ffffffff _ZNSt3__114__split_bufferItRNS_9allocatorItEEEC1EmmS3_
        ffffffff _ZNSt3__114__split_bufferItRNS_9allocatorItEEEC2EmmS3_
        ffffffff _ZNSt3__116allocator_traitsINS_9allocatorItEEE8allocateERS2_m
        ffffffff _ZNSt3__19allocatorItE8allocateEmPKv
        ffffffff _ZNSt3__114__split_bufferItRNS_9allocatorItEEE18__construct_at_endEmRKt
        ffffffff _ZNSt3__116allocator_traitsINS_9allocatorItEEE9constructItJRKtEEEvRS2_PT_DpOT0_
        ffffffff _ZNSt3__116allocator_traitsINS_9allocatorItEEE11__constructItJRKtEEEvNS_17integral_constantIbLb1EEERS2_PT_DpOT0_
        ffffffff _ZNSt3__19allocatorItE9constructItJRKtEEEvPT_DpOT0_
        ffffffff _ZNSt3__16vectorItNS_9allocatorItEEE26__swap_out_circular_bufferERNS_14__split_bufferItRS2_EEPt
        ffffffff _ZNSt3__116allocator_traitsINS_9allocatorItEEE20__construct_backwardItEENS_9enable_ifIXaaoosr7is_sameIS2_NS1_IT_EEEE5valuentsr15__has_constructIS2_PS6_S6_EE5valuesr31is_trivially_move_constructibleIS6_EE5valueEvE4typeERS2_S8_S8_RS8_
        ffffffff _ZNSt3__116allocator_traitsINS_9allocatorItEEE19__construct_forwardItEENS_9enable_ifIXaaoosr7is_sameIS2_NS1_IT_EEEE5valuentsr15__has_constructIS2_PS6_S6_EE5valuesr31is_trivially_move_constructibleIS6_EE5valueEvE4typeERS2_S8_S8_RS8_
        ffffffff _ZNSt3__14swapIPtEENS_9enable_ifIXaasr21is_move_constructibleIT_EE5valuesr18is_move_assignableIS3_EE5valueEvE4typeERS3_S6_
        ffffffff _ZNSt3__16vectorItNS_9allocatorItEEE18__construct_at_endEmRKt
        ffffffff _ZNSt3__16vectorItNS_9allocatorItEEE12__move_rangeEPtS4_S4_
        ffffffff _ZNSt3__116allocator_traitsINS_9allocatorItEEE9constructItJtEEEvRS2_PT_DpOT0_
        ffffffff _ZNSt3__116allocator_traitsINS_9allocatorItEEE11__constructItJtEEEvNS_17integral_constantIbLb1EEERS2_PT_DpOT0_
        ffffffff _ZNSt3__19allocatorItE9constructItJtEEEvPT_DpOT0_
        ffffffff _ZNSt3__113move_backwardIPtS1_EET0_T_S3_S2_
        ffffffff _ZNSt3__115__move_backwardIttEENS_9enable_ifIXaasr7is_sameINS_12remove_constIT_E4typeET0_EE5valuesr28is_trivially_copy_assignableIS6_EE5valueEPS6_E4typeEPS3_SA_S7_
        ffffffff _ZNSt3__16fill_nIPtmtEET_S2_T0_RKT1_
        ffffffff _ZNSt3__18__fill_nIPtmtEET_S2_T0_RKT1_
        ffffffff _ZNSt3__114__split_bufferItRNS_9allocatorItEEED1Ev
        ffffffff _ZNSt3__114__split_bufferItRNS_9allocatorItEEED2Ev
        ffffffff _ZNSt3__116allocator_traitsINS_9allocatorItEEE10deallocateERS2_Ptm
        ffffffff _ZNSt3__19allocatorItE10deallocateEPtm
        ffffffff _ZNSt3__114__split_bufferItRNS_9allocatorItEEE18__construct_at_endEm
        ffffffff _ZNSt3__116allocator_traitsINS_9allocatorItEEE9constructItJEEEvRS2_PT_DpOT0_
        ffffffff _ZNSt3__116allocator_traitsINS_9allocatorItEEE11__constructItJEEEvNS_17integral_constantIbLb1EEERS2_PT_DpOT0_
        ffffffff _ZNSt3__19allocatorItE9constructItJEEEvPT_DpOT0_
        ffffffff _ZNSt3__16vectorItNS_9allocatorItEEE26__swap_out_circular_bufferERNS_14__split_bufferItRS2_EE
        ffffffff _ZNSt3__16vectorItNS_9allocatorItEEE18__construct_at_endEm
        ffffffff _ZN15google_breakpad6FileIDC2EPKc
        ffffffff _ZN16MacFileUtilities7MachoIDC2EPKc
        ffffffff _ZN16MacFileUtilities7MachoIDC2EPKcPvm
        ffffffff _ZN16MacFileUtilities7MachoID6UpdateEPNS_11MachoWalkerExm
        ffffffff _ZL8ByteSwapj
        ffffffff _ZL12_OSSwapInt32j
        ffffffff _ZL8ByteSwapi
        ffffffff _ZL8ByteSwapy
        ffffffff _ZL12_OSSwapInt64y
        ffffffff _ZN16MacFileUtilities11MachoWalkerC2EPKcPFbPS0_P12load_commandxbPvES6_
        ffffffff _ZN16MacFileUtilities11MachoWalkerC2EPvmPFbPS0_P12load_commandxbS1_ES1_
        ffffffff _ZN16MacFileUtilities11MachoWalkerD2Ev
        ffffffff _ZN16MacFileUtilities11MachoWalker20WalkHeader64AtOffsetEx
        ffffffff _ZN16MacFileUtilities11MachoWalker9ReadBytesEPvmx
        ffffffff _ZNK15google_breakpad12scoped_arrayIhEixEl
        ffffffff _ZNKSt3__112basic_stringIcNS_11char_traitsIcEENS_9allocatorIcEEE17find_first_not_ofERKS5_m
        ffffffff _ZNSt3__123__str_find_first_not_ofIcmNS_11char_traitsIcEELm18446744073709551615EEET0_PKT_S3_S6_S3_S3_
        ffffffff _ZNSt3__111char_traitsIcE4findEPKcmRS2_
        ffffffff _ZNSt3__111char_traitsIcE11to_int_typeEc
        ffffffff _ZNKSt3__112basic_stringIcNS_11char_traitsIcEENS_9allocatorIcEEE6substrEmm
        ffffffff _ZNKSt3__112basic_stringIcNS_11char_traitsIcEENS_9allocatorIcEEE13find_first_ofERKS5_m
        ffffffff _ZNSt3__119__str_find_first_ofIcmNS_11char_traitsIcEELm18446744073709551615EEET0_PKT_S3_S6_S3_S3_
        ffffffff _ZNSt3__118__find_first_of_ceIPKcS2_PFbccEEET_S5_S5_T0_S6_T1_
        ffffffff _ZNSt3__111char_traitsIcE2eqEcc
        ffffffff _ZN15google_breakpad11MachMessageC2Ev
        ffffffff _ZN15google_breakpad11MachMessage18SetDescriptorCountEi
        ffffffff _ZN15google_breakpad11MachMessage12SetMessageIDEi
        ffffffff _ZN15google_breakpad11MachMessage7SetDataEPvi
        ffffffff _ZN15google_breakpad11MachMessage13CalculateSizeEv
        ffffffff _ZN15google_breakpad11MachMessage13GetDataLengthEv
        ffffffff _ZN15google_breakpad11MachMessage13GetDataPacketEv
        ffffffff _ZN15google_breakpad15MachSendMessageC2Ei
        ffffffff _ZN15google_breakpad11MachMessage13SetDescriptorEiRKNS_21MachMsgPortDescriptorE
        ffffffff _ZNK15google_breakpad11MachMessage18GetDescriptorCountEv
        ffffffff _ZN15google_breakpad11MachMessage13GetDescriptorEi
        ffffffff _ZNK15google_breakpad21MachMsgPortDescriptor11GetMachPortEv
        ffffffff _ZN15google_breakpad11ReceivePortC2EPKc
        ffffffff _ZN15google_breakpad11ReceivePortC2Ev
        ffffffff _ZN15google_breakpad11ReceivePortC2Ej
        ffffffff _ZN15google_breakpad11ReceivePortD2Ev
        ffffffff _ZN15google_breakpad14MachPortSenderC2EPKc
        ffffffff _ZN15google_breakpad14MachPortSenderC2Ej
        ffffffff _ZN12_GLOBAL__N_15startEv
        ffffffff _ZN12_GLOBAL__N_15crashEv

