---
source: symbolic-symcache/tests/test_writer.rs
expression: FunctionsDebug(&symcache)

---
            1558 _init
            1900 _ZN15google_breakpad13PageAllocator7FreeAllEv.isra.6
            194a _ZN15google_breakpad17ProcCpuInfoReader14GetValueAndLenEPm.isra.20.part.21
            196a _ZN15google_breakpad10TypedMDRVAI14MDRawDirectoryE9CopyIndexEjPS1_.isra.32.part.33
            198a _ZN15google_breakpad10TypedMDRVAI14MDRawDirectoryE9CopyIndexEjPS1_.isra.32
            19a8 _ZN15google_breakpad10TypedMDRVAIjE20CopyIndexAfterObjectEjPKvm.isra.34.part.35
            19c8 _ZN12_GLOBAL__N_114MinidumpWriterC2EPKciPKN15google_breakpad16ExceptionHandler12CrashContextERKNSt7__cxx114listINS3_12MappingEntryESaISA_EEERKNS9_INS3_9AppMemoryESaISF_EEEbmbPNS3_11LinuxDumperE.part.93
            19e8 _ZN12_GLOBAL__N_114MinidumpWriterD2Ev.constprop.123
            1a14 _ZN12_GLOBAL__N_114MinidumpWriter9WriteFileEP20MDLocationDescriptorPKc.constprop.120
            1c00 _ZN12_GLOBAL__N_114MinidumpWriter13WriteProcFileEP20MDLocationDescriptoriPKc.constprop.119
            1c70 main
            1dc0 _start
            1df0 deregister_tm_clones
            1e30 register_tm_clones
            1e70 __do_global_dtors_aux
            1e90 frame_dummy
            1ec0 _ZN12_GLOBAL__N_18callbackERKN15google_breakpad18MinidumpDescriptorEPvb
            1f00 _ZN15google_breakpad18MinidumpDescriptorD1Ev
            1f40 _ZN15google_breakpad16ExceptionHandler21InstallHandlersLockedEv
            2070 _ZN15google_breakpad16ExceptionHandler21RestoreHandlersLockedEv
            20f0 _ZN15google_breakpad16ExceptionHandlerD1Ev
            2440 _ZN15google_breakpad16ExceptionHandler25SendContinueSignalToChildEv
            2520 _ZN15google_breakpad16ExceptionHandler12GenerateDumpEPNS0_12CrashContextE
            29f0 _ZN15google_breakpad16ExceptionHandler12HandleSignalEiP9siginfo_tPv
            2bd0 _ZN15google_breakpad16ExceptionHandler13SignalHandlerEiP9siginfo_tPv
            2dc0 _ZN15google_breakpad16ExceptionHandler22SimulateSignalDeliveryEi
            2e40 _ZN15google_breakpad16ExceptionHandler21WaitForContinueSignalEv
            2f30 _ZN15google_breakpad16ExceptionHandler6DoDumpEiPKvm
            2fe0 _ZN15google_breakpad16ExceptionHandler11ThreadEntryEPv
            3070 _ZN15google_breakpad16ExceptionHandler13WriteMinidumpEv
            3210 _ZN15google_breakpad16ExceptionHandler14AddMappingInfoERKNSt7__cxx1112basic_stringIcSt11char_traitsIcESaIcEEEPKhmmm
            3300 _ZN15google_breakpad16ExceptionHandler17RegisterAppMemoryEPvm
            33a0 _ZN15google_breakpad16ExceptionHandler19UnregisterAppMemoryEPv
            3400 _ZN15google_breakpad16ExceptionHandler21WriteMinidumpForChildEiiRKNSt7__cxx1112basic_stringIcSt11char_traitsIcESaIcEEEPFbRKNS_18MinidumpDescriptorEPvbESC_
            3660 _ZN15google_breakpad30SetFirstChanceExceptionHandlerEPFbiPvS0_E
            3670 _ZN15google_breakpad16ExceptionHandlerC1ERKNS_18MinidumpDescriptorEPFbPvEPFbS3_S4_bES4_bi
            3a10 _ZN15google_breakpad16ExceptionHandler13WriteMinidumpERKNSt7__cxx1112basic_stringIcSt11char_traitsIcESaIcEEEPFbRKNS_18MinidumpDescriptorEPvbESC_
            3cb0 _ZNSt6vectorIPN15google_breakpad16ExceptionHandlerESaIS2_EE19_M_emplace_back_auxIIS2_EEEvDpOT_
            3da0 _ZN15google_breakpad18MinidumpDescriptorC1ERKS0_
            3f20 _ZN15google_breakpad18MinidumpDescriptor10UpdatePathEv
            42f0 _ZN15google_breakpad18MinidumpDescriptoraSERKS0_
            43c0 _ZN6logger5writeEPKcm
            4400 _ZN15google_breakpad14WriteMicrodumpEiPKvmRKNSt7__cxx114listINS_12MappingEntryESaIS4_EEEbmbRKNS_18MicrodumpExtraInfoE
            6e10 _ZNSt6vectorIhN15google_breakpad16PageStdAllocatorIhEEE15_M_range_insertIPKhEEvN9__gnu_cxx17__normal_iteratorIPhS3_EET_SB_St20forward_iterator_tag
            71f0 _ZN15google_breakpad11LinuxDumper8LateInitEv
            7200 _ZN15google_breakpad11LinuxDumper17EnumerateMappingsEv
            7ac0 _ZN15google_breakpad11LinuxDumperC1EiPKc
            8300 _ZN15google_breakpad11LinuxDumperD2Ev
            8370 _ZN15google_breakpad11LinuxDumperD0Ev
            8390 _ZNK15google_breakpad11LinuxDumper20GetCrashSignalStringEv
            8590 _ZNK15google_breakpad11LinuxDumper22GetMappingAbsolutePathERKNS_11MappingInfoEPc
            85e0 _ZN15google_breakpad12_GLOBAL__N_113ElfFileSoNameERKNS_11LinuxDumperERKNS_11MappingInfoEPcm.constprop.55
            8770 _ZNK15google_breakpad11LinuxDumper26HandleDeletedFileInMappingEPc.part.12.constprop.56
            8920 _ZN15google_breakpad11LinuxDumper30GetMappingEffectiveNameAndPathERKNS_11MappingInfoEPcmS4_m
            8a10 _ZN15google_breakpad11LinuxDumper8ReadAuxvEv
            8b30 _ZN15google_breakpad11LinuxDumper4InitEv
            8b70 _ZN15google_breakpad11LinuxDumper24StackHasPointerToMappingEPKhmmRKNS_11MappingInfoE
            8be0 _ZNK15google_breakpad11LinuxDumper11FindMappingEPKv
            8c30 _ZN15google_breakpad11LinuxDumper12GetStackInfoEPPKvPmm
            8cb0 _ZNK15google_breakpad11LinuxDumper17FindMappingNoBiasEm
            8d00 _ZN15google_breakpad11LinuxDumper17SanitizeStackCopyEPhmmm
            8fa0 _ZNK15google_breakpad11LinuxDumper26HandleDeletedFileInMappingEPc
            9000 _ZN15google_breakpad11LinuxDumper27ElfFileIdentifierForMappingERKNS_11MappingInfoEbjRNS_15wasteful_vectorIhEE
            9350 _ZN15google_breakpad13PageAllocator5AllocEm
            94a0 _ZNK15google_breakpad17LinuxPtraceDumper12IsPostMortemEv
            94b0 _ZN15google_breakpad17LinuxPtraceDumper15CopyFromProcessEPviPKvm
            9640 _ZN15google_breakpad17LinuxPtraceDumper13ThreadsResumeEv
            9700 _ZNK15google_breakpad17LinuxPtraceDumper13BuildProcPathEPciPKc
            97c0 _ZN15google_breakpad17LinuxPtraceDumper16EnumerateThreadsEv
            9e50 _ZN15google_breakpad17LinuxPtraceDumperC1Ei
            9e80 _ZN15google_breakpad17LinuxPtraceDumper15ReadRegisterSetEPNS_10ThreadInfoEi
            9f70 _ZN15google_breakpad17LinuxPtraceDumper13ReadRegistersEPNS_10ThreadInfoEi
            a050 _ZN15google_breakpad17LinuxPtraceDumper20GetThreadInfoByIndexEmPNS_10ThreadInfoE
            a690 _ZN15google_breakpad17LinuxPtraceDumper14ThreadsSuspendEv
            a8f0 _ZN15google_breakpad17LinuxPtraceDumperD1Ev
            a910 _ZN15google_breakpad17LinuxPtraceDumperD0Ev
            a930 _ZNSt6vectorIiN15google_breakpad16PageStdAllocatorIiEEE17_M_default_appendEm
            abc0 _ZN12_GLOBAL__N_114MinidumpWriter21WriteThreadListStreamEP14MDRawDirectory.constprop.105
            bb80 _ZN12_GLOBAL__N_114MinidumpWriter4DumpEv.constprop.104
            de00 _ZN15google_breakpad13WriteMinidumpEPKcRKNSt7__cxx114listINS_12MappingEntryESaIS4_EEERKNS3_INS_9AppMemoryESaIS9_EEEPNS_11LinuxDumperE
            e370 _ZN15google_breakpad13WriteMinidumpEPKcii
            ea30 _ZN12_GLOBAL__N_117WriteMinidumpImplEPKciliPKvmRKNSt7__cxx114listIN15google_breakpad12MappingEntryESaIS7_EEERKNS5_INS6_9AppMemoryESaISC_EEEbmb
            f0c0 _ZN15google_breakpad13WriteMinidumpEPKciPKvmbmb
            f1e0 _ZN15google_breakpad13WriteMinidumpEiiPKvmbmb
            f300 _ZN15google_breakpad13WriteMinidumpEPKciPKvmRKNSt7__cxx114listINS_12MappingEntryESaIS6_EEERKNS5_INS_9AppMemoryESaISB_EEEbmb
            f340 _ZN15google_breakpad13WriteMinidumpEiiPKvmRKNSt7__cxx114listINS_12MappingEntryESaIS4_EEERKNS3_INS_9AppMemoryESaIS9_EEEbmb
            f380 _ZN15google_breakpad13WriteMinidumpEPKcliPKvmRKNSt7__cxx114listINS_12MappingEntryESaIS6_EEERKNS5_INS_9AppMemoryESaISB_EEEbmb
            f3c0 _ZN15google_breakpad13WriteMinidumpEiliPKvmRKNSt7__cxx114listINS_12MappingEntryESaIS4_EEERKNS3_INS_9AppMemoryESaIS9_EEEbmb
            f400 _ZN15google_breakpad17ProcCpuInfoReader12GetNextFieldEPPKc
            f660 _ZNSt6vectorIcN15google_breakpad16PageStdAllocatorIcEEE6resizeEm
            f8c0 _ZNSt6vectorI18MDMemoryDescriptorN15google_breakpad16PageStdAllocatorIS0_EEE19_M_emplace_back_auxIIRKS0_EEEvDpOT_
            fb10 _ZN15google_breakpad10TypedMDRVAI8MDStringE20CopyIndexAfterObjectEjPKvm.isra.7.part.8
            fb40 _ZN15google_breakpad18MinidumpFileWriterC1Ev
            fb60 _ZN15google_breakpad18MinidumpFileWriter4OpenEPKc
            fbe0 _ZN15google_breakpad18MinidumpFileWriter7SetFileEi
            fc10 _ZN15google_breakpad18MinidumpFileWriter5CloseEv
            fc70 _ZN15google_breakpad18MinidumpFileWriterD2Ev
            fc90 _ZN15google_breakpad18MinidumpFileWriter8AllocateEm
            fd50 _ZN15google_breakpad18MinidumpFileWriter4CopyEjPKvl
            fe50 _ZN15google_breakpad18MinidumpFileWriter20CopyStringToMDStringEPKwjPNS_10TypedMDRVAI8MDStringEE
            ff50 _ZN15google_breakpad18MinidumpFileWriter20CopyStringToMDStringEPKcjPNS_10TypedMDRVAI8MDStringEE
           10050 _ZN15google_breakpad12UntypedMDRVA8AllocateEm
           100a0 _ZN15google_breakpad18MinidumpFileWriter11WriteStringEPKwjP20MDLocationDescriptor
           102e0 _ZN15google_breakpad18MinidumpFileWriter11WriteStringEPKcjP20MDLocationDescriptor
           10520 _ZN15google_breakpad12UntypedMDRVA4CopyEjPKvm
           105b0 _ZN15google_breakpad18MinidumpFileWriter11WriteMemoryEPKvmP18MDMemoryDescriptor
           10690 _ZN15google_breakpad15UTF8ToUTF16CharEPKciPt
           10750 _ZN15google_breakpad16UTF32ToUTF16CharEwPt
           107d0 _ZN15google_breakpad11UTF16ToUTF8B5cxx11ERKSt6vectorItSaItEEb
           10ce0 _ZN15google_breakpad12UTF32ToUTF16EPKwPSt6vectorItSaItEE
           10ec0 _ZN15google_breakpad11UTF8ToUTF16EPKcPSt6vectorItSaItEE
           110a0 _ZNSt6vectorItSaItEE17_M_default_appendEm
           11200 _ZN15google_breakpad10IsValidElfEPKv
           11220 _ZN15google_breakpad8ElfClassEPKv
           11230 _ZN15google_breakpad14FindElfSectionEPKvPKcjPS1_Pm
           116a0 _ZN15google_breakpad15FindElfSegmentsEPKvjPNS_15wasteful_vectorINS_10ElfSegmentEEE
           11990 _ZNSt6vectorIN15google_breakpad10ElfSegmentENS0_16PageStdAllocatorIS1_EEE19_M_emplace_back_auxIIRKS1_EEEvDpOT_
           11be0 _ZN15google_breakpad6FileIDC2EPKc
           11cc0 _ZN15google_breakpad6FileID29ConvertIdentifierToUUIDStringB5cxx11ERKNS_15wasteful_vectorIhEE
           11e70 _ZN15google_breakpad6FileID25ConvertIdentifierToStringB5cxx11ERKNS_15wasteful_vectorIhEE
           11fb0 _ZN15google_breakpad6FileID31ElfFileIdentifierFromMappedFileEPKvRNS_15wasteful_vectorIhEE
           12bc0 _ZN15google_breakpad6FileID17ElfFileIdentifierERNS_15wasteful_vectorIhEE
           12c40 _Z10CreateGUIDP6MDGUID
           12d00 _Z12GUIDToStringPK6MDGUIDPci
           12d80 _ZN13GUIDGenerator12InitOnceImplEv
           12db0 my_strlen
           12dd0 my_strcmp
           12e20 my_strncmp
           12e80 my_strtoui
           12ed0 my_uint_len
           12f10 my_uitos
           12f50 my_strchr
           12f90 my_strrchr
           12fc0 my_memchr
           13000 my_read_hex_ptr
           13080 my_read_decimal_ptr
           130c0 my_memset
           130e0 my_strlcpy
           13120 my_strlcat
           13160 my_isspace
           13210 _ZN15google_breakpad16MemoryMappedFileC2Ev
           13220 _ZN15google_breakpad16MemoryMappedFile5UnmapEv
           13270 _ZN15google_breakpad16MemoryMappedFileD2Ev
           13280 _ZN15google_breakpad16MemoryMappedFile3MapEPKcm
           13430 _ZN15google_breakpad16MemoryMappedFileC1EPKcm
           13450 _ZN15google_breakpad12SafeReadLinkEPKcPcm
           13490 _ZN15google_breakpad12_GLOBAL__N_125CrashGenerationClientImplD1Ev
           134a0 _ZN15google_breakpad12_GLOBAL__N_125CrashGenerationClientImpl11RequestDumpEPKvm
           136c0 _ZN15google_breakpad12_GLOBAL__N_125CrashGenerationClientImplD0Ev
           136d0 _ZN15google_breakpad21CrashGenerationClient9TryCreateEi
           13700 _ZNK15google_breakpad10ThreadInfo21GetInstructionPointerEv
           13710 _ZNK15google_breakpad10ThreadInfo14FillCPUContextEP17MDRawContextAMD64
           13a10 _ZN15google_breakpad10ThreadInfo26GetGeneralPurposeRegistersEPPvPm
           13a60 _ZN15google_breakpad10ThreadInfo25GetFloatingPointRegistersEPPvPm
           13ab0 _ZN15google_breakpad14UContextReader15GetStackPointerEPK8ucontext
           13ac0 _ZN15google_breakpad14UContextReader21GetInstructionPointerEPK8ucontext
           13ad0 _ZN15google_breakpad14UContextReader14FillCPUContextEP17MDRawContextAMD64PK8ucontextPK13_libc_fpstate
           13d30 ConvertUTF32toUTF16
           13eb0 ConvertUTF16toUTF32
           14050 ConvertUTF16toUTF8
           14250 isLegalUTF8Sequence
           14330 ConvertUTF8toUTF16
           14660 ConvertUTF32toUTF8
           14920 ConvertUTF8toUTF32
           14c30 __libc_csu_init
           14ca0 __libc_csu_fini
           14ca4 _fini
        ffffffff Alloc
        ffffffff CaptureCrashingThreadStack
        ffffffff CrashGenerationClientImpl
        ffffffff CrashingThreadReferencesPrincipalMapping
        ffffffff Dump
        ffffffff DumpCPUState
        ffffffff DumpCrashReason
        ffffffff DumpGPUInformation
        ffffffff DumpMappings
        ffffffff DumpModule
        ffffffff DumpOSInformation
        ffffffff DumpProcessType
        ffffffff DumpProductInformation
        ffffffff DumpThreadStack
        ffffffff ElfClassBuildIDNoteIdentifier
        ffffffff ElfFileSoNameFromMappedFile
        ffffffff FillRawModule
        ffffffff FillThreadStack
        ffffffff FindElfBuildIDNote
        ffffffff FindElfClassSection<google_breakpad::ElfClass32>
        ffffffff FindElfClassSection<google_breakpad::ElfClass64>
        ffffffff FindElfClassSegment<google_breakpad::ElfClass32>
        ffffffff FindElfClassSegment<google_breakpad::ElfClass64>
        ffffffff HashElfTextSection
        ffffffff HaveMappingInfo
        ffffffff Init
        ffffffff InstallAlternateStackLocked
        ffffffff InstallDefaultHandler
        ffffffff IsMappedFileOpenUnsafe
        ffffffff LogAppend
        ffffffff LogAppend<int>
        ffffffff LogAppend<long unsigned int>
        ffffffff LogAppend<short unsigned int>
        ffffffff LogAppend<unsigned char>
        ffffffff LogAppend<unsigned int>
        ffffffff LogCommitLine
        ffffffff LogLine
        ffffffff MappingContainsAddress
        ffffffff MicrodumpWriter
        ffffffff MinidumpWriter
        ffffffff NullifyDirectoryEntry
        ffffffff RestoreAlternateStackLocked
        ffffffff ResumeThread
        ffffffff ShouldIncludeMapping
        ffffffff SuspendThread
        ffffffff Swap
        ffffffff WriteAppMemory
        ffffffff WriteCPUInformation
        ffffffff WriteDSODebugStream
        ffffffff WriteExceptionStream
        ffffffff WriteMappings
        ffffffff WriteMemoryListStream
        ffffffff WriteOSInformation
        ffffffff WriteSystemInfoStream
        ffffffff _ZN13GUIDGenerator10CreateGUIDEP6MDGUID
        ffffffff _ZN13GUIDGenerator18CreateGUIDFromRandEP6MDGUID
        ffffffff _ZN13GUIDGenerator24CreateGUIDFromDevUrandomEP6MDGUID
        ffffffff _ZN13GUIDGenerator8InitOnceEv
        ffffffff _ZN15google_breakpad10LineReader11GetNextLineEPPKcPj
        ffffffff _ZN15google_breakpad10LineReader7PopLineEj
        ffffffff _ZN15google_breakpad10LineReaderC4Ei
        ffffffff _ZN15google_breakpad10TypedMDRVAI11MDRawHeaderE5FlushEv
        ffffffff _ZN15google_breakpad10TypedMDRVAI11MDRawHeaderE8AllocateEv
        ffffffff _ZN15google_breakpad10TypedMDRVAI11MDRawHeaderEC4EPNS_18MinidumpFileWriterE
        ffffffff _ZN15google_breakpad10TypedMDRVAI11MDRawHeaderED4Ev
        ffffffff _ZN15google_breakpad10TypedMDRVAI12MDRawDebug64E20CopyIndexAfterObjectEjPKvm
        ffffffff _ZN15google_breakpad10TypedMDRVAI12MDRawDebug64E22AllocateObjectAndArrayEmm
        ffffffff _ZN15google_breakpad10TypedMDRVAI12MDRawDebug64E5FlushEv
        ffffffff _ZN15google_breakpad10TypedMDRVAI12MDRawDebug64EC4EPNS_18MinidumpFileWriterE
        ffffffff _ZN15google_breakpad10TypedMDRVAI12MDRawDebug64ED4Ev
        ffffffff _ZN15google_breakpad10TypedMDRVAI14MDRawDirectoryE13AllocateArrayEm
        ffffffff _ZN15google_breakpad10TypedMDRVAI14MDRawDirectoryE5FlushEv
        ffffffff _ZN15google_breakpad10TypedMDRVAI14MDRawDirectoryE9CopyIndexEjPS1_
        ffffffff _ZN15google_breakpad10TypedMDRVAI14MDRawDirectoryEC4EPNS_18MinidumpFileWriterE
        ffffffff _ZN15google_breakpad10TypedMDRVAI14MDRawDirectoryED4Ev
        ffffffff _ZN15google_breakpad10TypedMDRVAI14MDRawLinkMap64E13AllocateArrayEm
        ffffffff _ZN15google_breakpad10TypedMDRVAI14MDRawLinkMap64E5FlushEv
        ffffffff _ZN15google_breakpad10TypedMDRVAI14MDRawLinkMap64E9CopyIndexEjPS1_
        ffffffff _ZN15google_breakpad10TypedMDRVAI14MDRawLinkMap64EC4EPNS_18MinidumpFileWriterE
        ffffffff _ZN15google_breakpad10TypedMDRVAI14MDRawLinkMap64ED4Ev
        ffffffff _ZN15google_breakpad10TypedMDRVAI15MDRawSystemInfoE5FlushEv
        ffffffff _ZN15google_breakpad10TypedMDRVAI15MDRawSystemInfoE8AllocateEv
        ffffffff _ZN15google_breakpad10TypedMDRVAI15MDRawSystemInfoEC4EPNS_18MinidumpFileWriterE
        ffffffff _ZN15google_breakpad10TypedMDRVAI15MDRawSystemInfoED4Ev
        ffffffff _ZN15google_breakpad10TypedMDRVAI17MDRawContextAMD64E5FlushEv
        ffffffff _ZN15google_breakpad10TypedMDRVAI17MDRawContextAMD64E8AllocateEv
        ffffffff _ZN15google_breakpad10TypedMDRVAI17MDRawContextAMD64EC4EPNS_18MinidumpFileWriterE
        ffffffff _ZN15google_breakpad10TypedMDRVAI17MDRawContextAMD64ED4Ev
        ffffffff _ZN15google_breakpad10TypedMDRVAI20MDRawExceptionStreamE5FlushEv
        ffffffff _ZN15google_breakpad10TypedMDRVAI20MDRawExceptionStreamE8AllocateEv
        ffffffff _ZN15google_breakpad10TypedMDRVAI20MDRawExceptionStreamEC4EPNS_18MinidumpFileWriterE
        ffffffff _ZN15google_breakpad10TypedMDRVAI20MDRawExceptionStreamED4Ev
        ffffffff _ZN15google_breakpad10TypedMDRVAI8MDStringE20CopyIndexAfterObjectEjPKvm
        ffffffff _ZN15google_breakpad10TypedMDRVAI8MDStringE22AllocateObjectAndArrayEmm
        ffffffff _ZN15google_breakpad10TypedMDRVAI8MDStringE5FlushEv
        ffffffff _ZN15google_breakpad10TypedMDRVAI8MDStringEC4EPNS_18MinidumpFileWriterE
        ffffffff _ZN15google_breakpad10TypedMDRVAI8MDStringED4Ev
        ffffffff _ZN15google_breakpad10TypedMDRVAIjE20CopyIndexAfterObjectEjPKvm
        ffffffff _ZN15google_breakpad10TypedMDRVAIjE22AllocateObjectAndArrayEmm
        ffffffff _ZN15google_breakpad10TypedMDRVAIjE5FlushEv
        ffffffff _ZN15google_breakpad10TypedMDRVAIjE8AllocateEv
        ffffffff _ZN15google_breakpad10TypedMDRVAIjEC4EPNS_18MinidumpFileWriterE
        ffffffff _ZN15google_breakpad10TypedMDRVAIjED4Ev
        ffffffff _ZN15google_breakpad10scoped_ptrINS_21CrashGenerationClientEE5resetEPS1_
        ffffffff _ZN15google_breakpad10scoped_ptrINS_21CrashGenerationClientEEC4EPS1_
        ffffffff _ZN15google_breakpad10scoped_ptrINS_21CrashGenerationClientEED4Ev
        ffffffff _ZN15google_breakpad11LinuxDumper16set_crash_signalEi
        ffffffff _ZN15google_breakpad11LinuxDumper16set_crash_threadEi
        ffffffff _ZN15google_breakpad11LinuxDumper17set_crash_addressEm
        ffffffff _ZN15google_breakpad11LinuxDumper9allocatorEv
        ffffffff _ZN15google_breakpad11MemoryRange3SetEPKvm
        ffffffff _ZN15google_breakpad11MemoryRangeC4Ev
        ffffffff _ZN15google_breakpad12SafeReadLinkILm255EEEbPKcRAT__c
        ffffffff _ZN15google_breakpad12UntypedMDRVA4CopyEPKvm
        ffffffff _ZN15google_breakpad12UntypedMDRVAC4EPNS_18MinidumpFileWriterE
        ffffffff _ZN15google_breakpad12scoped_arrayIhED4Ev
        ffffffff _ZN15google_breakpad12scoped_arrayItEC4EPt
        ffffffff _ZN15google_breakpad12scoped_arrayItED4Ev
        ffffffff _ZN15google_breakpad13PageAllocator7FreeAllEv
        ffffffff _ZN15google_breakpad13PageAllocator9GetNPagesEm
        ffffffff _ZN15google_breakpad13PageAllocatorC4Ev
        ffffffff _ZN15google_breakpad13PageAllocatorD4Ev
        ffffffff _ZN15google_breakpad15DirectoryReader12GetNextEntryEPPKc
        ffffffff _ZN15google_breakpad15DirectoryReader8PopEntryEv
        ffffffff _ZN15google_breakpad15DirectoryReaderC4Ei
        ffffffff _ZN15google_breakpad15wasteful_vectorI18MDMemoryDescriptorEC4EPNS_13PageAllocatorEj
        ffffffff _ZN15google_breakpad15wasteful_vectorINS_10ElfSegmentEEC4ENS_16PageStdAllocatorIS1_EE
        ffffffff _ZN15google_breakpad15wasteful_vectorIPNS_11MappingInfoEEC4EPNS_13PageAllocatorEj
        ffffffff _ZN15google_breakpad15wasteful_vectorIcEC4EPNS_13PageAllocatorEj
        ffffffff _ZN15google_breakpad15wasteful_vectorIhEC4ENS_16PageStdAllocatorIhEE
        ffffffff _ZN15google_breakpad15wasteful_vectorIiEC4EPNS_13PageAllocatorEj
        ffffffff _ZN15google_breakpad15wasteful_vectorImEC4EPNS_13PageAllocatorEj
        ffffffff _ZN15google_breakpad16PageStdAllocatorI18MDMemoryDescriptorE8allocateEmPKv
        ffffffff _ZN15google_breakpad16PageStdAllocatorI18MDMemoryDescriptorEC4ERKS2_
        ffffffff _ZN15google_breakpad16PageStdAllocatorINS_10ElfSegmentEE8allocateEmPKv
        ffffffff _ZN15google_breakpad16PageStdAllocatorINS_10ElfSegmentEEC4ERKS2_
        ffffffff _ZN15google_breakpad16PageStdAllocatorIPNS_11MappingInfoEE8allocateEmPKv
        ffffffff _ZN15google_breakpad16PageStdAllocatorIPNS_11MappingInfoEEC4ERKS3_
        ffffffff _ZN15google_breakpad16PageStdAllocatorIcE8allocateEmPKv
        ffffffff _ZN15google_breakpad16PageStdAllocatorIcEC4ERKS1_
        ffffffff _ZN15google_breakpad16PageStdAllocatorIhE8allocateEmPKv
        ffffffff _ZN15google_breakpad16PageStdAllocatorIhEC4ERKS1_
        ffffffff _ZN15google_breakpad16PageStdAllocatorIiE8allocateEmPKv
        ffffffff _ZN15google_breakpad16PageStdAllocatorIiEC4ERKS1_
        ffffffff _ZN15google_breakpad16PageStdAllocatorImE8allocateEmPKv
        ffffffff _ZN15google_breakpad16PageStdAllocatorImEC4ERKS1_
        ffffffff _ZN15google_breakpad17LinuxPtraceDumperD4Ev
        ffffffff _ZN15google_breakpad17ProcCpuInfoReader14GetValueAndLenEPm
        ffffffff _ZN15google_breakpad17ProcCpuInfoReaderC4Ei
        ffffffff _ZN15google_breakpad18MicrodumpExtraInfoC4Ev
        ffffffff _ZN15google_breakpad18MinidumpDescriptor20microdump_extra_infoEv
        ffffffff _ZN15google_breakpad18MinidumpDescriptorC4ERKNSt7__cxx1112basic_stringIcSt11char_traitsIcESaIcEEE
        ffffffff _ZN15google_breakpad18MinidumpDescriptorD4Ev
        ffffffff _ZN15google_breakpad18MinidumpFileWriter15WriteStringCoreIcEEbPKT_jP20MDLocationDescriptor
        ffffffff _ZN15google_breakpad18MinidumpFileWriter15WriteStringCoreIwEEbPKT_jP20MDLocationDescriptor
        ffffffff _ZN15google_breakpad20FindElfSectionByNameINS_10ElfClass32EEEPKNT_4ShdrEPKcNS2_4WordES5_S7_S7_i
        ffffffff _ZN15google_breakpad20FindElfSectionByNameINS_10ElfClass64EEEPKNT_4ShdrEPKcNS2_4WordES5_S7_S7_i
        ffffffff _ZN15google_breakpad20auto_wasteful_vectorINS_10ElfSegmentELj2EEC4EPNS_13PageAllocatorE
        ffffffff _ZN15google_breakpad20auto_wasteful_vectorIhLj20EEC4EPNS_13PageAllocatorE
        ffffffff _ZN15google_breakpad9GetOffsetINS_10ElfClass32E10Elf32_PhdrEEPKT0_PKNT_4EhdrENS6_3OffE
        ffffffff _ZN15google_breakpad9GetOffsetINS_10ElfClass32E10Elf32_ShdrEEPKT0_PKNT_4EhdrENS6_3OffE
        ffffffff _ZN15google_breakpad9GetOffsetINS_10ElfClass32EcEEPKT0_PKNT_4EhdrENS5_3OffE
        ffffffff _ZN15google_breakpad9GetOffsetINS_10ElfClass64E10Elf64_PhdrEEPKT0_PKNT_4EhdrENS6_3OffE
        ffffffff _ZN15google_breakpad9GetOffsetINS_10ElfClass64E10Elf64_ShdrEEPKT0_PKNT_4EhdrENS6_3OffE
        ffffffff _ZN15google_breakpad9GetOffsetINS_10ElfClass64EcEEPKT0_PKNT_4EhdrENS5_3OffE
        ffffffff _ZN9__gnu_cxx13new_allocatorI18MDMemoryDescriptorE9constructIS1_JRKS1_EEEvPT_DpOT0_
        ffffffff _ZN9__gnu_cxx13new_allocatorI18MDMemoryDescriptorE9constructIS1_JS1_EEEvPT_DpOT0_
        ffffffff _ZN9__gnu_cxx13new_allocatorIN15google_breakpad10ElfSegmentEE9constructIS2_JRKS2_EEEvPT_DpOT0_
        ffffffff _ZN9__gnu_cxx13new_allocatorIN15google_breakpad10ElfSegmentEE9constructIS2_JS2_EEEvPT_DpOT0_
        ffffffff _ZN9__gnu_cxx13new_allocatorIPN15google_breakpad11MappingInfoEE9constructIS3_JRKS3_EEEvPT_DpOT0_
        ffffffff _ZN9__gnu_cxx13new_allocatorIPN15google_breakpad11MappingInfoEE9constructIS3_JS3_EEEvPT_DpOT0_
        ffffffff _ZN9__gnu_cxx13new_allocatorIPN15google_breakpad16ExceptionHandlerEE10deallocateEPS3_m
        ffffffff _ZN9__gnu_cxx13new_allocatorIPN15google_breakpad16ExceptionHandlerEE8allocateEmPKv
        ffffffff _ZN9__gnu_cxx13new_allocatorIPN15google_breakpad16ExceptionHandlerEE9constructIS3_JS3_EEEvPT_DpOT0_
        ffffffff _ZN9__gnu_cxx13new_allocatorISt10_List_nodeIN15google_breakpad12MappingEntryEEE10deallocateEPS4_m
        ffffffff _ZN9__gnu_cxx13new_allocatorISt10_List_nodeIN15google_breakpad12MappingEntryEEE8allocateEmPKv
        ffffffff _ZN9__gnu_cxx13new_allocatorISt10_List_nodeIN15google_breakpad12MappingEntryEEE9constructIS4_JRKS3_EEEvPT_DpOT0_
        ffffffff _ZN9__gnu_cxx13new_allocatorISt10_List_nodeIN15google_breakpad9AppMemoryEEE10deallocateEPS4_m
        ffffffff _ZN9__gnu_cxx13new_allocatorISt10_List_nodeIN15google_breakpad9AppMemoryEEE8allocateEmPKv
        ffffffff _ZN9__gnu_cxx13new_allocatorISt10_List_nodeIN15google_breakpad9AppMemoryEEE9constructIS4_JRKS3_EEEvPT_DpOT0_
        ffffffff _ZN9__gnu_cxx13new_allocatorIcE10deallocateEPcm
        ffffffff _ZN9__gnu_cxx13new_allocatorIcE9constructIcJEEEvPT_DpOT0_
        ffffffff _ZN9__gnu_cxx13new_allocatorIcE9constructIcJcEEEvPT_DpOT0_
        ffffffff _ZN9__gnu_cxx13new_allocatorIhE9constructIhJEEEvPT_DpOT0_
        ffffffff _ZN9__gnu_cxx13new_allocatorIhE9constructIhJRKhEEEvPT_DpOT0_
        ffffffff _ZN9__gnu_cxx13new_allocatorIhE9constructIhJhEEEvPT_DpOT0_
        ffffffff _ZN9__gnu_cxx13new_allocatorIiE9constructIiJEEEvPT_DpOT0_
        ffffffff _ZN9__gnu_cxx13new_allocatorIiE9constructIiJRKiEEEvPT_DpOT0_
        ffffffff _ZN9__gnu_cxx13new_allocatorIiE9constructIiJiEEEvPT_DpOT0_
        ffffffff _ZN9__gnu_cxx13new_allocatorImE9constructImJEEEvPT_DpOT0_
        ffffffff _ZN9__gnu_cxx13new_allocatorImE9constructImJmEEEvPT_DpOT0_
        ffffffff _ZN9__gnu_cxx13new_allocatorItE10deallocateEPtm
        ffffffff _ZN9__gnu_cxx13new_allocatorItE8allocateEmPKv
        ffffffff _ZN9__gnu_cxx17__normal_iteratorIPKtSt6vectorItSaItEEEppEv
        ffffffff _ZN9__gnu_cxx17__normal_iteratorIPN15google_breakpad10ElfSegmentESt6vectorIS2_NS1_16PageStdAllocatorIS2_EEEEC4ERKS3_
        ffffffff _ZN9__gnu_cxx17__normal_iteratorIPN15google_breakpad10ElfSegmentESt6vectorIS2_NS1_16PageStdAllocatorIS2_EEEEppEv
        ffffffff _ZN9__gnu_cxx17__normal_iteratorIPPN15google_breakpad16ExceptionHandlerESt6vectorIS3_SaIS3_EEEC4ERKS4_
        ffffffff _ZN9__gnu_cxx17__normal_iteratorIPPN15google_breakpad16ExceptionHandlerESt6vectorIS3_SaIS3_EEEppEv
        ffffffff _ZN9__gnu_cxxmiIPPN15google_breakpad16ExceptionHandlerESt6vectorIS3_SaIS3_EEEENS_17__normal_iteratorIT_T0_E15difference_typeERKSB_SE_
        ffffffff _ZN9__gnu_cxxmiIPhSt6vectorIhN15google_breakpad16PageStdAllocatorIhEEEEENS_17__normal_iteratorIT_T0_E15difference_typeERKSA_SD_
        ffffffff _ZNK15google_breakpad10scoped_ptrINS_21CrashGenerationClientEE3getEv
        ffffffff _ZNK15google_breakpad12UntypedMDRVA8locationEv
        ffffffff _ZNK15google_breakpad16ExceptionHandler14IsOutOfProcessEv
        ffffffff _ZNK9__gnu_cxx17__normal_iteratorIPPN15google_breakpad16ExceptionHandlerESt6vectorIS3_SaIS3_EEEplEl
        ffffffff _ZNKSt6vectorI18MDMemoryDescriptorN15google_breakpad16PageStdAllocatorIS0_EEE12_M_check_lenEmPKc
        ffffffff _ZNKSt6vectorI18MDMemoryDescriptorN15google_breakpad16PageStdAllocatorIS0_EEE4sizeEv
        ffffffff _ZNKSt6vectorIN15google_breakpad10ElfSegmentENS0_16PageStdAllocatorIS1_EEE12_M_check_lenEmPKc
        ffffffff _ZNKSt6vectorIN15google_breakpad10ElfSegmentENS0_16PageStdAllocatorIS1_EEE4sizeEv
        ffffffff _ZNKSt6vectorIPN15google_breakpad11MappingInfoENS0_16PageStdAllocatorIS2_EEE12_M_check_lenEmPKc
        ffffffff _ZNKSt6vectorIPN15google_breakpad11MappingInfoENS0_16PageStdAllocatorIS2_EEE4sizeEv
        ffffffff _ZNKSt6vectorIPN15google_breakpad16ExceptionHandlerESaIS2_EE12_M_check_lenEmPKc
        ffffffff _ZNKSt6vectorIPN15google_breakpad16ExceptionHandlerESaIS2_EE4sizeEv
        ffffffff _ZNKSt6vectorIcN15google_breakpad16PageStdAllocatorIcEEE4sizeEv
        ffffffff _ZNKSt6vectorIhN15google_breakpad16PageStdAllocatorIhEEE12_M_check_lenEmPKc
        ffffffff _ZNKSt6vectorIhN15google_breakpad16PageStdAllocatorIhEEE4sizeEv
        ffffffff _ZNKSt6vectorIiN15google_breakpad16PageStdAllocatorIiEEE12_M_check_lenEmPKc
        ffffffff _ZNKSt6vectorIiN15google_breakpad16PageStdAllocatorIiEEE4sizeEv
        ffffffff _ZNKSt6vectorImN15google_breakpad16PageStdAllocatorImEEE12_M_check_lenEmPKc
        ffffffff _ZNKSt6vectorImN15google_breakpad16PageStdAllocatorImEEE4sizeEv
        ffffffff _ZNKSt6vectorItSaItEE12_M_check_lenEmPKc
        ffffffff _ZNKSt6vectorItSaItEE4sizeEv
        ffffffff _ZNKSt7__cxx1112basic_stringIcSt11char_traitsIcESaIcEE11_M_is_localEv
        ffffffff _ZNKSt7__cxx1112basic_stringIcSt11char_traitsIcESaIcEE13_M_local_dataEv
        ffffffff _ZNKSt7__cxx1112basic_stringIcSt11char_traitsIcESaIcEE15_M_check_lengthEmmPKc
        ffffffff _ZNSt10_List_nodeIN15google_breakpad12MappingEntryEEC4IJRKS1_EEEDpOT_
        ffffffff _ZNSt10_List_nodeIN15google_breakpad9AppMemoryEEC4IJRKS1_EEEDpOT_
        ffffffff _ZNSt10_List_nodeImEC4IJEEEDpOT_
        ffffffff _ZNSt11__copy_moveILb0ELb1ESt26random_access_iterator_tagE8__copy_mIhEEPT_PKS3_S6_S4_
        ffffffff _ZNSt11__copy_moveILb1ELb1ESt26random_access_iterator_tagE8__copy_mIPN15google_breakpad16ExceptionHandlerEEEPT_PKS6_S9_S7_
        ffffffff _ZNSt11__copy_moveILb1ELb1ESt26random_access_iterator_tagE8__copy_mItEEPT_PKS3_S6_S4_
        ffffffff _ZNSt11char_traitsIcE4copyEPcPKcm
        ffffffff _ZNSt11char_traitsIcE6assignERcRKc
        ffffffff _ZNSt11char_traitsIcE6lengthEPKc
        ffffffff _ZNSt12_Vector_baseI18MDMemoryDescriptorN15google_breakpad16PageStdAllocatorIS0_EEE11_M_allocateEm
        ffffffff _ZNSt12_Vector_baseI18MDMemoryDescriptorN15google_breakpad16PageStdAllocatorIS0_EEE12_Vector_implC4ERKS3_
        ffffffff _ZNSt12_Vector_baseI18MDMemoryDescriptorN15google_breakpad16PageStdAllocatorIS0_EEEC4ERKS3_
        ffffffff _ZNSt12_Vector_baseIN15google_breakpad10ElfSegmentENS0_16PageStdAllocatorIS1_EEE11_M_allocateEm
        ffffffff _ZNSt12_Vector_baseIN15google_breakpad10ElfSegmentENS0_16PageStdAllocatorIS1_EEE12_Vector_implC4ERKS3_
        ffffffff _ZNSt12_Vector_baseIN15google_breakpad10ElfSegmentENS0_16PageStdAllocatorIS1_EEEC4ERKS3_
        ffffffff _ZNSt12_Vector_baseIPN15google_breakpad11MappingInfoENS0_16PageStdAllocatorIS2_EEE11_M_allocateEm
        ffffffff _ZNSt12_Vector_baseIPN15google_breakpad11MappingInfoENS0_16PageStdAllocatorIS2_EEE12_Vector_implC4ERKS4_
        ffffffff _ZNSt12_Vector_baseIPN15google_breakpad11MappingInfoENS0_16PageStdAllocatorIS2_EEEC4ERKS4_
        ffffffff _ZNSt12_Vector_baseIPN15google_breakpad16ExceptionHandlerESaIS2_EE11_M_allocateEm
        ffffffff _ZNSt12_Vector_baseIPN15google_breakpad16ExceptionHandlerESaIS2_EE12_Vector_implC4Ev
        ffffffff _ZNSt12_Vector_baseIPN15google_breakpad16ExceptionHandlerESaIS2_EE13_M_deallocateEPS2_m
        ffffffff _ZNSt12_Vector_baseIPN15google_breakpad16ExceptionHandlerESaIS2_EEC4Ev
        ffffffff _ZNSt12_Vector_baseIPN15google_breakpad16ExceptionHandlerESaIS2_EED4Ev
        ffffffff _ZNSt12_Vector_baseIcN15google_breakpad16PageStdAllocatorIcEEE11_M_allocateEm
        ffffffff _ZNSt12_Vector_baseIcN15google_breakpad16PageStdAllocatorIcEEE12_Vector_implC4ERKS2_
        ffffffff _ZNSt12_Vector_baseIcN15google_breakpad16PageStdAllocatorIcEEEC4ERKS2_
        ffffffff _ZNSt12_Vector_baseIhN15google_breakpad16PageStdAllocatorIhEEE11_M_allocateEm
        ffffffff _ZNSt12_Vector_baseIhN15google_breakpad16PageStdAllocatorIhEEE12_Vector_implC4ERKS2_
        ffffffff _ZNSt12_Vector_baseIhN15google_breakpad16PageStdAllocatorIhEEEC4ERKS2_
        ffffffff _ZNSt12_Vector_baseIiN15google_breakpad16PageStdAllocatorIiEEE11_M_allocateEm
        ffffffff _ZNSt12_Vector_baseIiN15google_breakpad16PageStdAllocatorIiEEE12_Vector_implC4ERKS2_
        ffffffff _ZNSt12_Vector_baseIiN15google_breakpad16PageStdAllocatorIiEEEC4ERKS2_
        ffffffff _ZNSt12_Vector_baseImN15google_breakpad16PageStdAllocatorImEEE11_M_allocateEm
        ffffffff _ZNSt12_Vector_baseImN15google_breakpad16PageStdAllocatorImEEE12_Vector_implC4ERKS2_
        ffffffff _ZNSt12_Vector_baseImN15google_breakpad16PageStdAllocatorImEEEC4ERKS2_
        ffffffff _ZNSt12_Vector_baseItSaItEE11_M_allocateEm
        ffffffff _ZNSt12_Vector_baseItSaItEE13_M_deallocateEPtm
        ffffffff _ZNSt13move_iteratorIP18MDMemoryDescriptorEppEv
        ffffffff _ZNSt13move_iteratorIPN15google_breakpad10ElfSegmentEEppEv
        ffffffff _ZNSt14_List_iteratorIN15google_breakpad9AppMemoryEEppEv
        ffffffff _ZNSt16allocator_traitsIN15google_breakpad16PageStdAllocatorI18MDMemoryDescriptorEEE12_S_constructIS2_JRKS2_EEENSt9enable_ifIXsrSt6__and_IJNS4_18__construct_helperIT_JDpT0_EE4typeEEE5valueEvE4typeERS3_PSB_DpOSC_
        ffffffff _ZNSt16allocator_traitsIN15google_breakpad16PageStdAllocatorI18MDMemoryDescriptorEEE12_S_constructIS2_JS2_EEENSt9enable_ifIXsrSt6__and_IJNS4_18__construct_helperIT_JDpT0_EE4typeEEE5valueEvE4typeERS3_PS9_DpOSA_
        ffffffff _ZNSt16allocator_traitsIN15google_breakpad16PageStdAllocatorI18MDMemoryDescriptorEEE8allocateERS3_m
        ffffffff _ZNSt16allocator_traitsIN15google_breakpad16PageStdAllocatorI18MDMemoryDescriptorEEE9constructIS2_JRKS2_EEEDTcl12_S_constructfp_fp0_spcl7forwardIT0_Efp1_EEERS3_PT_DpOS8_
        ffffffff _ZNSt16allocator_traitsIN15google_breakpad16PageStdAllocatorI18MDMemoryDescriptorEEE9constructIS2_JS2_EEEDTcl12_S_constructfp_fp0_spcl7forwardIT0_Efp1_EEERS3_PT_DpOS6_
        ffffffff _ZNSt16allocator_traitsIN15google_breakpad16PageStdAllocatorINS0_10ElfSegmentEEEE12_S_constructIS2_JRKS2_EEENSt9enable_ifIXsrSt6__and_IJNS4_18__construct_helperIT_JDpT0_EE4typeEEE5valueEvE4typeERS3_PSB_DpOSC_
        ffffffff _ZNSt16allocator_traitsIN15google_breakpad16PageStdAllocatorINS0_10ElfSegmentEEEE12_S_constructIS2_JS2_EEENSt9enable_ifIXsrSt6__and_IJNS4_18__construct_helperIT_JDpT0_EE4typeEEE5valueEvE4typeERS3_PS9_DpOSA_
        ffffffff _ZNSt16allocator_traitsIN15google_breakpad16PageStdAllocatorINS0_10ElfSegmentEEEE8allocateERS3_m
        ffffffff _ZNSt16allocator_traitsIN15google_breakpad16PageStdAllocatorINS0_10ElfSegmentEEEE9constructIS2_JRKS2_EEEDTcl12_S_constructfp_fp0_spcl7forwardIT0_Efp1_EEERS3_PT_DpOS8_
        ffffffff _ZNSt16allocator_traitsIN15google_breakpad16PageStdAllocatorINS0_10ElfSegmentEEEE9constructIS2_JS2_EEEDTcl12_S_constructfp_fp0_spcl7forwardIT0_Efp1_EEERS3_PT_DpOS6_
        ffffffff _ZNSt16allocator_traitsIN15google_breakpad16PageStdAllocatorIPNS0_11MappingInfoEEEE12_S_constructIS3_JRKS3_EEENSt9enable_ifIXsrSt6__and_IJNS5_18__construct_helperIT_JDpT0_EE4typeEEE5valueEvE4typeERS4_PSC_DpOSD_
        ffffffff _ZNSt16allocator_traitsIN15google_breakpad16PageStdAllocatorIPNS0_11MappingInfoEEEE12_S_constructIS3_JS3_EEENSt9enable_ifIXsrSt6__and_IJNS5_18__construct_helperIT_JDpT0_EE4typeEEE5valueEvE4typeERS4_PSA_DpOSB_
        ffffffff _ZNSt16allocator_traitsIN15google_breakpad16PageStdAllocatorIPNS0_11MappingInfoEEEE8allocateERS4_m
        ffffffff _ZNSt16allocator_traitsIN15google_breakpad16PageStdAllocatorIPNS0_11MappingInfoEEEE9constructIS3_JRKS3_EEEDTcl12_S_constructfp_fp0_spcl7forwardIT0_Efp1_EEERS4_PT_DpOS9_
        ffffffff _ZNSt16allocator_traitsIN15google_breakpad16PageStdAllocatorIPNS0_11MappingInfoEEEE9constructIS3_JS3_EEEDTcl12_S_constructfp_fp0_spcl7forwardIT0_Efp1_EEERS4_PT_DpOS7_
        ffffffff _ZNSt16allocator_traitsIN15google_breakpad16PageStdAllocatorIcEEE12_S_constructIcJEEENSt9enable_ifIXsrSt6__and_IJNS3_18__construct_helperIT_JDpT0_EE4typeEEE5valueEvE4typeERS2_PS8_DpOS9_
        ffffffff _ZNSt16allocator_traitsIN15google_breakpad16PageStdAllocatorIcEEE12_S_constructIcJcEEENSt9enable_ifIXsrSt6__and_IJNS3_18__construct_helperIT_JDpT0_EE4typeEEE5valueEvE4typeERS2_PS8_DpOS9_
        ffffffff _ZNSt16allocator_traitsIN15google_breakpad16PageStdAllocatorIcEEE8allocateERS2_m
        ffffffff _ZNSt16allocator_traitsIN15google_breakpad16PageStdAllocatorIcEEE9constructIcJEEEDTcl12_S_constructfp_fp0_spcl7forwardIT0_Efp1_EEERS2_PT_DpOS5_
        ffffffff _ZNSt16allocator_traitsIN15google_breakpad16PageStdAllocatorIcEEE9constructIcJcEEEDTcl12_S_constructfp_fp0_spcl7forwardIT0_Efp1_EEERS2_PT_DpOS5_
        ffffffff _ZNSt16allocator_traitsIN15google_breakpad16PageStdAllocatorIhEEE12_S_constructIhJEEENSt9enable_ifIXsrSt6__and_IJNS3_18__construct_helperIT_JDpT0_EE4typeEEE5valueEvE4typeERS2_PS8_DpOS9_
        ffffffff _ZNSt16allocator_traitsIN15google_breakpad16PageStdAllocatorIhEEE12_S_constructIhJRKhEEENSt9enable_ifIXsrSt6__and_IJNS3_18__construct_helperIT_JDpT0_EE4typeEEE5valueEvE4typeERS2_PSA_DpOSB_
        ffffffff _ZNSt16allocator_traitsIN15google_breakpad16PageStdAllocatorIhEEE12_S_constructIhJhEEENSt9enable_ifIXsrSt6__and_IJNS3_18__construct_helperIT_JDpT0_EE4typeEEE5valueEvE4typeERS2_PS8_DpOS9_
        ffffffff _ZNSt16allocator_traitsIN15google_breakpad16PageStdAllocatorIhEEE8allocateERS2_m
        ffffffff _ZNSt16allocator_traitsIN15google_breakpad16PageStdAllocatorIhEEE9constructIhJEEEDTcl12_S_constructfp_fp0_spcl7forwardIT0_Efp1_EEERS2_PT_DpOS5_
        ffffffff _ZNSt16allocator_traitsIN15google_breakpad16PageStdAllocatorIhEEE9constructIhJRKhEEEDTcl12_S_constructfp_fp0_spcl7forwardIT0_Efp1_EEERS2_PT_DpOS7_
        ffffffff _ZNSt16allocator_traitsIN15google_breakpad16PageStdAllocatorIhEEE9constructIhJhEEEDTcl12_S_constructfp_fp0_spcl7forwardIT0_Efp1_EEERS2_PT_DpOS5_
        ffffffff _ZNSt16allocator_traitsIN15google_breakpad16PageStdAllocatorIiEEE12_S_constructIiJEEENSt9enable_ifIXsrSt6__and_IJNS3_18__construct_helperIT_JDpT0_EE4typeEEE5valueEvE4typeERS2_PS8_DpOS9_
        ffffffff _ZNSt16allocator_traitsIN15google_breakpad16PageStdAllocatorIiEEE12_S_constructIiJRKiEEENSt9enable_ifIXsrSt6__and_IJNS3_18__construct_helperIT_JDpT0_EE4typeEEE5valueEvE4typeERS2_PSA_DpOSB_
        ffffffff _ZNSt16allocator_traitsIN15google_breakpad16PageStdAllocatorIiEEE12_S_constructIiJiEEENSt9enable_ifIXsrSt6__and_IJNS3_18__construct_helperIT_JDpT0_EE4typeEEE5valueEvE4typeERS2_PS8_DpOS9_
        ffffffff _ZNSt16allocator_traitsIN15google_breakpad16PageStdAllocatorIiEEE8allocateERS2_m
        ffffffff _ZNSt16allocator_traitsIN15google_breakpad16PageStdAllocatorIiEEE9constructIiJEEEDTcl12_S_constructfp_fp0_spcl7forwardIT0_Efp1_EEERS2_PT_DpOS5_
        ffffffff _ZNSt16allocator_traitsIN15google_breakpad16PageStdAllocatorIiEEE9constructIiJRKiEEEDTcl12_S_constructfp_fp0_spcl7forwardIT0_Efp1_EEERS2_PT_DpOS7_
        ffffffff _ZNSt16allocator_traitsIN15google_breakpad16PageStdAllocatorIiEEE9constructIiJiEEEDTcl12_S_constructfp_fp0_spcl7forwardIT0_Efp1_EEERS2_PT_DpOS5_
        ffffffff _ZNSt16allocator_traitsIN15google_breakpad16PageStdAllocatorImEEE12_S_constructImJEEENSt9enable_ifIXsrSt6__and_IJNS3_18__construct_helperIT_JDpT0_EE4typeEEE5valueEvE4typeERS2_PS8_DpOS9_
        ffffffff _ZNSt16allocator_traitsIN15google_breakpad16PageStdAllocatorImEEE12_S_constructImJmEEENSt9enable_ifIXsrSt6__and_IJNS3_18__construct_helperIT_JDpT0_EE4typeEEE5valueEvE4typeERS2_PS8_DpOS9_
        ffffffff _ZNSt16allocator_traitsIN15google_breakpad16PageStdAllocatorImEEE8allocateERS2_m
        ffffffff _ZNSt16allocator_traitsIN15google_breakpad16PageStdAllocatorImEEE9constructImJEEEDTcl12_S_constructfp_fp0_spcl7forwardIT0_Efp1_EEERS2_PT_DpOS5_
        ffffffff _ZNSt16allocator_traitsIN15google_breakpad16PageStdAllocatorImEEE9constructImJmEEEDTcl12_S_constructfp_fp0_spcl7forwardIT0_Efp1_EEERS2_PT_DpOS5_
        ffffffff _ZNSt16allocator_traitsISaIPN15google_breakpad16ExceptionHandlerEEE10deallocateERS3_PS2_m
        ffffffff _ZNSt16allocator_traitsISaIPN15google_breakpad16ExceptionHandlerEEE8allocateERS3_m
        ffffffff _ZNSt16allocator_traitsISaIPN15google_breakpad16ExceptionHandlerEEE9constructIS2_JS2_EEEvRS3_PT_DpOT0_
        ffffffff _ZNSt16allocator_traitsISaIcEE10deallocateERS0_Pcm
        ffffffff _ZNSt16allocator_traitsISaItEE10deallocateERS0_Ptm
        ffffffff _ZNSt16allocator_traitsISaItEE8allocateERS0_m
        ffffffff _ZNSt20_List_const_iteratorIN15google_breakpad12MappingEntryEEppEv
        ffffffff _ZNSt20_List_const_iteratorIN15google_breakpad9AppMemoryEEppEv
        ffffffff _ZNSt20__copy_move_backwardILb1ELb1ESt26random_access_iterator_tagE13__copy_move_bIhEEPT_PKS3_S6_S4_
        ffffffff _ZNSt20__uninitialized_copyILb1EE13__uninit_copyISt13move_iteratorIPPN15google_breakpad16ExceptionHandlerEES6_EET0_T_S9_S8_
        ffffffff _ZNSt20__uninitialized_copyILb1EE13__uninit_copyISt13move_iteratorIPtES3_EET0_T_S6_S5_
        ffffffff _ZNSt22__uninitialized_fill_nILb1EE15__uninit_fill_nIPtmtEET_S3_T0_RKT1_
        ffffffff _ZNSt27__uninitialized_default_n_1ILb1EE18__uninit_default_nIPtmEET_S3_T0_
        ffffffff _ZNSt6vectorI18MDMemoryDescriptorN15google_breakpad16PageStdAllocatorIS0_EEE20_M_allocate_and_copyISt13move_iteratorIPS0_EEES7_mT_S9_
        ffffffff _ZNSt6vectorI18MDMemoryDescriptorN15google_breakpad16PageStdAllocatorIS0_EEE7reserveEm
        ffffffff _ZNSt6vectorI18MDMemoryDescriptorN15google_breakpad16PageStdAllocatorIS0_EEE9push_backERKS0_
        ffffffff _ZNSt6vectorI18MDMemoryDescriptorN15google_breakpad16PageStdAllocatorIS0_EEEC4ERKS3_
        ffffffff _ZNSt6vectorI18MDMemoryDescriptorN15google_breakpad16PageStdAllocatorIS0_EEEixEm
        ffffffff _ZNSt6vectorIN15google_breakpad10ElfSegmentENS0_16PageStdAllocatorIS1_EEE3endEv
        ffffffff _ZNSt6vectorIN15google_breakpad10ElfSegmentENS0_16PageStdAllocatorIS1_EEE5beginEv
        ffffffff _ZNSt6vectorIN15google_breakpad10ElfSegmentENS0_16PageStdAllocatorIS1_EEE7reserveEm
        ffffffff _ZNSt6vectorIN15google_breakpad10ElfSegmentENS0_16PageStdAllocatorIS1_EEE9push_backERKS1_
        ffffffff _ZNSt6vectorIN15google_breakpad10ElfSegmentENS0_16PageStdAllocatorIS1_EEEC4ERKS3_
        ffffffff _ZNSt6vectorIPN15google_breakpad11MappingInfoENS0_16PageStdAllocatorIS2_EEE19_M_emplace_back_auxIJRKS2_EEEvDpOT_
        ffffffff _ZNSt6vectorIPN15google_breakpad11MappingInfoENS0_16PageStdAllocatorIS2_EEE20_M_allocate_and_copyISt13move_iteratorIPS2_EEES8_mT_SA_
        ffffffff _ZNSt6vectorIPN15google_breakpad11MappingInfoENS0_16PageStdAllocatorIS2_EEE7reserveEm
        ffffffff _ZNSt6vectorIPN15google_breakpad11MappingInfoENS0_16PageStdAllocatorIS2_EEE9push_backERKS2_
        ffffffff _ZNSt6vectorIPN15google_breakpad11MappingInfoENS0_16PageStdAllocatorIS2_EEEC4ERKS4_
        ffffffff _ZNSt6vectorIPN15google_breakpad16ExceptionHandlerESaIS2_EE12emplace_backIJS2_EEEvDpOT_
        ffffffff _ZNSt6vectorIPN15google_breakpad16ExceptionHandlerESaIS2_EE3endEv
        ffffffff _ZNSt6vectorIPN15google_breakpad16ExceptionHandlerESaIS2_EE5beginEv
        ffffffff _ZNSt6vectorIPN15google_breakpad16ExceptionHandlerESaIS2_EE5eraseEN9__gnu_cxx17__normal_iteratorIPKS2_S4_EE
        ffffffff _ZNSt6vectorIPN15google_breakpad16ExceptionHandlerESaIS2_EE8_M_eraseEN9__gnu_cxx17__normal_iteratorIPS2_S4_EE
        ffffffff _ZNSt6vectorIPN15google_breakpad16ExceptionHandlerESaIS2_EE9push_backEOS2_
        ffffffff _ZNSt6vectorIPN15google_breakpad16ExceptionHandlerESaIS2_EEC4Ev
        ffffffff _ZNSt6vectorIPN15google_breakpad16ExceptionHandlerESaIS2_EED4Ev
        ffffffff _ZNSt6vectorIcN15google_breakpad16PageStdAllocatorIcEEE15_M_erase_at_endEPc
        ffffffff _ZNSt6vectorIcN15google_breakpad16PageStdAllocatorIcEEE17_M_default_appendEm
        ffffffff _ZNSt6vectorIcN15google_breakpad16PageStdAllocatorIcEEE20_M_allocate_and_copyISt13move_iteratorIPcEEES6_mT_S8_
        ffffffff _ZNSt6vectorIcN15google_breakpad16PageStdAllocatorIcEEE7reserveEm
        ffffffff _ZNSt6vectorIcN15google_breakpad16PageStdAllocatorIcEEEC4ERKS2_
        ffffffff _ZNSt6vectorIhN15google_breakpad16PageStdAllocatorIhEEE15_M_erase_at_endEPh
        ffffffff _ZNSt6vectorIhN15google_breakpad16PageStdAllocatorIhEEE17_M_default_appendEm
        ffffffff _ZNSt6vectorIhN15google_breakpad16PageStdAllocatorIhEEE18_M_insert_dispatchIPKhEEvN9__gnu_cxx17__normal_iteratorIPhS3_EET_SB_St12__false_type
        ffffffff _ZNSt6vectorIhN15google_breakpad16PageStdAllocatorIhEEE6insertIPKhvEEN9__gnu_cxx17__normal_iteratorIPhS3_EENS8_IS6_S3_EET_SC_
        ffffffff _ZNSt6vectorIhN15google_breakpad16PageStdAllocatorIhEEE6resizeEm
        ffffffff _ZNSt6vectorIhN15google_breakpad16PageStdAllocatorIhEEE7reserveEm
        ffffffff _ZNSt6vectorIhN15google_breakpad16PageStdAllocatorIhEEEC4ERKS2_
        ffffffff _ZNSt6vectorIiN15google_breakpad16PageStdAllocatorIiEEE15_M_erase_at_endEPi
        ffffffff _ZNSt6vectorIiN15google_breakpad16PageStdAllocatorIiEEE19_M_emplace_back_auxIJRKiEEEvDpOT_
        ffffffff _ZNSt6vectorIiN15google_breakpad16PageStdAllocatorIiEEE20_M_allocate_and_copyISt13move_iteratorIPiEEES6_mT_S8_
        ffffffff _ZNSt6vectorIiN15google_breakpad16PageStdAllocatorIiEEE6resizeEm
        ffffffff _ZNSt6vectorIiN15google_breakpad16PageStdAllocatorIiEEE7reserveEm
        ffffffff _ZNSt6vectorIiN15google_breakpad16PageStdAllocatorIiEEE9push_backERKi
        ffffffff _ZNSt6vectorIiN15google_breakpad16PageStdAllocatorIiEEEC4ERKS2_
        ffffffff _ZNSt6vectorIiN15google_breakpad16PageStdAllocatorIiEEEixEm
        ffffffff _ZNSt6vectorImN15google_breakpad16PageStdAllocatorImEEE15_M_erase_at_endEPm
        ffffffff _ZNSt6vectorImN15google_breakpad16PageStdAllocatorImEEE17_M_default_appendEm
        ffffffff _ZNSt6vectorImN15google_breakpad16PageStdAllocatorImEEE20_M_allocate_and_copyISt13move_iteratorIPmEEES6_mT_S8_
        ffffffff _ZNSt6vectorImN15google_breakpad16PageStdAllocatorImEEE6resizeEm
        ffffffff _ZNSt6vectorImN15google_breakpad16PageStdAllocatorImEEE7reserveEm
        ffffffff _ZNSt6vectorImN15google_breakpad16PageStdAllocatorImEEEC4ERKS2_
        ffffffff _ZNSt6vectorItSaItEE14_M_fill_insertEN9__gnu_cxx17__normal_iteratorIPtS1_EEmRKt
        ffffffff _ZNSt6vectorItSaItEE15_M_erase_at_endEPt
        ffffffff _ZNSt6vectorItSaItEE5clearEv
        ffffffff _ZNSt6vectorItSaItEE6insertEN9__gnu_cxx17__normal_iteratorIPKtS1_EEmRS4_
        ffffffff _ZNSt6vectorItSaItEE6resizeEm
        ffffffff _ZNSt7__cxx1110_List_baseIN15google_breakpad12MappingEntryESaIS2_EE10_List_implC4Ev
        ffffffff _ZNSt7__cxx1110_List_baseIN15google_breakpad12MappingEntryESaIS2_EE11_M_get_nodeEv
        ffffffff _ZNSt7__cxx1110_List_baseIN15google_breakpad12MappingEntryESaIS2_EE11_M_inc_sizeEm
        ffffffff _ZNSt7__cxx1110_List_baseIN15google_breakpad12MappingEntryESaIS2_EE11_M_put_nodeEPSt10_List_nodeIS2_E
        ffffffff _ZNSt7__cxx1110_List_baseIN15google_breakpad12MappingEntryESaIS2_EE7_M_initEv
        ffffffff _ZNSt7__cxx1110_List_baseIN15google_breakpad12MappingEntryESaIS2_EE8_M_clearEv
        ffffffff _ZNSt7__cxx1110_List_baseIN15google_breakpad12MappingEntryESaIS2_EEC4Ev
        ffffffff _ZNSt7__cxx1110_List_baseIN15google_breakpad12MappingEntryESaIS2_EED4Ev
        ffffffff _ZNSt7__cxx1110_List_baseIN15google_breakpad9AppMemoryESaIS2_EE10_List_implC4Ev
        ffffffff _ZNSt7__cxx1110_List_baseIN15google_breakpad9AppMemoryESaIS2_EE11_M_dec_sizeEm
        ffffffff _ZNSt7__cxx1110_List_baseIN15google_breakpad9AppMemoryESaIS2_EE11_M_get_nodeEv
        ffffffff _ZNSt7__cxx1110_List_baseIN15google_breakpad9AppMemoryESaIS2_EE11_M_inc_sizeEm
        ffffffff _ZNSt7__cxx1110_List_baseIN15google_breakpad9AppMemoryESaIS2_EE11_M_put_nodeEPSt10_List_nodeIS2_E
        ffffffff _ZNSt7__cxx1110_List_baseIN15google_breakpad9AppMemoryESaIS2_EE7_M_initEv
        ffffffff _ZNSt7__cxx1110_List_baseIN15google_breakpad9AppMemoryESaIS2_EE8_M_clearEv
        ffffffff _ZNSt7__cxx1110_List_baseIN15google_breakpad9AppMemoryESaIS2_EEC4Ev
        ffffffff _ZNSt7__cxx1110_List_baseIN15google_breakpad9AppMemoryESaIS2_EED4Ev
        ffffffff _ZNSt7__cxx1112basic_stringIcSt11char_traitsIcESaIcEE10_M_destroyEm
        ffffffff _ZNSt7__cxx1112basic_stringIcSt11char_traitsIcESaIcEE10_M_disposeEv
        ffffffff _ZNSt7__cxx1112basic_stringIcSt11char_traitsIcESaIcEE11_M_capacityEm
        ffffffff _ZNSt7__cxx1112basic_stringIcSt11char_traitsIcESaIcEE12_Alloc_hiderC4EPcRKS3_
        ffffffff _ZNSt7__cxx1112basic_stringIcSt11char_traitsIcESaIcEE12_M_constructIPKcEEvT_S8_
        ffffffff _ZNSt7__cxx1112basic_stringIcSt11char_traitsIcESaIcEE12_M_constructIPKcEEvT_S8_St20forward_iterator_tag
        ffffffff _ZNSt7__cxx1112basic_stringIcSt11char_traitsIcESaIcEE12_M_constructIPcEEvT_S7_
        ffffffff _ZNSt7__cxx1112basic_stringIcSt11char_traitsIcESaIcEE12_M_constructIPcEEvT_S7_St20forward_iterator_tag
        ffffffff _ZNSt7__cxx1112basic_stringIcSt11char_traitsIcESaIcEE13_M_local_dataEv
        ffffffff _ZNSt7__cxx1112basic_stringIcSt11char_traitsIcESaIcEE13_M_set_lengthEm
        ffffffff _ZNSt7__cxx1112basic_stringIcSt11char_traitsIcESaIcEE13_S_copy_charsEPcPKcS7_
        ffffffff _ZNSt7__cxx1112basic_stringIcSt11char_traitsIcESaIcEE13_S_copy_charsEPcS5_S5_
        ffffffff _ZNSt7__cxx1112basic_stringIcSt11char_traitsIcESaIcEE16_M_construct_auxIPKcEEvT_S8_St12__false_type
        ffffffff _ZNSt7__cxx1112basic_stringIcSt11char_traitsIcESaIcEE16_M_construct_auxIPcEEvT_S7_St12__false_type
        ffffffff _ZNSt7__cxx1112basic_stringIcSt11char_traitsIcESaIcEE5clearEv
        ffffffff _ZNSt7__cxx1112basic_stringIcSt11char_traitsIcESaIcEE6appendEPKc
        ffffffff _ZNSt7__cxx1112basic_stringIcSt11char_traitsIcESaIcEE6assignERKS4_
        ffffffff _ZNSt7__cxx1112basic_stringIcSt11char_traitsIcESaIcEE7_M_dataEPc
        ffffffff _ZNSt7__cxx1112basic_stringIcSt11char_traitsIcESaIcEE7_S_copyEPcPKcm
        ffffffff _ZNSt7__cxx1112basic_stringIcSt11char_traitsIcESaIcEE9_M_lengthEm
        ffffffff _ZNSt7__cxx1112basic_stringIcSt11char_traitsIcESaIcEEC4EOS4_
        ffffffff _ZNSt7__cxx1112basic_stringIcSt11char_traitsIcESaIcEEC4EPKcRKS3_
        ffffffff _ZNSt7__cxx1112basic_stringIcSt11char_traitsIcESaIcEEC4ERKS4_
        ffffffff _ZNSt7__cxx1112basic_stringIcSt11char_traitsIcESaIcEEC4Ev
        ffffffff _ZNSt7__cxx1112basic_stringIcSt11char_traitsIcESaIcEED4Ev
        ffffffff _ZNSt7__cxx1112basic_stringIcSt11char_traitsIcESaIcEEaSEOS4_
        ffffffff _ZNSt7__cxx1112basic_stringIcSt11char_traitsIcESaIcEEaSERKS4_
        ffffffff _ZNSt7__cxx114listIN15google_breakpad12MappingEntryESaIS2_EE14_M_create_nodeIJRKS2_EEEPSt10_List_nodeIS2_EDpOT_
        ffffffff _ZNSt7__cxx114listIN15google_breakpad12MappingEntryESaIS2_EE3endEv
        ffffffff _ZNSt7__cxx114listIN15google_breakpad12MappingEntryESaIS2_EE9_M_insertIJRKS2_EEEvSt14_List_iteratorIS2_EDpOT_
        ffffffff _ZNSt7__cxx114listIN15google_breakpad12MappingEntryESaIS2_EE9push_backERKS2_
        ffffffff _ZNSt7__cxx114listIN15google_breakpad12MappingEntryESaIS2_EEC4Ev
        ffffffff _ZNSt7__cxx114listIN15google_breakpad12MappingEntryESaIS2_EED4Ev
        ffffffff _ZNSt7__cxx114listIN15google_breakpad9AppMemoryESaIS2_EE14_M_create_nodeIJRKS2_EEEPSt10_List_nodeIS2_EDpOT_
        ffffffff _ZNSt7__cxx114listIN15google_breakpad9AppMemoryESaIS2_EE3endEv
        ffffffff _ZNSt7__cxx114listIN15google_breakpad9AppMemoryESaIS2_EE5eraseESt20_List_const_iteratorIS2_E
        ffffffff _ZNSt7__cxx114listIN15google_breakpad9AppMemoryESaIS2_EE8_M_eraseESt14_List_iteratorIS2_E
        ffffffff _ZNSt7__cxx114listIN15google_breakpad9AppMemoryESaIS2_EE9_M_insertIJRKS2_EEEvSt14_List_iteratorIS2_EDpOT_
        ffffffff _ZNSt7__cxx114listIN15google_breakpad9AppMemoryESaIS2_EE9push_backERKS2_
        ffffffff _ZNSt7__cxx114listIN15google_breakpad9AppMemoryESaIS2_EEC4Ev
        ffffffff _ZNSt7__cxx114listIN15google_breakpad9AppMemoryESaIS2_EED4Ev
        ffffffff _ZSt10__distanceIPKhENSt15iterator_traitsIT_E15difference_typeES3_S3_St26random_access_iterator_tag
        ffffffff _ZSt10__fill_n_aIPtmtEN9__gnu_cxx11__enable_ifIXsrSt11__is_scalarIT1_E7__valueET_E6__typeES6_T0_RKS4_
        ffffffff _ZSt13__copy_move_aILb0EPKhPhET1_T0_S4_S3_
        ffffffff _ZSt13__copy_move_aILb1EPPN15google_breakpad16ExceptionHandlerES3_ET1_T0_S5_S4_
        ffffffff _ZSt13__copy_move_aILb1EPtS0_ET1_T0_S2_S1_
        ffffffff _ZSt13move_backwardIPhS0_ET0_T_S2_S1_
        ffffffff _ZSt14__copy_move_a2ILb0EPKhN9__gnu_cxx17__normal_iteratorIPhSt6vectorIhN15google_breakpad16PageStdAllocatorIhEEEEEET1_T0_SC_SB_
        ffffffff _ZSt14__copy_move_a2ILb1EN9__gnu_cxx17__normal_iteratorIPPN15google_breakpad16ExceptionHandlerESt6vectorIS4_SaIS4_EEEES9_ET1_T0_SB_SA_
        ffffffff _ZSt14__copy_move_a2ILb1EPPN15google_breakpad16ExceptionHandlerES3_ET1_T0_S5_S4_
        ffffffff _ZSt14__copy_move_a2ILb1EPtS0_ET1_T0_S2_S1_
        ffffffff _ZSt18uninitialized_copyISt13move_iteratorIPPN15google_breakpad16ExceptionHandlerEES4_ET0_T_S7_S6_
        ffffffff _ZSt18uninitialized_copyISt13move_iteratorIPtES1_ET0_T_S4_S3_
        ffffffff _ZSt20uninitialized_fill_nIPtmtET_S1_T0_RKT1_
        ffffffff _ZSt22__copy_move_backward_aILb1EPhS0_ET1_T0_S2_S1_
        ffffffff _ZSt22__uninitialized_copy_aIPKhPhN15google_breakpad16PageStdAllocatorIhEEET0_T_S7_S6_RT1_
        ffffffff _ZSt22__uninitialized_copy_aISt13move_iteratorIP18MDMemoryDescriptorES2_N15google_breakpad16PageStdAllocatorIS1_EEET0_T_S8_S7_RT1_
        ffffffff _ZSt22__uninitialized_copy_aISt13move_iteratorIPN15google_breakpad10ElfSegmentEES3_NS1_16PageStdAllocatorIS2_EEET0_T_S8_S7_RT1_
        ffffffff _ZSt22__uninitialized_copy_aISt13move_iteratorIPPN15google_breakpad11MappingInfoEES4_NS1_16PageStdAllocatorIS3_EEET0_T_S9_S8_RT1_
        ffffffff _ZSt22__uninitialized_copy_aISt13move_iteratorIPPN15google_breakpad16ExceptionHandlerEES4_S3_ET0_T_S7_S6_RSaIT1_E
        ffffffff _ZSt22__uninitialized_copy_aISt13move_iteratorIPcES1_N15google_breakpad16PageStdAllocatorIcEEET0_T_S7_S6_RT1_
        ffffffff _ZSt22__uninitialized_copy_aISt13move_iteratorIPhES1_N15google_breakpad16PageStdAllocatorIhEEET0_T_S7_S6_RT1_
        ffffffff _ZSt22__uninitialized_copy_aISt13move_iteratorIPiES1_N15google_breakpad16PageStdAllocatorIiEEET0_T_S7_S6_RT1_
        ffffffff _ZSt22__uninitialized_copy_aISt13move_iteratorIPmES1_N15google_breakpad16PageStdAllocatorImEEET0_T_S7_S6_RT1_
        ffffffff _ZSt22__uninitialized_copy_aISt13move_iteratorIPtES1_tET0_T_S4_S3_RSaIT1_E
        ffffffff _ZSt22__uninitialized_move_aIPhS0_N15google_breakpad16PageStdAllocatorIhEEET0_T_S5_S4_RT1_
        ffffffff _ZSt23__copy_move_backward_a2ILb1EPhS0_ET1_T0_S2_S1_
        ffffffff _ZSt24__uninitialized_fill_n_aIPtmttET_S1_T0_RKT1_RSaIT2_E
        ffffffff _ZSt25__uninitialized_default_nIPtmET_S1_T0_
        ffffffff _ZSt27__uninitialized_default_n_aIPcmN15google_breakpad16PageStdAllocatorIcEEET_S4_T0_RT1_
        ffffffff _ZSt27__uninitialized_default_n_aIPhmN15google_breakpad16PageStdAllocatorIhEEET_S4_T0_RT1_
        ffffffff _ZSt27__uninitialized_default_n_aIPimN15google_breakpad16PageStdAllocatorIiEEET_S4_T0_RT1_
        ffffffff _ZSt27__uninitialized_default_n_aIPmmN15google_breakpad16PageStdAllocatorImEEET_S4_T0_RT1_
        ffffffff _ZSt27__uninitialized_default_n_aIPtmtET_S1_T0_RSaIT1_E
        ffffffff _ZSt34__uninitialized_move_if_noexcept_aIP18MDMemoryDescriptorS1_N15google_breakpad16PageStdAllocatorIS0_EEET0_T_S6_S5_RT1_
        ffffffff _ZSt34__uninitialized_move_if_noexcept_aIPN15google_breakpad10ElfSegmentES2_NS0_16PageStdAllocatorIS1_EEET0_T_S6_S5_RT1_
        ffffffff _ZSt34__uninitialized_move_if_noexcept_aIPPN15google_breakpad11MappingInfoES3_NS0_16PageStdAllocatorIS2_EEET0_T_S7_S6_RT1_
        ffffffff _ZSt34__uninitialized_move_if_noexcept_aIPPN15google_breakpad16ExceptionHandlerES3_SaIS2_EET0_T_S6_S5_RT1_
        ffffffff _ZSt34__uninitialized_move_if_noexcept_aIPcS0_N15google_breakpad16PageStdAllocatorIcEEET0_T_S5_S4_RT1_
        ffffffff _ZSt34__uninitialized_move_if_noexcept_aIPhS0_N15google_breakpad16PageStdAllocatorIhEEET0_T_S5_S4_RT1_
        ffffffff _ZSt34__uninitialized_move_if_noexcept_aIPiS0_N15google_breakpad16PageStdAllocatorIiEEET0_T_S5_S4_RT1_
        ffffffff _ZSt34__uninitialized_move_if_noexcept_aIPmS0_N15google_breakpad16PageStdAllocatorImEEET0_T_S5_S4_RT1_
        ffffffff _ZSt34__uninitialized_move_if_noexcept_aIPtS0_SaItEET0_T_S3_S2_RT1_
        ffffffff _ZSt3maxImERKT_S2_S2_
        ffffffff _ZSt3minImERKT_S2_S2_
        ffffffff _ZSt4copyIPKhN9__gnu_cxx17__normal_iteratorIPhSt6vectorIhN15google_breakpad16PageStdAllocatorIhEEEEEET0_T_SC_SB_
        ffffffff _ZSt4copyISt13move_iteratorIPPN15google_breakpad16ExceptionHandlerEES4_ET0_T_S7_S6_
        ffffffff _ZSt4copyISt13move_iteratorIPtES1_ET0_T_S4_S3_
        ffffffff _ZSt4findIN9__gnu_cxx17__normal_iteratorIPPN15google_breakpad16ExceptionHandlerESt6vectorIS4_SaIS4_EEEES4_ET_SA_SA_RKT0_
        ffffffff _ZSt4findISt14_List_iteratorIN15google_breakpad9AppMemoryEEPvET_S5_S5_RKT0_
        ffffffff _ZSt4moveIN9__gnu_cxx17__normal_iteratorIPPN15google_breakpad16ExceptionHandlerESt6vectorIS4_SaIS4_EEEES9_ET0_T_SB_SA_
        ffffffff _ZSt6fill_nIPtmtET_S1_T0_RKT1_
        ffffffff _ZSt7advanceIPKhmEvRT_T0_
        ffffffff _ZSt8distanceIPKhENSt15iterator_traitsIT_E15difference_typeES3_S3_
        ffffffff _ZSt9__advanceIPKhlEvRT_T0_St26random_access_iterator_tag
        ffffffff _ZSt9__find_ifIN9__gnu_cxx17__normal_iteratorIPPN15google_breakpad16ExceptionHandlerESt6vectorIS4_SaIS4_EEEENS0_5__ops16_Iter_equals_valIKS4_EEET_SE_SE_T0_
        ffffffff _ZSt9__find_ifIN9__gnu_cxx17__normal_iteratorIPPN15google_breakpad16ExceptionHandlerESt6vectorIS4_SaIS4_EEEENS0_5__ops16_Iter_equals_valIKS4_EEET_SE_SE_T0_St26random_access_iterator_tag
        ffffffff _ZSt9__find_ifISt14_List_iteratorIN15google_breakpad9AppMemoryEEN9__gnu_cxx5__ops16_Iter_equals_valIKPvEEET_SA_SA_T0_
        ffffffff _ZSt9__find_ifISt14_List_iteratorIN15google_breakpad9AppMemoryEEN9__gnu_cxx5__ops16_Iter_equals_valIKPvEEET_SA_SA_T0_St18input_iterator_tag
        ffffffff _ZStplIcSt11char_traitsIcESaIcEENSt7__cxx1112basic_stringIT_T0_T1_EEOS8_PKS5_
        ffffffff _ZStplIcSt11char_traitsIcESaIcEENSt7__cxx1112basic_stringIT_T0_T1_EERKS8_PKS5_
        ffffffff _ZnwmRN15google_breakpad13PageAllocatorE
        ffffffff __bswap_32
        ffffffff bytes_to_hex_string
        ffffffff crash
        ffffffff isLegalUTF8
        ffffffff memcpy
        ffffffff memmove
        ffffffff memset
        ffffffff open
        ffffffff printf
        ffffffff read
        ffffffff set_minidump_size_limit
        ffffffff snprintf
        ffffffff start
        ffffffff strncpy
        ffffffff sys__gettid
        ffffffff sys_clone
        ffffffff sys_close
        ffffffff sys_fstat
        ffffffff sys_getdents
        ffffffff sys_getpid
        ffffffff sys_gettid
        ffffffff sys_lseek
        ffffffff sys_mmap
        ffffffff sys_munmap
        ffffffff sys_open
        ffffffff sys_pipe
        ffffffff sys_prctl
        ffffffff sys_ptrace
        ffffffff sys_read
        ffffffff sys_readlink
        ffffffff sys_sendmsg
        ffffffff sys_sigaltstack
        ffffffff sys_stat
        ffffffff sys_tgkill
        ffffffff sys_wait4
        ffffffff sys_waitpid
        ffffffff sys_write
        ffffffff ~MicrodumpWriter
        ffffffff ~MinidumpWriter

