---
source: symbolic-symcache/tests/test_cache.rs
expression: "&line_infos"

---
SourceLocationIter {
    cache: SymCache {
        version: 7,
        debug_id: DebugId {
            uuid: "67e9247c-814e-392b-a027-dbde6748fcbf",
            appendix: 0,
        },
        arch: Amd64,
        files: 36,
        functions: 639,
        source_locations: 6033,
        ranges: 4591,
        string_bytes: 42829,
    },
    source_location_idx: 6023,
}
