---
source: symbolic-symcache/tests/test_cache.rs
expression: result

---
[
    (
        "/Users/travis/build/getsentry/breakpad-tools/macos/main.cpp",
        21,
        Function {
            name: "_ZN12_GLOBAL__N_15crashEv",
            entry_pc: 4294967295,
            language: Cpp,
        },
    ),
    (
        "/Users/travis/build/getsentry/breakpad-tools/macos/main.cpp",
        25,
        Function {
            name: "_ZN12_GLOBAL__N_15startEv",
            entry_pc: 4294967295,
            language: Cpp,
        },
    ),
    (
        "/Users/travis/build/getsentry/breakpad-tools/macos/main.cpp",
        32,
        Function {
            name: "main",
            entry_pc: 56224,
            language: Cpp,
        },
    ),
]
